Archive member included because of file (symbol)

C:\Users\chris\AppData\Local\arduino15\packages\arduino\hardware\sam\1.6.11\variants\arduino_due_x/libsam_sam3x8e_gcc_rel.a(pio.o)
                              Wire\Wire.cpp.o (PIO_Configure)
C:\Users\chris\AppData\Local\arduino15\packages\arduino\hardware\sam\1.6.11\variants\arduino_due_x/libsam_sam3x8e_gcc_rel.a(pmc.o)
                              Wire\Wire.cpp.o (pmc_enable_periph_clk)
C:\Users\chris\AppData\Local\arduino15\packages\arduino\hardware\sam\1.6.11\variants\arduino_due_x/libsam_sam3x8e_gcc_rel.a(twi.o)
                              Wire\Wire.cpp.o (TWI_SetClock)
C:\Users\chris\AppData\Local\arduino15\packages\arduino\hardware\sam\1.6.11\variants\arduino_due_x/libsam_sam3x8e_gcc_rel.a(system_sam3xa.o)
                              C:\Users\chris\AppData\Local\Temp\VMBCore\arduino16x\fe3f83a7e80c02942d0516c7fa29c934\variant\variant.cpp.o (SystemInit)
C:\Users\chris\AppData\Local\arduino15\packages\arduino\hardware\sam\1.6.11\variants\arduino_due_x/libsam_sam3x8e_gcc_rel.a(startup_sam3xa.o)
                              (Reset_Handler)
C:\Users\chris\AppData\Local\arduino15\packages\arduino\hardware\sam\1.6.11\variants\arduino_due_x/libsam_sam3x8e_gcc_rel.a(adc.o)
                              C:\Users\chris\AppData\Local\Temp\VMBCore\arduino16x\fe3f83a7e80c02942d0516c7fa29c934\variant\variant.cpp.o (adc_init)
C:\Users\chris\AppData\Local\arduino15\packages\arduino\hardware\sam\1.6.11\variants\arduino_due_x/libsam_sam3x8e_gcc_rel.a(uotghs.o)
                              C:\Users\chris\AppData\Local\arduino15\packages\arduino\hardware\sam\1.6.11\variants\arduino_due_x/libsam_sam3x8e_gcc_rel.a(startup_sam3xa.o) (UOTGHS_Handler)
C:\Users\chris\AppData\Local\Temp\VMBuilds\Due\arduino_due_x_dbg\Debug/core.a(cortex_handlers.c.o)
                              C:\Users\chris\AppData\Local\arduino15\packages\arduino\hardware\sam\1.6.11\variants\arduino_due_x/libsam_sam3x8e_gcc_rel.a(startup_sam3xa.o) (NMI_Handler)
C:\Users\chris\AppData\Local\Temp\VMBuilds\Due\arduino_due_x_dbg\Debug/core.a(hooks.c.o)
                              C:\Users\chris\AppData\Local\Temp\VMBuilds\Due\arduino_due_x_dbg\Debug/core.a(cortex_handlers.c.o) (sysTickHook)
C:\Users\chris\AppData\Local\Temp\VMBuilds\Due\arduino_due_x_dbg\Debug/core.a(syscalls_sam3.c.o)
                              (_sbrk)
C:\Users\chris\AppData\Local\Temp\VMBuilds\Due\arduino_due_x_dbg\Debug/core.a(WInterrupts.c.o)
                              configuracion.cpp.o (attachInterrupt)
C:\Users\chris\AppData\Local\Temp\VMBuilds\Due\arduino_due_x_dbg\Debug/core.a(wiring.c.o)
                              configuracion.cpp.o (millis)
C:\Users\chris\AppData\Local\Temp\VMBuilds\Due\arduino_due_x_dbg\Debug/core.a(wiring_analog.c.o)
                              configuracion.cpp.o (analogWriteResolution)
C:\Users\chris\AppData\Local\Temp\VMBuilds\Due\arduino_due_x_dbg\Debug/core.a(wiring_digital.c.o)
                              configuracion.cpp.o (pinMode)
C:\Users\chris\AppData\Local\Temp\VMBuilds\Due\arduino_due_x_dbg\Debug/core.a(abi.cpp.o)
                              Wire\Wire.cpp.o (__cxa_pure_virtual)
C:\Users\chris\AppData\Local\Temp\VMBuilds\Due\arduino_due_x_dbg\Debug/core.a(main.cpp.o)
                              c:/users/chris/appdata/local/arduino15/packages/arduino/tools/arm-none-eabi-gcc/4.8.3-2014q1/bin/../lib/gcc/arm-none-eabi/4.8.3/../../../../arm-none-eabi/lib/armv7-m/crt0.o (main)
C:\Users\chris\AppData\Local\Temp\VMBuilds\Due\arduino_due_x_dbg\Debug/core.a(Print.cpp.o)
                              displayLCD.cpp.o (Print::write(unsigned char const*, unsigned int))
C:\Users\chris\AppData\Local\Temp\VMBuilds\Due\arduino_due_x_dbg\Debug/core.a(Reset.cpp.o)
                              C:\Users\chris\AppData\Local\Temp\VMBuilds\Due\arduino_due_x_dbg\Debug/core.a(cortex_handlers.c.o) (tickReset)
C:\Users\chris\AppData\Local\Temp\VMBuilds\Due\arduino_due_x_dbg\Debug/core.a(RingBuffer.cpp.o)
                              C:\Users\chris\AppData\Local\Temp\VMBCore\arduino16x\fe3f83a7e80c02942d0516c7fa29c934\variant\variant.cpp.o (RingBuffer::RingBuffer())
C:\Users\chris\AppData\Local\Temp\VMBuilds\Due\arduino_due_x_dbg\Debug/core.a(UARTClass.cpp.o)
                              C:\Users\chris\AppData\Local\Temp\VMBCore\arduino16x\fe3f83a7e80c02942d0516c7fa29c934\variant\variant.cpp.o (UARTClass::available())
C:\Users\chris\AppData\Local\Temp\VMBuilds\Due\arduino_due_x_dbg\Debug/core.a(USARTClass.cpp.o)
                              configuracion.cpp.o (USARTClass::begin(unsigned long))
C:\Users\chris\AppData\Local\Temp\VMBuilds\Due\arduino_due_x_dbg\Debug/core.a(watchdog.cpp.o)
                              C:\Users\chris\AppData\Local\Temp\VMBuilds\Due\arduino_due_x_dbg\Debug/core.a(main.cpp.o) (watchdogSetup())
C:\Users\chris\AppData\Local\Temp\VMBuilds\Due\arduino_due_x_dbg\Debug/core.a(WString.cpp.o)
[...]
Memory Configuration

Name             Origin             Length             Attributes
rom              0x00080000         0x00080000         xr
sram0            0x20000000         0x00010000         xrw
sram1            0x20080000         0x00008000         xrw
ram              0x20070000         0x00018000         xrw
*default*        0x00000000         0xffffffff

Linker script and memory map

LOAD c:/users/chris/appdata/local/arduino15/packages/arduino/tools/arm-none-eabi-gcc/4.8.3-2014q1/bin/../lib/gcc/arm-none-eabi/4.8.3/armv7-m/crti.o
LOAD c:/users/chris/appdata/local/arduino15/packages/arduino/tools/arm-none-eabi-gcc/4.8.3-2014q1/bin/../lib/gcc/arm-none-eabi/4.8.3/armv7-m/crtbegin.o
LOAD c:/users/chris/appdata/local/arduino15/packages/arduino/tools/arm-none-eabi-gcc/4.8.3-2014q1/bin/../lib/gcc/arm-none-eabi/4.8.3/../../../../arm-none-eabi/lib/armv7-m/crt0.o
START GROUP
LOAD Due.cpp.o
LOAD configuracion.cpp.o
LOAD displayLCD.cpp.o
LOAD estados.cpp.o
LOAD interrupciones.cpp.o
LOAD luces.cpp.o
LOAD reloj.cpp.o
LOAD wifi_i2c.cpp.o
LOAD Wire\Wire.cpp.o
LOAD LiquidCrystal_PCF8574\LiquidCrystal_PCF8574.cpp.o
LOAD C:\Users\chris\AppData\Local\Temp\VMBCore\arduino16x\fe3f83a7e80c02942d0516c7fa29c934\variant\variant.cpp.o
LOAD C:\Users\chris\AppData\Local\arduino15\packages\arduino\hardware\sam\1.6.11\variants\arduino_due_x/libsam_sam3x8e_gcc_rel.a
LOAD C:\Users\chris\AppData\Local\Temp\VMBuilds\Due\arduino_due_x_dbg\Debug/core.a
END GROUP
LOAD c:/users/chris/appdata/local/arduino15/packages/arduino/tools/arm-none-eabi-gcc/4.8.3-2014q1/bin/../lib/gcc/arm-none-eabi/4.8.3/../../../../arm-none-eabi/lib/armv7-m\libm.a
START GROUP
LOAD c:/users/chris/appdata/local/arduino15/packages/arduino/tools/arm-none-eabi-gcc/4.8.3-2014q1/bin/../lib/gcc/arm-none-eabi/4.8.3/armv7-m\libgcc.a
LOAD c:/users/chris/appdata/local/arduino15/packages/arduino/tools/arm-none-eabi-gcc/4.8.3-2014q1/bin/../lib/gcc/arm-none-eabi/4.8.3/../../../../arm-none-eabi/lib/armv7-m\libg.a
LOAD c:/users/chris/appdata/local/arduino15/packages/arduino/tools/arm-none-eabi-gcc/4.8.3-2014q1/bin/../lib/gcc/arm-none-eabi/4.8.3/../../../../arm-none-eabi/lib/armv7-m\libc.a
END GROUP
LOAD c:/users/chris/appdata/local/arduino15/packages/arduino/tools/arm-none-eabi-gcc/4.8.3-2014q1/bin/../lib/gcc/arm-none-eabi/4.8.3/armv7-m/crtend.o
LOAD c:/users/chris/appdata/local/arduino15/packages/arduino/tools/arm-none-eabi-gcc/4.8.3-2014q1/bin/../lib/gcc/arm-none-eabi/4.8.3/armv7-m/crtn.o

.text           0x00080000     0x8014
                0x00080000                . = ALIGN (0x4)
                0x00080000                _sfixed = .
 *(.vectors .vectors.*)
 .vectors       0x00080000       0xf4 C:\Users\chris\AppData\Local\arduino15\packages\arduino\hardware\sam\1.6.11\variants\arduino_due_x/libsam_sam3x8e_gcc_rel.a(startup_sam3xa.o)
                0x00080000                exception_table
 *(.text .text.* .gnu.linkonce.t.*)
 .text          0x000800f4       0x54 c:/users/chris/appdata/local/arduino15/packages/arduino/tools/arm-none-eabi-gcc/4.8.3-2014q1/bin/../lib/gcc/arm-none-eabi/4.8.3/armv7-m/crtbegin.o
 .text.setup    0x00080148       0x34 Due.cpp.o
                0x00080148                setup
 .text.loop     0x0008017c       0x18 Due.cpp.o
                0x0008017c                loop
 .text.startup._GLOBAL__sub_I_does
                0x00080194       0x20 Due.cpp.o
 .text._ZN16iniciar_declarar12dispositivosEv
                0x000801b4        0x6 configuracion.cpp.o
                0x000801b4                iniciar_declarar::dispositivos()
 *fill*         0x000801ba        0x2 
 .text._ZN16iniciar_declarar7outputsEv
                0x000801bc       0x58 configuracion.cpp.o
                0x000801bc                iniciar_declarar::outputs()
 .text._ZN16iniciar_declarar6inputsEv
                0x00080214       0x90 configuracion.cpp.o
                0x00080214                iniciar_declarar::inputs()
 .text._ZN14interrupciones4initEv
                0x000802a4       0x40 configuracion.cpp.o
                0x000802a4                interrupciones::init()
 .text._ZN14interrupciones14temporalizadorEmPmPFvvE
                0x000802e4       0x1e configuracion.cpp.o
                0x000802e4                interrupciones::temporalizador(unsigned long, unsigned long*, void (*)())
 *fill*         0x00080302        0x2 
 .text._ZN16iniciar_declarar6serialEv
                0x00080304       0x10 configuracion.cpp.o
                0x00080304                iniciar_declarar::serial()
 .text._ZN16iniciar_declarar9bluetoothEv
                0x00080314       0x78 configuracion.cpp.o
                0x00080314                iniciar_declarar::bluetooth()
 .text.__tcf_1  0x0008038c       0x1c displayLCD.cpp.o
 .text.__tcf_0  0x000803a8       0x1c displayLCD.cpp.o
 .text._ZN7displayC2Eh6Stringii
                0x000803c4       0x38 displayLCD.cpp.o
                0x000803c4                display::display(unsigned char, String, int, int)
                0x000803c4                display::display(unsigned char, String, int, int)
 .text._ZN7display13customCharALLEv
                0x000803fc       0x84 displayLCD.cpp.o
                0x000803fc                display::customCharALL()
 .text._ZN7display4initEv
                0x00080480       0x68 displayLCD.cpp.o
                0x00080480                display::init()
 .text._ZN7display8imprimirEii6String
                0x000804e8       0x1a displayLCD.cpp.o
                0x000804e8                display::imprimir(int, int, String)
 *fill*         0x00080502        0x2 
 .text._ZN7display6gotoxyEii
                0x00080504       0x30 displayLCD.cpp.o
                0x00080504                display::gotoxy(int, int)
 .text._ZN7display6brilloEm
                0x00080534       0x26 displayLCD.cpp.o
                0x00080534                display::brillo(unsigned long)
 *fill*         0x0008055a        0x2 
 .text._ZN7display8encenderEh
                0x0008055c       0xd8 displayLCD.cpp.o
                0x0008055c                display::encender(unsigned char)
 .text._ZN7display10printFechaEiiiiii
                0x00080634       0x5c displayLCD.cpp.o
                0x00080634                display::printFecha(int, int, int, int, int, int)
 .text._ZN7display9printHoraEiiiii
                0x00080690       0x4c displayLCD.cpp.o
                0x00080690                display::printHora(int, int, int, int, int)
 .text._ZN7display12printSimboloEiii
                0x000806dc       0x16 displayLCD.cpp.o
                0x000806dc                display::printSimbolo(int, int, int)
 .text._ZN7display5resetEv
                0x000806f2       0x26 displayLCD.cpp.o
                0x000806f2                display::reset()
 .text._ZN7display10printClimaEiiiii
                0x00080718       0x58 displayLCD.cpp.o
                0x00080718                display::printClima(int, int, int, int, int)
 .text._ZN7display7printBTEiib
                0x00080770       0x28 displayLCD.cpp.o
                0x00080770                display::printBT(int, int, bool)
 .text._ZN7display9printWiFiEiib
                0x00080798       0x28 displayLCD.cpp.o
                0x00080798                display::printWiFi(int, int, bool)
 .text._ZN7display11printBateryEiib
                0x000807c0       0x28 displayLCD.cpp.o
                0x000807c0                display::printBatery(int, int, bool)
 .text.startup._GLOBAL__sub_I_grados_c
                0x000807e8      0x138 displayLCD.cpp.o
 .text._ZN7displayD2Ev
                0x00080920       0x18 estados.cpp.o
                0x00080920                display::~display()
                0x00080920                display::~display()
 .text._ZN6estado4homeEv
                0x00080938      0x138 estados.cpp.o
                0x00080938                estado::home()
 .text._ZN6estado6configEv
                0x00080a70       0x34 estados.cpp.o
                0x00080a70                estado::config()
 .text._ZN6estado10permanenteEv
                0x00080aa4       0x1c estados.cpp.o
                0x00080aa4                estado::permanente()
 .text._ZN6estado13select_estadoEv
                0x00080ac0        0x2 estados.cpp.o
                0x00080ac0                estado::select_estado()
 *fill*         0x00080ac2        0x2 
 .text.startup._GLOBAL__sub_I_lcd
                0x00080ac4      0x118 estados.cpp.o
 .text._Z16i2c_interrupcionv
                0x00080bdc        0x2 interrupciones.cpp.o
                0x00080bdc                i2c_interrupcion()
 .text._Z17MQ_2_interrupcionv
                0x00080bde        0x2 interrupciones.cpp.o
                0x00080bde                MQ_2_interrupcion()
 .text._Z16pir_interrupcionv
                0x00080be0        0x2 interrupciones.cpp.o
                0x00080be0                pir_interrupcion()
 .text._Z9piezo_piphh
                0x00080be2       0x3e interrupciones.cpp.o
                0x00080be2                piezo_pip(unsigned char, unsigned char)
 .text._Z7erroresh
                0x00080c20       0x38 interrupciones.cpp.o
                0x00080c20                errores(unsigned char)
 .text._Z12requestEventv
                0x00080c58        0x2 wifi_i2c.cpp.o
                0x00080c58                requestEvent()
 *fill*         0x00080c5a        0x2 
 .text._ZN5wifiN7getHoraEv
                0x00080c5c        0xc wifi_i2c.cpp.o
                0x00080c5c                wifiN::getHora()
 .text._ZN5wifiN10getMinutosEv
                0x00080c68        0xc wifi_i2c.cpp.o
                0x00080c68                wifiN::getMinutos()
 .text._ZN5wifiN11getSegundosEv
                0x00080c74        0xc wifi_i2c.cpp.o
                0x00080c74                wifiN::getSegundos()
 .text._ZN5wifiN6getDiaEv
                0x00080c80        0xc wifi_i2c.cpp.o
                0x00080c80                wifiN::getDia()
 .text._ZN5wifiN7getDiaSEv
                0x00080c8c        0xc wifi_i2c.cpp.o
                0x00080c8c                wifiN::getDiaS()
 .text._ZN5wifiN6getMesEv
                0x00080c98        0xc wifi_i2c.cpp.o
                0x00080c98                wifiN::getMes()
 .text._ZN5wifiN7getAnioEv
                0x00080ca4        0xc wifi_i2c.cpp.o
                0x00080ca4                wifiN::getAnio()
 .text._ZN5wifiN10getCelsiusEv
                0x00080cb0        0xc wifi_i2c.cpp.o
                0x00080cb0                wifiN::getCelsius()
 .text._ZN5wifiN10getHumedadEv
                0x00080cbc        0xc wifi_i2c.cpp.o
                0x00080cbc                wifiN::getHumedad()
 .text._ZN5wifiN6getHICEv
                0x00080cc8        0xc wifi_i2c.cpp.o
                0x00080cc8                wifiN::getHIC()
 .text._ZN5wifiN7getBtEnEv
                0x00080cd4        0xc wifi_i2c.cpp.o
                0x00080cd4                wifiN::getBtEn()
 .text._ZN5wifiN7getDoorEv
                0x00080ce0        0xc wifi_i2c.cpp.o
                0x00080ce0                wifiN::getDoor()
 .text._ZN5wifiN7getWifiEv
                0x00080cec        0xc wifi_i2c.cpp.o
                0x00080cec                wifiN::getWifi()
 .text._ZN5wifiN5resetEv
                0x00080cf8       0x3a wifi_i2c.cpp.o
                0x00080cf8                wifiN::reset()
 *fill*         0x00080d32        0x2 
 .text._ZN5wifiN6configEv
                0x00080d34       0x34 wifi_i2c.cpp.o
                0x00080d34                wifiN::config()
 .text._Z12receiveEventi
                0x00080d68      0x1e4 wifi_i2c.cpp.o
                0x00080d68                receiveEvent(int)
 .text._ZN7TwoWire5writeEPKhj
                0x00080f4c       0x50 Wire\Wire.cpp.o
                0x00080f4c                TwoWire::write(unsigned char const*, unsigned int)
 .text._ZN7TwoWire9availableEv
                0x00080f9c        0xc Wire\Wire.cpp.o
                0x00080f9c                TwoWire::available()
 .text._ZN7TwoWire4readEv
                0x00080fa8       0x1e Wire\Wire.cpp.o
                0x00080fa8                TwoWire::read()
 .text._ZN7TwoWire4peekEv
                0x00080fc6       0x16 Wire\Wire.cpp.o
                0x00080fc6                TwoWire::peek()
 .text._ZN7TwoWire5flushEv
                0x00080fdc        0x2 Wire\Wire.cpp.o
                0x00080fdc                TwoWire::flush()
 .text._ZN7TwoWire5writeEh
                0x00080fde       0x3a Wire\Wire.cpp.o
                0x00080fde                TwoWire::write(unsigned char)
 .text._ZL16TWI_WaitByteSentP3Twim.constprop.3
                0x00081018       0x2c Wire\Wire.cpp.o
 .text._ZL24TWI_WaitTransferCompleteP3Twim.constprop.4
                0x00081044       0x2c Wire\Wire.cpp.o
 .text._ZL9Wire_Initv
                0x00081070       0x54 Wire\Wire.cpp.o
 .text._ZL12Wire1_Deinitv
                0x000810c4       0x18 Wire\Wire.cpp.o
 .text._ZL11Wire_Deinitv
                0x000810dc       0x18 Wire\Wire.cpp.o
 .text._ZL10Wire1_Initv
                0x000810f4       0x54 Wire\Wire.cpp.o
 .text._ZN7TwoWireC2EP3TwiPFvvES3_
                0x00081148       0x48 Wire\Wire.cpp.o
                0x00081148                TwoWire::TwoWire(Twi*, void (*)(), void (*)())
                0x00081148                TwoWire::TwoWire(Twi*, void (*)(), void (*)())
 .text._ZN7TwoWire5beginEv
                0x00081190       0x30 Wire\Wire.cpp.o
                0x00081190                TwoWire::begin()
 .text._ZN7TwoWire5beginEh
                0x000811c0       0x34 Wire\Wire.cpp.o
                0x000811c0                TwoWire::begin(unsigned char)
 .text._ZN7TwoWire5beginEi
                0x000811f4        0x6 Wire\Wire.cpp.o
                0x000811f4                TwoWire::begin(int)
 .text._ZN7TwoWire17beginTransmissionEh
                0x000811fa       0x12 Wire\Wire.cpp.o
                0x000811fa                TwoWire::beginTransmission(unsigned char)
 .text._ZN7TwoWire17beginTransmissionEi
                0x0008120c       0x12 Wire\Wire.cpp.o
                0x0008120c                TwoWire::beginTransmission(int)
 .text._ZN7TwoWire15endTransmissionEh
                0x0008121e       0x82 Wire\Wire.cpp.o
                0x0008121e                TwoWire::endTransmission(unsigned char)
 .text._ZN7TwoWire15endTransmissionEv
                0x000812a0        0x6 Wire\Wire.cpp.o
                0x000812a0                TwoWire::endTransmission()
 .text._ZN7TwoWire9onReceiveEPFviE
                0x000812a6        0x4 Wire\Wire.cpp.o
                0x000812a6                TwoWire::onReceive(void (*)(int))
 .text._ZN7TwoWire9onRequestEPFvvE
                0x000812aa        0x4 Wire\Wire.cpp.o
                0x000812aa                TwoWire::onRequest(void (*)())
 .text._ZN7TwoWire9onServiceEv
                0x000812ae      0x118 Wire\Wire.cpp.o
                0x000812ae                TwoWire::onService()
 *fill*         0x000813c6        0x2 
 .text.TWI1_Handler
                0x000813c8        0xc Wire\Wire.cpp.o
                0x000813c8                TWI1_Handler
 .text.TWI0_Handler
                0x000813d4        0xc Wire\Wire.cpp.o
                0x000813d4                TWI0_Handler
 .text.startup._GLOBAL__sub_I__ZN7TwoWireC2EP3TwiPFvvES3_
                0x000813e0       0x40 Wire\Wire.cpp.o
 .text._ZN21LiquidCrystal_PCF8574C2Eh
                0x00081420       0x14 LiquidCrystal_PCF8574\LiquidCrystal_PCF8574.cpp.o
                0x00081420                LiquidCrystal_PCF8574::LiquidCrystal_PCF8574(unsigned char)
                0x00081420                LiquidCrystal_PCF8574::LiquidCrystal_PCF8574(unsigned char)
 .text._ZN21LiquidCrystal_PCF857411_write2WireEhhh
                0x00081434       0x3c LiquidCrystal_PCF8574\LiquidCrystal_PCF8574.cpp.o
                0x00081434                LiquidCrystal_PCF8574::_write2Wire(unsigned char, unsigned char, unsigned char)
 .text._ZN21LiquidCrystal_PCF857412setBacklightEh
                0x00081470        0xc LiquidCrystal_PCF8574\LiquidCrystal_PCF8574.cpp.o
                0x00081470                LiquidCrystal_PCF8574::setBacklight(unsigned char)
 .text._ZN21LiquidCrystal_PCF857411_sendNibbleEhh
                0x0008147c       0x2e LiquidCrystal_PCF8574\LiquidCrystal_PCF8574.cpp.o
                0x0008147c                LiquidCrystal_PCF8574::_sendNibble(unsigned char, unsigned char)
 .text._ZN21LiquidCrystal_PCF85745_sendEhh
                0x000814aa       0x1e LiquidCrystal_PCF8574\LiquidCrystal_PCF8574.cpp.o
                0x000814aa                LiquidCrystal_PCF8574::_send(unsigned char, unsigned char)
 .text._ZN21LiquidCrystal_PCF85748_commandEh
                0x000814c8        0x6 LiquidCrystal_PCF8574\LiquidCrystal_PCF8574.cpp.o
                0x000814c8                LiquidCrystal_PCF8574::_command(unsigned char)
 .text._ZN21LiquidCrystal_PCF85745clearEv
                0x000814ce       0x14 LiquidCrystal_PCF8574\LiquidCrystal_PCF8574.cpp.o
                0x000814ce                LiquidCrystal_PCF8574::clear()
 .text._ZN21LiquidCrystal_PCF85744homeEv
                0x000814e2       0x14 LiquidCrystal_PCF8574\LiquidCrystal_PCF8574.cpp.o
                0x000814e2                LiquidCrystal_PCF8574::home()
 *fill*         0x000814f6        0x2 
 .text._ZN21LiquidCrystal_PCF85749setCursorEhh
                0x000814f8       0x40 LiquidCrystal_PCF8574\LiquidCrystal_PCF8574.cpp.o
                0x000814f8                LiquidCrystal_PCF8574::setCursor(unsigned char, unsigned char)
 .text._ZN21LiquidCrystal_PCF85747displayEv
                0x00081538       0x14 LiquidCrystal_PCF8574\LiquidCrystal_PCF8574.cpp.o
                0x00081538                LiquidCrystal_PCF8574::display()
 .text._ZN21LiquidCrystal_PCF85748noCursorEv
                0x0008154c       0x14 LiquidCrystal_PCF8574\LiquidCrystal_PCF8574.cpp.o
                0x0008154c                LiquidCrystal_PCF8574::noCursor()
 .text._ZN21LiquidCrystal_PCF85747noBlinkEv
                0x00081560       0x14 LiquidCrystal_PCF8574\LiquidCrystal_PCF8574.cpp.o
                0x00081560                LiquidCrystal_PCF8574::noBlink()
 .text._ZN21LiquidCrystal_PCF857410createCharEhPh
                0x00081574       0x28 LiquidCrystal_PCF8574\LiquidCrystal_PCF8574.cpp.o
                0x00081574                LiquidCrystal_PCF8574::createChar(unsigned char, unsigned char*)
 .text._ZN21LiquidCrystal_PCF85745writeEh
                0x0008159c        0xc LiquidCrystal_PCF8574\LiquidCrystal_PCF8574.cpp.o
                0x0008159c                LiquidCrystal_PCF8574::write(unsigned char)
 .text._ZN21LiquidCrystal_PCF85745beginEhhh
                0x000815a8       0xb0 LiquidCrystal_PCF8574\LiquidCrystal_PCF8574.cpp.o
                0x000815a8                LiquidCrystal_PCF8574::begin(unsigned char, unsigned char, unsigned char)
 .text._Z11serialEventv
                0x00081658        0x2 C:\Users\chris\AppData\Local\Temp\VMBCore\arduino16x\fe3f83a7e80c02942d0516c7fa29c934\variant\variant.cpp.o
                0x00081658                serialEvent()
 *fill*         0x0008165a        0x2 
 .text.UART_Handler
                0x0008165c        0xc C:\Users\chris\AppData\Local\Temp\VMBCore\arduino16x\fe3f83a7e80c02942d0516c7fa29c934\variant\variant.cpp.o
                0x0008165c                UART_Handler
 .text._Z12serialEvent1v
                0x00081668        0x2 C:\Users\chris\AppData\Local\Temp\VMBCore\arduino16x\fe3f83a7e80c02942d0516c7fa29c934\variant\variant.cpp.o
                0x00081668                serialEvent1()
 .text._Z12serialEvent2v
                0x0008166a        0x2 C:\Users\chris\AppData\Local\Temp\VMBCore\arduino16x\fe3f83a7e80c02942d0516c7fa29c934\variant\variant.cpp.o
                0x0008166a                serialEvent2()
 .text._Z12serialEvent3v
                0x0008166c        0x2 C:\Users\chris\AppData\Local\Temp\VMBCore\arduino16x\fe3f83a7e80c02942d0516c7fa29c934\variant\variant.cpp.o
                0x0008166c                serialEvent3()
 *fill*         0x0008166e        0x2 
 .text.USART0_Handler
                0x00081670        0xc C:\Users\chris\AppData\Local\Temp\VMBCore\arduino16x\fe3f83a7e80c02942d0516c7fa29c934\variant\variant.cpp.o
                0x00081670                USART0_Handler
 .text.USART1_Handler
                0x0008167c        0xc C:\Users\chris\AppData\Local\Temp\VMBCore\arduino16x\fe3f83a7e80c02942d0516c7fa29c934\variant\variant.cpp.o
                0x0008167c                USART1_Handler
 .text.USART3_Handler
                0x00081688        0xc C:\Users\chris\AppData\Local\Temp\VMBCore\arduino16x\fe3f83a7e80c02942d0516c7fa29c934\variant\variant.cpp.o
                0x00081688                USART3_Handler
 .text.init     0x00081694      0x128 C:\Users\chris\AppData\Local\Temp\VMBCore\arduino16x\fe3f83a7e80c02942d0516c7fa29c934\variant\variant.cpp.o
                0x00081694                init
 .text.startup._GLOBAL__sub_I_g_APinDescription
                0x000817bc       0xd4 C:\Users\chris\AppData\Local\Temp\VMBCore\arduino16x\fe3f83a7e80c02942d0516c7fa29c934\variant\variant.cpp.o
 .text._Z14serialEventRunv
                0x00081890       0x44 C:\Users\chris\AppData\Local\Temp\VMBCore\arduino16x\fe3f83a7e80c02942d0516c7fa29c934\variant\variant.cpp.o
                0x00081890                serialEventRun()
 .text.PIO_PullUp
                0x000818d4        0xa C:\Users\chris\AppData\Local\arduino15\packages\arduino\hardware\sam\1.6.11\variants\arduino_due_x/libsam_sam3x8e_gcc_rel.a(pio.o)
                0x000818d4                PIO_PullUp
 .text.PIO_SetPeripheral
                0x000818de       0x26 C:\Users\chris\AppData\Local\arduino15\packages\arduino\hardware\sam\1.6.11\variants\arduino_due_x/libsam_sam3x8e_gcc_rel.a(pio.o)
                0x000818de                PIO_SetPeripheral
 .text.PIO_SetInput
                0x00081904       0x26 C:\Users\chris\AppData\Local\arduino15\packages\arduino\hardware\sam\1.6.11\variants\arduino_due_x/libsam_sam3x8e_gcc_rel.a(pio.o)
                0x00081904                PIO_SetInput
 .text.PIO_SetOutput
                0x0008192a       0x24 C:\Users\chris\AppData\Local\arduino15\packages\arduino\hardware\sam\1.6.11\variants\arduino_due_x/libsam_sam3x8e_gcc_rel.a(pio.o)
                0x0008192a                PIO_SetOutput
 *fill*         0x0008194e        0x2 
 .text.PIO_Configure
                0x00081950       0x64 C:\Users\chris\AppData\Local\arduino15\packages\arduino\hardware\sam\1.6.11\variants\arduino_due_x/libsam_sam3x8e_gcc_rel.a(pio.o)
                0x00081950                PIO_Configure
 .text.PIO_GetOutputDataStatus
                0x000819b4       0x14 C:\Users\chris\AppData\Local\arduino15\packages\arduino\hardware\sam\1.6.11\variants\arduino_due_x/libsam_sam3x8e_gcc_rel.a(pio.o)
                0x000819b4                PIO_GetOutputDataStatus
 .text.pmc_enable_upll_clock
                0x000819c8       0x14 C:\Users\chris\AppData\Local\arduino15\packages\arduino\hardware\sam\1.6.11\variants\arduino_due_x/libsam_sam3x8e_gcc_rel.a(pmc.o)
                0x000819c8                pmc_enable_upll_clock
 .text.pmc_enable_periph_clk
                0x000819dc       0x44 C:\Users\chris\AppData\Local\arduino15\packages\arduino\hardware\sam\1.6.11\variants\arduino_due_x/libsam_sam3x8e_gcc_rel.a(pmc.o)
                0x000819dc                pmc_enable_periph_clk
 .text.pmc_disable_periph_clk
                0x00081a20       0x40 C:\Users\chris\AppData\Local\arduino15\packages\arduino\hardware\sam\1.6.11\variants\arduino_due_x/libsam_sam3x8e_gcc_rel.a(pmc.o)
                0x00081a20                pmc_disable_periph_clk
 .text.pmc_switch_udpck_to_upllck
                0x00081a60       0x14 C:\Users\chris\AppData\Local\arduino15\packages\arduino\hardware\sam\1.6.11\variants\arduino_due_x/libsam_sam3x8e_gcc_rel.a(pmc.o)
                0x00081a60                pmc_switch_udpck_to_upllck
 .text.pmc_enable_udpck
                0x00081a74        0xc C:\Users\chris\AppData\Local\arduino15\packages\arduino\hardware\sam\1.6.11\variants\arduino_due_x/libsam_sam3x8e_gcc_rel.a(pmc.o)
                0x00081a74                pmc_enable_udpck
 .text.TWI_SetClock
                0x00081a80       0x58 C:\Users\chris\AppData\Local\arduino15\packages\arduino\hardware\sam\1.6.11\variants\arduino_due_x/libsam_sam3x8e_gcc_rel.a(twi.o)
                0x00081a80                TWI_SetClock
 .text.TWI_Disable
                0x00081ad8       0x2c C:\Users\chris\AppData\Local\arduino15\packages\arduino\hardware\sam\1.6.11\variants\arduino_due_x/libsam_sam3x8e_gcc_rel.a(twi.o)
                0x00081ad8                TWI_Disable
 .text.TWI_ConfigureMaster
                0x00081b04       0x48 C:\Users\chris\AppData\Local\arduino15\packages\arduino\hardware\sam\1.6.11\variants\arduino_due_x/libsam_sam3x8e_gcc_rel.a(twi.o)
                0x00081b04                TWI_ConfigureMaster
 .text.TWI_ConfigureSlave
                0x00081b4c       0x44 C:\Users\chris\AppData\Local\arduino15\packages\arduino\hardware\sam\1.6.11\variants\arduino_due_x/libsam_sam3x8e_gcc_rel.a(twi.o)
                0x00081b4c                TWI_ConfigureSlave
 .text.TWI_Stop
                0x00081b90       0x28 C:\Users\chris\AppData\Local\arduino15\packages\arduino\hardware\sam\1.6.11\variants\arduino_due_x/libsam_sam3x8e_gcc_rel.a(twi.o)
                0x00081b90                TWI_Stop
 .text.TWI_ReadByte
                0x00081bb8       0x28 C:\Users\chris\AppData\Local\arduino15\packages\arduino\hardware\sam\1.6.11\variants\arduino_due_x/libsam_sam3x8e_gcc_rel.a(twi.o)
                0x00081bb8                TWI_ReadByte
 .text.TWI_WriteByte
                0x00081be0       0x24 C:\Users\chris\AppData\Local\arduino15\packages\arduino\hardware\sam\1.6.11\variants\arduino_due_x/libsam_sam3x8e_gcc_rel.a(twi.o)
                0x00081be0                TWI_WriteByte
 .text.TWI_StartWrite
                0x00081c04       0x7c C:\Users\chris\AppData\Local\arduino15\packages\arduino\hardware\sam\1.6.11\variants\arduino_due_x/libsam_sam3x8e_gcc_rel.a(twi.o)
                0x00081c04                TWI_StartWrite
 .text.TWI_EnableIt
                0x00081c80       0x40 C:\Users\chris\AppData\Local\arduino15\packages\arduino\hardware\sam\1.6.11\variants\arduino_due_x/libsam_sam3x8e_gcc_rel.a(twi.o)
                0x00081c80                TWI_EnableIt
 .text.TWI_DisableIt
                0x00081cc0       0x40 C:\Users\chris\AppData\Local\arduino15\packages\arduino\hardware\sam\1.6.11\variants\arduino_due_x/libsam_sam3x8e_gcc_rel.a(twi.o)
                0x00081cc0                TWI_DisableIt
 .text.TWI_GetStatus
                0x00081d00       0x28 C:\Users\chris\AppData\Local\arduino15\packages\arduino\hardware\sam\1.6.11\variants\arduino_due_x/libsam_sam3x8e_gcc_rel.a(twi.o)
                0x00081d00                TWI_GetStatus
 .text.SystemInit
                0x00081d28       0x88 C:\Users\chris\AppData\Local\arduino15\packages\arduino\hardware\sam\1.6.11\variants\arduino_due_x/libsam_sam3x8e_gcc_rel.a(system_sam3xa.o)
                0x00081d28                SystemInit
 .text.Reset_Handler
                0x00081db0       0x78 C:\Users\chris\AppData\Local\arduino15\packages\arduino\hardware\sam\1.6.11\variants\arduino_due_x/libsam_sam3x8e_gcc_rel.a(startup_sam3xa.o)
                0x00081db0                Reset_Handler
 .text.adc_init
                0x00081e28       0x98 C:\Users\chris\AppData\Local\arduino15\packages\arduino\hardware\sam\1.6.11\variants\arduino_due_x/libsam_sam3x8e_gcc_rel.a(adc.o)
                0x00081e28                adc_init
 .text.adc_configure_trigger
                0x00081ec0        0xe C:\Users\chris\AppData\Local\arduino15\packages\arduino\hardware\sam\1.6.11\variants\arduino_due_x/libsam_sam3x8e_gcc_rel.a(adc.o)
                0x00081ec0                adc_configure_trigger
 .text.adc_configure_timing
                0x00081ece       0x1a C:\Users\chris\AppData\Local\arduino15\packages\arduino\hardware\sam\1.6.11\variants\arduino_due_x/libsam_sam3x8e_gcc_rel.a(adc.o)
                0x00081ece                adc_configure_timing
 .text.adc_disable_channel
                0x00081ee8        0xa C:\Users\chris\AppData\Local\arduino15\packages\arduino\hardware\sam\1.6.11\variants\arduino_due_x/libsam_sam3x8e_gcc_rel.a(adc.o)
                0x00081ee8                adc_disable_channel
 .text.adc_disable_all_channel
                0x00081ef2        0x8 C:\Users\chris\AppData\Local\arduino15\packages\arduino\hardware\sam\1.6.11\variants\arduino_due_x/libsam_sam3x8e_gcc_rel.a(adc.o)
                0x00081ef2                adc_disable_all_channel
 .text.adc_disable_interrupt
                0x00081efa        0x4 C:\Users\chris\AppData\Local\arduino15\packages\arduino\hardware\sam\1.6.11\variants\arduino_due_x/libsam_sam3x8e_gcc_rel.a(adc.o)
                0x00081efa                adc_disable_interrupt
 *fill*         0x00081efe        0x2 
 .text.UOTGHS_Handler
                0x00081f00       0x10 C:\Users\chris\AppData\Local\arduino15\packages\arduino\hardware\sam\1.6.11\variants\arduino_due_x/libsam_sam3x8e_gcc_rel.a(uotghs.o)
                0x00081f00                UOTGHS_Handler
 .text.__halt   0x00081f10        0x2 C:\Users\chris\AppData\Local\Temp\VMBuilds\Due\arduino_due_x_dbg\Debug/core.a(cortex_handlers.c.o)
                0x00081f10                DACC_Handler
                0x00081f10                DebugMon_Handler
                0x00081f10                DMAC_Handler
                0x00081f10                TRNG_Handler
                0x00081f10                HardFault_Handler
                0x00081f10                TC2_Handler
                0x00081f10                NMI_Handler
                0x00081f10                TC7_Handler
                0x00081f10                ADC_Handler
                0x00081f10                SMC_Handler
                0x00081f10                RTT_Handler
                0x00081f10                EFC1_Handler
                0x00081f10                RTC_Handler
                0x00081f10                UsageFault_Handler
                0x00081f10                TC6_Handler
                0x00081f10                WDT_Handler
                0x00081f10                CAN0_Handler
                0x00081f10                TC4_Handler
                0x00081f10                TC1_Handler
                0x00081f10                HSMCI_Handler
                0x00081f10                TC3_Handler
                0x00081f10                SSC_Handler
                0x00081f10                EFC0_Handler
                0x00081f10                PMC_Handler
                0x00081f10                PWM_Handler
                0x00081f10                CAN1_Handler
                0x00081f10                MemManage_Handler
                0x00081f10                SUPC_Handler
                0x00081f10                TC8_Handler
                0x00081f10                USART2_Handler
                0x00081f10                EMAC_Handler
                0x00081f10                BusFault_Handler
                0x00081f10                RSTC_Handler
                0x00081f10                TC0_Handler
                0x00081f10                TC5_Handler
                0x00081f10                SPI0_Handler
 .text.SVC_Handler
                0x00081f12        0x4 C:\Users\chris\AppData\Local\Temp\VMBuilds\Due\arduino_due_x_dbg\Debug/core.a(cortex_handlers.c.o)
                0x00081f12                SVC_Handler
 .text.PendSV_Handler
                0x00081f16        0x4 C:\Users\chris\AppData\Local\Temp\VMBuilds\Due\arduino_due_x_dbg\Debug/core.a(cortex_handlers.c.o)
                0x00081f16                PendSV_Handler
 .text.SysTick_Handler
                0x00081f1a       0x16 C:\Users\chris\AppData\Local\Temp\VMBuilds\Due\arduino_due_x_dbg\Debug/core.a(cortex_handlers.c.o)
                0x00081f1a                SysTick_Handler
 .text.__empty  0x00081f30        0x2 C:\Users\chris\AppData\Local\Temp\VMBuilds\Due\arduino_due_x_dbg\Debug/core.a(hooks.c.o)
                0x00081f30                yield
 .text.__false  0x00081f32        0x4 C:\Users\chris\AppData\Local\Temp\VMBuilds\Due\arduino_due_x_dbg\Debug/core.a(hooks.c.o)
                0x00081f32                sysTickHook
 .text.__halt   0x00081f36        0x2 C:\Users\chris\AppData\Local\Temp\VMBuilds\Due\arduino_due_x_dbg\Debug/core.a(hooks.c.o)
                0x00081f36                svcHook
                0x00081f36                pendSVHook
 .text._sbrk    0x00081f38       0x1c C:\Users\chris\AppData\Local\Temp\VMBuilds\Due\arduino_due_x_dbg\Debug/core.a(syscalls_sam3.c.o)
                0x00081f38                _sbrk
 .text.link     0x00081f54        0x6 C:\Users\chris\AppData\Local\Temp\VMBuilds\Due\arduino_due_x_dbg\Debug/core.a(syscalls_sam3.c.o)
                0x00081f54                link
 .text._close   0x00081f5a        0x6 C:\Users\chris\AppData\Local\Temp\VMBuilds\Due\arduino_due_x_dbg\Debug/core.a(syscalls_sam3.c.o)
                0x00081f5a                _close
 .text._fstat   0x00081f60        0xa C:\Users\chris\AppData\Local\Temp\VMBuilds\Due\arduino_due_x_dbg\Debug/core.a(syscalls_sam3.c.o)
                0x00081f60                _fstat
 .text._isatty  0x00081f6a        0x4 C:\Users\chris\AppData\Local\Temp\VMBuilds\Due\arduino_due_x_dbg\Debug/core.a(syscalls_sam3.c.o)
                0x00081f6a                _isatty
 .text._lseek   0x00081f6e        0x4 C:\Users\chris\AppData\Local\Temp\VMBuilds\Due\arduino_due_x_dbg\Debug/core.a(syscalls_sam3.c.o)
                0x00081f6e                _lseek
 .text._read    0x00081f72        0x4 C:\Users\chris\AppData\Local\Temp\VMBuilds\Due\arduino_due_x_dbg\Debug/core.a(syscalls_sam3.c.o)
                0x00081f72                _read
 *fill*         0x00081f76        0x2 
 .text._write   0x00081f78       0x24 C:\Users\chris\AppData\Local\Temp\VMBuilds\Due\arduino_due_x_dbg\Debug/core.a(syscalls_sam3.c.o)
                0x00081f78                _write
 .text._exit    0x00081f9c       0x10 C:\Users\chris\AppData\Local\Temp\VMBuilds\Due\arduino_due_x_dbg\Debug/core.a(syscalls_sam3.c.o)
                0x00081f9c                _exit
 .text._kill    0x00081fac        0x2 C:\Users\chris\AppData\Local\Temp\VMBuilds\Due\arduino_due_x_dbg\Debug/core.a(syscalls_sam3.c.o)
                0x00081fac                _kill
 .text._getpid  0x00081fae        0x6 C:\Users\chris\AppData\Local\Temp\VMBuilds\Due\arduino_due_x_dbg\Debug/core.a(syscalls_sam3.c.o)
                0x00081fae                _getpid
 .text.attachInterrupt
                0x00081fb4      0x148 C:\Users\chris\AppData\Local\Temp\VMBuilds\Due\arduino_due_x_dbg\Debug/core.a(WInterrupts.c.o)
                0x00081fb4                attachInterrupt
 .text.PIOA_Handler
                0x000820fc       0x38 C:\Users\chris\AppData\Local\Temp\VMBuilds\Due\arduino_due_x_dbg\Debug/core.a(WInterrupts.c.o)
                0x000820fc                PIOA_Handler
 .text.PIOB_Handler
                0x00082134       0x38 C:\Users\chris\AppData\Local\Temp\VMBuilds\Due\arduino_due_x_dbg\Debug/core.a(WInterrupts.c.o)
                0x00082134                PIOB_Handler
 .text.PIOC_Handler
                0x0008216c       0x38 C:\Users\chris\AppData\Local\Temp\VMBuilds\Due\arduino_due_x_dbg\Debug/core.a(WInterrupts.c.o)
                0x0008216c                PIOC_Handler
 .text.PIOD_Handler
                0x000821a4       0x38 C:\Users\chris\AppData\Local\Temp\VMBuilds\Due\arduino_due_x_dbg\Debug/core.a(WInterrupts.c.o)
                0x000821a4                PIOD_Handler
 .text.millis   0x000821dc        0x4 C:\Users\chris\AppData\Local\Temp\VMBuilds\Due\arduino_due_x_dbg\Debug/core.a(wiring.c.o)
                0x000821dc                millis
 .text.delay    0x000821e0       0x1c C:\Users\chris\AppData\Local\Temp\VMBuilds\Due\arduino_due_x_dbg\Debug/core.a(wiring.c.o)
                0x000821e0                delay
 .text.mapResolution
                0x000821fc       0x12 C:\Users\chris\AppData\Local\Temp\VMBuilds\Due\arduino_due_x_dbg\Debug/core.a(wiring_analog.c.o)
 *fill*         0x0008220e        0x2 
 .text.analogWriteResolution
                0x00082210        0xc C:\Users\chris\AppData\Local\Temp\VMBuilds\Due\arduino_due_x_dbg\Debug/core.a(wiring_analog.c.o)
                0x00082210                analogWriteResolution
 .text.analogOutputInit
                0x0008221c        0x2 C:\Users\chris\AppData\Local\Temp\VMBuilds\Due\arduino_due_x_dbg\Debug/core.a(wiring_analog.c.o)
                0x0008221c                analogOutputInit
 *fill*         0x0008221e        0x2 
 .text.analogWrite
                0x00082220      0x2c0 C:\Users\chris\AppData\Local\Temp\VMBuilds\Due\arduino_due_x_dbg\Debug/core.a(wiring_analog.c.o)
                0x00082220                analogWrite
 .text.pinMode  0x000824e0      0x108 C:\Users\chris\AppData\Local\Temp\VMBuilds\Due\arduino_due_x_dbg\Debug/core.a(wiring_digital.c.o)
                0x000824e0                pinMode
 .text.digitalWrite
                0x000825e8       0x70 C:\Users\chris\AppData\Local\Temp\VMBuilds\Due\arduino_due_x_dbg\Debug/core.a(wiring_digital.c.o)
                0x000825e8                digitalWrite
 .text.initVariant
                0x00082658        0x2 C:\Users\chris\AppData\Local\Temp\VMBuilds\Due\arduino_due_x_dbg\Debug/core.a(main.cpp.o)
                0x00082658                initVariant
 *fill*         0x0008265a        0x2 
 .text.startup.main
                0x0008265c       0x38 C:\Users\chris\AppData\Local\Temp\VMBuilds\Due\arduino_due_x_dbg\Debug/core.a(main.cpp.o)
                0x0008265c                main
 .text._ZN5Print5writeEPKhj
                0x00082694       0x22 C:\Users\chris\AppData\Local\Temp\VMBuilds\Due\arduino_due_x_dbg\Debug/core.a(Print.cpp.o)
                0x00082694                Print::write(unsigned char const*, unsigned int)
 .text._ZN5Print5printEmi.part.3
                0x000826b6        0xc C:\Users\chris\AppData\Local\Temp\VMBuilds\Due\arduino_due_x_dbg\Debug/core.a(Print.cpp.o)
 .text._ZN5Print5writeEPKc
                0x000826c2       0x1e C:\Users\chris\AppData\Local\Temp\VMBuilds\Due\arduino_due_x_dbg\Debug/core.a(Print.cpp.o)
                0x000826c2                Print::write(char const*)
 .text._ZN5Print5printERK6String
                0x000826e0       0x10 C:\Users\chris\AppData\Local\Temp\VMBuilds\Due\arduino_due_x_dbg\Debug/core.a(Print.cpp.o)
                0x000826e0                Print::print(String const&)
 .text._ZN5Print5printEPKc
                0x000826f0        0x8 C:\Users\chris\AppData\Local\Temp\VMBuilds\Due\arduino_due_x_dbg\Debug/core.a(Print.cpp.o)
                0x000826f0                Print::print(char const*)
 .text._ZN5Print5printEc
                0x000826f8        0xa C:\Users\chris\AppData\Local\Temp\VMBuilds\Due\arduino_due_x_dbg\Debug/core.a(Print.cpp.o)
                0x000826f8                Print::print(char)
 *fill*         0x00082702        0x2 
 .text._ZN5Print7printlnEv
                0x00082704       0x10 C:\Users\chris\AppData\Local\Temp\VMBuilds\Due\arduino_due_x_dbg\Debug/core.a(Print.cpp.o)
                0x00082704                Print::println()
 .text._ZN5Print7printlnERK6String
                0x00082714       0x14 C:\Users\chris\AppData\Local\Temp\VMBuilds\Due\arduino_due_x_dbg\Debug/core.a(Print.cpp.o)
                0x00082714                Print::println(String const&)
 .text._ZN5Print7printlnEPKc
                0x00082728       0x14 C:\Users\chris\AppData\Local\Temp\VMBuilds\Due\arduino_due_x_dbg\Debug/core.a(Print.cpp.o)
                0x00082728                Print::println(char const*)
 .text._ZN5Print11printNumberEmh
                0x0008273c       0x3e C:\Users\chris\AppData\Local\Temp\VMBuilds\Due\arduino_due_x_dbg\Debug/core.a(Print.cpp.o)
                0x0008273c                Print::printNumber(unsigned long, unsigned char)
 .text._ZN5Print5printEli
                0x0008277a       0x3c C:\Users\chris\AppData\Local\Temp\VMBuilds\Due\arduino_due_x_dbg\Debug/core.a(Print.cpp.o)
                0x0008277a                Print::print(long, int)
 .text._ZN5Print5printEii
                0x000827b6        0x4 C:\Users\chris\AppData\Local\Temp\VMBuilds\Due\arduino_due_x_dbg\Debug/core.a(Print.cpp.o)
                0x000827b6                Print::print(int, int)
 .text._ZN5Print7printlnEii
                0x000827ba       0x14 C:\Users\chris\AppData\Local\Temp\VMBuilds\Due\arduino_due_x_dbg\Debug/core.a(Print.cpp.o)
                0x000827ba                Print::println(int, int)
 .text._ZN5Print5printEmi
                0x000827ce        0xc C:\Users\chris\AppData\Local\Temp\VMBuilds\Due\arduino_due_x_dbg\Debug/core.a(Print.cpp.o)
                0x000827ce                Print::print(unsigned long, int)
 .text._ZN5Print7printlnEhi
                0x000827da       0x14 C:\Users\chris\AppData\Local\Temp\VMBuilds\Due\arduino_due_x_dbg\Debug/core.a(Print.cpp.o)
                0x000827da                Print::println(unsigned char, int)
 *fill*         0x000827ee        0x2 
 .text.initiateReset
                0x000827f0        0xc C:\Users\chris\AppData\Local\Temp\VMBuilds\Due\arduino_due_x_dbg\Debug/core.a(Reset.cpp.o)
                0x000827f0                initiateReset
 .text.cancelReset
                0x000827fc       0x10 C:\Users\chris\AppData\Local\Temp\VMBuilds\Due\arduino_due_x_dbg\Debug/core.a(Reset.cpp.o)
                0x000827fc                cancelReset
 .text.tickReset
                0x0008280c       0x20 C:\Users\chris\AppData\Local\Temp\VMBuilds\Due\arduino_due_x_dbg\Debug/core.a(Reset.cpp.o)
                0x0008280c                tickReset
 .text._ZN10RingBufferC2Ev
                0x0008282c       0x1a C:\Users\chris\AppData\Local\Temp\VMBuilds\Due\arduino_due_x_dbg\Debug/core.a(RingBuffer.cpp.o)
                0x0008282c                RingBuffer::RingBuffer()
                0x0008282c                RingBuffer::RingBuffer()
 .text._ZN10RingBuffer10store_charEh
                0x00082846       0x1e C:\Users\chris\AppData\Local\Temp\VMBuilds\Due\arduino_due_x_dbg\Debug/core.a(RingBuffer.cpp.o)
                0x00082846                RingBuffer::store_char(unsigned char)
 .text._ZN9UARTClasscvbEv
                0x00082864        0x4 C:\Users\chris\AppData\Local\Temp\VMBuilds\Due\arduino_due_x_dbg\Debug/core.a(UARTClass.cpp.o)
                0x00082864                UARTClass::operator bool()
 .text._ZN9UARTClass9availableEv
                0x00082868       0x12 C:\Users\chris\AppData\Local\Temp\VMBuilds\Due\arduino_due_x_dbg\Debug/core.a(UARTClass.cpp.o)
                0x00082868                UARTClass::available()
 .text._ZN9UARTClass4peekEv
                0x0008287a       0x1c C:\Users\chris\AppData\Local\Temp\VMBuilds\Due\arduino_due_x_dbg\Debug/core.a(UARTClass.cpp.o)
                0x0008287a                UARTClass::peek()
 .text._ZN9UARTClass4readEv
                0x00082896       0x2a C:\Users\chris\AppData\Local\Temp\VMBuilds\Due\arduino_due_x_dbg\Debug/core.a(UARTClass.cpp.o)
                0x00082896                UARTClass::read()
 .text._ZN9UARTClass5flushEv
                0x000828c0       0x18 C:\Users\chris\AppData\Local\Temp\VMBuilds\Due\arduino_due_x_dbg\Debug/core.a(UARTClass.cpp.o)
                0x000828c0                UARTClass::flush()
 .text._ZN9UARTClass5writeEh
                0x000828d8       0x54 C:\Users\chris\AppData\Local\Temp\VMBuilds\Due\arduino_due_x_dbg\Debug/core.a(UARTClass.cpp.o)
                0x000828d8                UARTClass::write(unsigned char)
 .text._ZN9UARTClass3endEv
                0x0008292c       0x3c C:\Users\chris\AppData\Local\Temp\VMBuilds\Due\arduino_due_x_dbg\Debug/core.a(UARTClass.cpp.o)
                0x0008292c                UARTClass::end()
 .text._ZN9UARTClassC2EP4Uart4IRQnmP10RingBufferS4_
                0x00082968       0x24 C:\Users\chris\AppData\Local\Temp\VMBuilds\Due\arduino_due_x_dbg\Debug/core.a(UARTClass.cpp.o)
                0x00082968                UARTClass::UARTClass(Uart*, IRQn, unsigned long, RingBuffer*, RingBuffer*)
                0x00082968                UARTClass::UARTClass(Uart*, IRQn, unsigned long, RingBuffer*, RingBuffer*)
 .text._ZN9UARTClass4initEmm
                0x0008298c       0x70 C:\Users\chris\AppData\Local\Temp\VMBuilds\Due\arduino_due_x_dbg\Debug/core.a(UARTClass.cpp.o)
                0x0008298c                UARTClass::init(unsigned long, unsigned long)
 .text._ZN9UARTClass5beginEm
                0x000829fc        0x8 C:\Users\chris\AppData\Local\Temp\VMBuilds\Due\arduino_due_x_dbg\Debug/core.a(UARTClass.cpp.o)
                0x000829fc                UARTClass::begin(unsigned long)
 .text._ZN9UARTClass10IrqHandlerEv
                0x00082a04       0x5a C:\Users\chris\AppData\Local\Temp\VMBuilds\Due\arduino_due_x_dbg\Debug/core.a(UARTClass.cpp.o)
                0x00082a04                UARTClass::IrqHandler()
 .text._ZN10USARTClass5beginEm
                0x00082a5e        0x8 C:\Users\chris\AppData\Local\Temp\VMBuilds\Due\arduino_due_x_dbg\Debug/core.a(USARTClass.cpp.o)
                0x00082a5e                USARTClass::begin(unsigned long)
 *fill*         0x00082a66        0x2 
 .text._ZN10USARTClassC2EP5Usart4IRQnmP10RingBufferS4_
                0x00082a68       0x24 C:\Users\chris\AppData\Local\Temp\VMBuilds\Due\arduino_due_x_dbg\Debug/core.a(USARTClass.cpp.o)
                0x00082a68                USARTClass::USARTClass(Usart*, IRQn, unsigned long, RingBuffer*, RingBuffer*)
                0x00082a68                USARTClass::USARTClass(Usart*, IRQn, unsigned long, RingBuffer*, RingBuffer*)
 .text._watchdogDefaultSetup
                0x00082a8c        0xc C:\Users\chris\AppData\Local\Temp\VMBuilds\Due\arduino_due_x_dbg\Debug/core.a(watchdog.cpp.o)
                0x00082a8c                _watchdogDefaultSetup
                0x00082a8c                watchdogSetup()
 .text._ZN6StringD2Ev
                0x00082a98        0xe C:\Users\chris\AppData\Local\Temp\VMBuilds\Due\arduino_due_x_dbg\Debug/core.a(WString.cpp.o)
                0x00082a98                String::~String()
                0x00082a98                String::~String()
 .text._ZN6String10invalidateEv
                0x00082aa6       0x16 C:\Users\chris\AppData\Local\Temp\VMBuilds\Due\arduino_due_x_dbg\Debug/core.a(WString.cpp.o)
                0x00082aa6                String::invalidate()
 .text._ZN6String12changeBufferEj
                0x00082abc       0x18 C:\Users\chris\AppData\Local\Temp\VMBuilds\Due\arduino_due_x_dbg\Debug/core.a(WString.cpp.o)
                0x00082abc                String::changeBuffer(unsigned int)
 .text._ZN6String7reserveEj
                0x00082ad4       0x22 C:\Users\chris\AppData\Local\Temp\VMBuilds\Due\arduino_due_x_dbg\Debug/core.a(WString.cpp.o)
                0x00082ad4                String::reserve(unsigned int)
 .text._ZN6String4copyEPKcj
                0x00082af6       0x26 C:\Users\chris\AppData\Local\Temp\VMBuilds\Due\arduino_due_x_dbg\Debug/core.a(WString.cpp.o)
                0x00082af6                String::copy(char const*, unsigned int)
 .text._ZN6StringC2EPKc
                0x00082b1c       0x24 C:\Users\chris\AppData\Local\Temp\VMBuilds\Due\arduino_due_x_dbg\Debug/core.a(WString.cpp.o)
                0x00082b1c                String::String(char const*)
                0x00082b1c                String::String(char const*)
 .text._ZN6StringaSERKS_
                0x00082b40       0x1e C:\Users\chris\AppData\Local\Temp\VMBuilds\Due\arduino_due_x_dbg\Debug/core.a(WString.cpp.o)
                0x00082b40                String::operator=(String const&)
 *fill*         0x00082b5e        0x2 
 .text.unlikely._ZL11USB_SendZlpv
                0x00082b60       0x20 C:\Users\chris\AppData\Local\Temp\VMBuilds\Due\arduino_due_x_dbg\Debug/core.a(USBCore.cpp.o)
 .text._Z14USBD_Availablem
                0x00082b80       0x2c C:\Users\chris\AppData\Local\Temp\VMBuilds\Due\arduino_due_x_dbg\Debug/core.a(USBCore.cpp.o)
                0x00082b80                USBD_Available(unsigned long)
 .text._Z9USBD_RecvmPvm
                0x00082bac       0x7c C:\Users\chris\AppData\Local\Temp\VMBuilds\Due\arduino_due_x_dbg\Debug/core.a(USBCore.cpp.o)
                0x00082bac                USBD_Recv(unsigned long, void*, unsigned long)
 .text._Z9USBD_Recvm
                0x00082c28       0x22 C:\Users\chris\AppData\Local\Temp\VMBuilds\Due\arduino_due_x_dbg\Debug/core.a(USBCore.cpp.o)
                0x00082c28                USBD_Recv(unsigned long)
 *fill*         0x00082c4a        0x2 
 .text._Z9USBD_SendmPKvm
                0x00082c4c       0x4c C:\Users\chris\AppData\Local\Temp\VMBuilds\Due\arduino_due_x_dbg\Debug/core.a(USBCore.cpp.o)
                0x00082c4c                USBD_Send(unsigned long, void const*, unsigned long)
 .text._Z16USBD_SendControlhPKvm
                0x00082c98       0x40 C:\Users\chris\AppData\Local\Temp\VMBuilds\Due\arduino_due_x_dbg\Debug/core.a(USBCore.cpp.o)
                0x00082c98                USBD_SendControl(unsigned char, void const*, unsigned long)
 .text.unlikely._ZL24USB_SendStringDescriptorPKhi
                0x00082cd8       0x64 C:\Users\chris\AppData\Local\Temp\VMBuilds\Due\arduino_due_x_dbg\Debug/core.a(USBCore.cpp.o)
 .text._Z16USBD_RecvControlPvm
                0x00082d3c       0x1c C:\Users\chris\AppData\Local\Temp\VMBuilds\Due\arduino_due_x_dbg\Debug/core.a(USBCore.cpp.o)
                0x00082d3c                USBD_RecvControl(void*, unsigned long)
 .text._Z26USBD_ClassInterfaceRequestR8USBSetup
                0x00082d58       0x1e C:\Users\chris\AppData\Local\Temp\VMBuilds\Due\arduino_due_x_dbg\Debug/core.a(USBCore.cpp.o)
                0x00082d58                USBD_ClassInterfaceRequest(USBSetup&)
 .text._Z19USBD_SendInterfacesv
                0x00082d76       0x22 C:\Users\chris\AppData\Local\Temp\VMBuilds\Due\arduino_due_x_dbg\Debug/core.a(USBCore.cpp.o)
                0x00082d76                USBD_SendInterfaces()
 .text._Z24USBD_SendOtherInterfacesv
                0x00082d98       0x22 C:\Users\chris\AppData\Local\Temp\VMBuilds\Due\arduino_due_x_dbg\Debug/core.a(USBCore.cpp.o)
                0x00082d98                USBD_SendOtherInterfaces()
 .text._Z10USBD_Flushm
                0x00082dba       0x16 C:\Users\chris\AppData\Local\Temp\VMBuilds\Due\arduino_due_x_dbg\Debug/core.a(USBCore.cpp.o)
                0x00082dba                USBD_Flush(unsigned long)
 .text._ZN10USBDevice_C2Ev
                0x00082dd0       0x24 C:\Users\chris\AppData\Local\Temp\VMBuilds\Due\arduino_due_x_dbg\Debug/core.a(USBCore.cpp.o)
                0x00082dd0                USBDevice_::USBDevice_()
                0x00082dd0                USBDevice_::USBDevice_()
 .text._ZN10USBDevice_6attachEv
                0x00082df4       0x20 C:\Users\chris\AppData\Local\Temp\VMBuilds\Due\arduino_due_x_dbg\Debug/core.a(USBCore.cpp.o)
                0x00082df4                USBDevice_::attach()
 .text.startup._GLOBAL__sub_I_EndPoints
                0x00082e14        0xc C:\Users\chris\AppData\Local\Temp\VMBuilds\Due\arduino_due_x_dbg\Debug/core.a(USBCore.cpp.o)
 .text._ZL7USB_ISRv
                0x00082e20      0x454 C:\Users\chris\AppData\Local\Temp\VMBuilds\Due\arduino_due_x_dbg\Debug/core.a(USBCore.cpp.o)
 .text._ZN7Serial_9availableEv
                0x00083274       0x18 C:\Users\chris\AppData\Local\Temp\VMBuilds\Due\arduino_due_x_dbg\Debug/core.a(CDC.cpp.o)
                0x00083274                Serial_::available()
 .text._ZN7Serial_17availableForWriteEv
                0x0008328c        0x6 C:\Users\chris\AppData\Local\Temp\VMBuilds\Due\arduino_due_x_dbg\Debug/core.a(CDC.cpp.o)
                0x0008328c                Serial_::availableForWrite()
 *fill*         0x00083292        0x2 
 .text._ZN7Serial_4peekEv
                0x00083294       0x20 C:\Users\chris\AppData\Local\Temp\VMBuilds\Due\arduino_due_x_dbg\Debug/core.a(CDC.cpp.o)
                0x00083294                Serial_::peek()
 .text._ZN7Serial_5writeEh
                0x000832b4       0x16 C:\Users\chris\AppData\Local\Temp\VMBuilds\Due\arduino_due_x_dbg\Debug/core.a(CDC.cpp.o)
                0x000832b4                Serial_::write(unsigned char)
 *fill*         0x000832ca        0x2 
 .text._ZN7Serial_4readEv
                0x000832cc       0x44 C:\Users\chris\AppData\Local\Temp\VMBuilds\Due\arduino_due_x_dbg\Debug/core.a(CDC.cpp.o)
                0x000832cc                Serial_::read()
 .text._ZN7Serial_5flushEv
                0x00083310        0x6 C:\Users\chris\AppData\Local\Temp\VMBuilds\Due\arduino_due_x_dbg\Debug/core.a(CDC.cpp.o)
                0x00083310                Serial_::flush()
 *fill*         0x00083316        0x2 
 .text._ZN7Serial_6acceptEv
                0x00083318       0x70 C:\Users\chris\AppData\Local\Temp\VMBuilds\Due\arduino_due_x_dbg\Debug/core.a(CDC.cpp.o)
                0x00083318                Serial_::accept()
 .text._ZN7Serial_5writeEPKhj
                0x00083388       0x2c C:\Users\chris\AppData\Local\Temp\VMBuilds\Due\arduino_due_x_dbg\Debug/core.a(CDC.cpp.o)
                0x00083388                Serial_::write(unsigned char const*, unsigned int)
 .text._Z16CDC_GetInterfacePh
                0x000833b4       0x14 C:\Users\chris\AppData\Local\Temp\VMBuilds\Due\arduino_due_x_dbg\Debug/core.a(CDC.cpp.o)
                0x000833b4                CDC_GetInterface(unsigned char*)
 .text._Z21CDC_GetOtherInterfacePh
                0x000833c8       0x14 C:\Users\chris\AppData\Local\Temp\VMBuilds\Due\arduino_due_x_dbg\Debug/core.a(CDC.cpp.o)
                0x000833c8                CDC_GetOtherInterface(unsigned char*)
 .text._Z9CDC_SetupR8USBSetup
                0x000833dc       0x78 C:\Users\chris\AppData\Local\Temp\VMBuilds\Due\arduino_due_x_dbg\Debug/core.a(CDC.cpp.o)
                0x000833dc                CDC_Setup(USBSetup&)
 .text.startup._GLOBAL__sub_I_cdc_rx_buffer
                0x00083454       0x1c C:\Users\chris\AppData\Local\Temp\VMBuilds\Due\arduino_due_x_dbg\Debug/core.a(CDC.cpp.o)
 .text._ZN13PluggableUSB_12getInterfaceEPh
                0x00083470       0x28 C:\Users\chris\AppData\Local\Temp\VMBuilds\Due\arduino_due_x_dbg\Debug/core.a(PluggableUSB.cpp.o)
                0x00083470                PluggableUSB_::getInterface(unsigned char*)
 .text._ZN13PluggableUSB_13getDescriptorER8USBSetup
                0x00083498       0x1c C:\Users\chris\AppData\Local\Temp\VMBuilds\Due\arduino_due_x_dbg\Debug/core.a(PluggableUSB.cpp.o)
                0x00083498                PluggableUSB_::getDescriptor(USBSetup&)
 .text._ZN13PluggableUSB_12getShortNameEPc
                0x000834b4       0x1c C:\Users\chris\AppData\Local\Temp\VMBuilds\Due\arduino_due_x_dbg\Debug/core.a(PluggableUSB.cpp.o)
                0x000834b4                PluggableUSB_::getShortName(char*)
 .text._ZN13PluggableUSB_5setupER8USBSetup
                0x000834d0       0x20 C:\Users\chris\AppData\Local\Temp\VMBuilds\Due\arduino_due_x_dbg\Debug/core.a(PluggableUSB.cpp.o)
                0x000834d0                PluggableUSB_::setup(USBSetup&)
 .text._Z12PluggableUSBv
                0x000834f0       0x28 C:\Users\chris\AppData\Local\Temp\VMBuilds\Due\arduino_due_x_dbg\Debug/core.a(PluggableUSB.cpp.o)
                0x000834f0                PluggableUSB()
 .text.FindClockConfiguration
                0x00083518       0x7c C:\Users\chris\AppData\Local\arduino15\packages\arduino\hardware\sam\1.6.11\variants\arduino_due_x/libsam_sam3x8e_gcc_rel.a(pwmc.o)
 .text.PWMC_ConfigureChannel
                0x00083594       0x60 C:\Users\chris\AppData\Local\arduino15\packages\arduino\hardware\sam\1.6.11\variants\arduino_due_x/libsam_sam3x8e_gcc_rel.a(pwmc.o)
                0x00083594                PWMC_ConfigureChannel
 .text.PWMC_ConfigureClocks
                0x000835f4       0x54 C:\Users\chris\AppData\Local\arduino15\packages\arduino\hardware\sam\1.6.11\variants\arduino_due_x/libsam_sam3x8e_gcc_rel.a(pwmc.o)
                0x000835f4                PWMC_ConfigureClocks
 .text.PWMC_SetPeriod
                0x00083648       0x1a C:\Users\chris\AppData\Local\arduino15\packages\arduino\hardware\sam\1.6.11\variants\arduino_due_x/libsam_sam3x8e_gcc_rel.a(pwmc.o)
                0x00083648                PWMC_SetPeriod
 *fill*         0x00083662        0x2 
 .text.PWMC_SetDutyCycle
                0x00083664       0x44 C:\Users\chris\AppData\Local\arduino15\packages\arduino\hardware\sam\1.6.11\variants\arduino_due_x/libsam_sam3x8e_gcc_rel.a(pwmc.o)
                0x00083664                PWMC_SetDutyCycle
 .text.PWMC_EnableChannel
                0x000836a8        0xa C:\Users\chris\AppData\Local\arduino15\packages\arduino\hardware\sam\1.6.11\variants\arduino_due_x/libsam_sam3x8e_gcc_rel.a(pwmc.o)
                0x000836a8                PWMC_EnableChannel
 *fill*         0x000836b2        0x2 
 .text.TC_Configure
                0x000836b4       0x38 C:\Users\chris\AppData\Local\arduino15\packages\arduino\hardware\sam\1.6.11\variants\arduino_due_x/libsam_sam3x8e_gcc_rel.a(tc.o)
                0x000836b4                TC_Configure
 .text.TC_Start
                0x000836ec       0x2c C:\Users\chris\AppData\Local\arduino15\packages\arduino\hardware\sam\1.6.11\variants\arduino_due_x/libsam_sam3x8e_gcc_rel.a(tc.o)
                0x000836ec                TC_Start
 .text.TC_SetRA
                0x00083718        0x8 C:\Users\chris\AppData\Local\arduino15\packages\arduino\hardware\sam\1.6.11\variants\arduino_due_x/libsam_sam3x8e_gcc_rel.a(tc.o)
                0x00083718                TC_SetRA
 .text.TC_SetRB
                0x00083720        0x8 C:\Users\chris\AppData\Local\arduino15\packages\arduino\hardware\sam\1.6.11\variants\arduino_due_x/libsam_sam3x8e_gcc_rel.a(tc.o)
                0x00083720                TC_SetRB
 .text.TC_SetRC
                0x00083728        0x8 C:\Users\chris\AppData\Local\arduino15\packages\arduino\hardware\sam\1.6.11\variants\arduino_due_x/libsam_sam3x8e_gcc_rel.a(tc.o)
                0x00083728                TC_SetRC
 .text.TimeTick_Increment
                0x00083730       0x10 C:\Users\chris\AppData\Local\arduino15\packages\arduino\hardware\sam\1.6.11\variants\arduino_due_x/libsam_sam3x8e_gcc_rel.a(timetick.o)
                0x00083730                TimeTick_Increment
 .text.GetTickCount
                0x00083740        0xc C:\Users\chris\AppData\Local\arduino15\packages\arduino\hardware\sam\1.6.11\variants\arduino_due_x/libsam_sam3x8e_gcc_rel.a(timetick.o)
                0x00083740                GetTickCount
 .text.WDT_Disable
                0x0008374c        0x8 C:\Users\chris\AppData\Local\arduino15\packages\arduino\hardware\sam\1.6.11\variants\arduino_due_x/libsam_sam3x8e_gcc_rel.a(wdt.o)
                0x0008374c                WDT_Disable
 .text.UDD_SetStack
                0x00083754        0xc C:\Users\chris\AppData\Local\arduino15\packages\arduino\hardware\sam\1.6.11\variants\arduino_due_x/libsam_sam3x8e_gcc_rel.a(uotghs_device.o)
                0x00083754                UDD_SetStack
 .text.UDD_Init
                0x00083760       0xd0 C:\Users\chris\AppData\Local\arduino15\packages\arduino\hardware\sam\1.6.11\variants\arduino_due_x/libsam_sam3x8e_gcc_rel.a(uotghs_device.o)
                0x00083760                UDD_Init
 .text.UDD_Attach
                0x00083830       0x50 C:\Users\chris\AppData\Local\arduino15\packages\arduino\hardware\sam\1.6.11\variants\arduino_due_x/libsam_sam3x8e_gcc_rel.a(uotghs_device.o)
                0x00083830                UDD_Attach
 .text.UDD_InitEP
                0x00083880       0x2c C:\Users\chris\AppData\Local\arduino15\packages\arduino\hardware\sam\1.6.11\variants\arduino_due_x/libsam_sam3x8e_gcc_rel.a(uotghs_device.o)
                0x00083880                UDD_InitEP
 .text.UDD_InitEndpoints
                0x000838ac       0x3c C:\Users\chris\AppData\Local\arduino15\packages\arduino\hardware\sam\1.6.11\variants\arduino_due_x/libsam_sam3x8e_gcc_rel.a(uotghs_device.o)
                0x000838ac                UDD_InitEndpoints
 .text.UDD_WaitIN
                0x000838e8       0x10 C:\Users\chris\AppData\Local\arduino15\packages\arduino\hardware\sam\1.6.11\variants\arduino_due_x/libsam_sam3x8e_gcc_rel.a(uotghs_device.o)
                0x000838e8                UDD_WaitIN
 .text.UDD_WaitOUT
                0x000838f8       0x10 C:\Users\chris\AppData\Local\arduino15\packages\arduino\hardware\sam\1.6.11\variants\arduino_due_x/libsam_sam3x8e_gcc_rel.a(uotghs_device.o)
                0x000838f8                UDD_WaitOUT
 .text.UDD_ClearIN
                0x00083908       0x18 C:\Users\chris\AppData\Local\arduino15\packages\arduino\hardware\sam\1.6.11\variants\arduino_due_x/libsam_sam3x8e_gcc_rel.a(uotghs_device.o)
                0x00083908                UDD_ClearIN
 .text.UDD_ClearOUT
                0x00083920       0x18 C:\Users\chris\AppData\Local\arduino15\packages\arduino\hardware\sam\1.6.11\variants\arduino_due_x/libsam_sam3x8e_gcc_rel.a(uotghs_device.o)
                0x00083920                UDD_ClearOUT
 .text.UDD_ReceivedSetupInt
                0x00083938       0x10 C:\Users\chris\AppData\Local\arduino15\packages\arduino\hardware\sam\1.6.11\variants\arduino_due_x/libsam_sam3x8e_gcc_rel.a(uotghs_device.o)
                0x00083938                UDD_ReceivedSetupInt
 .text.UDD_ClearSetupInt
                0x00083948       0x10 C:\Users\chris\AppData\Local\arduino15\packages\arduino\hardware\sam\1.6.11\variants\arduino_due_x/libsam_sam3x8e_gcc_rel.a(uotghs_device.o)
                0x00083948                UDD_ClearSetupInt
 .text.UDD_Send
                0x00083958       0x88 C:\Users\chris\AppData\Local\arduino15\packages\arduino\hardware\sam\1.6.11\variants\arduino_due_x/libsam_sam3x8e_gcc_rel.a(uotghs_device.o)
                0x00083958                UDD_Send
 .text.UDD_Send8
                0x000839e0       0x24 C:\Users\chris\AppData\Local\arduino15\packages\arduino\hardware\sam\1.6.11\variants\arduino_due_x/libsam_sam3x8e_gcc_rel.a(uotghs_device.o)
                0x000839e0                UDD_Send8
 .text.UDD_Recv8
                0x00083a04       0x28 C:\Users\chris\AppData\Local\arduino15\packages\arduino\hardware\sam\1.6.11\variants\arduino_due_x/libsam_sam3x8e_gcc_rel.a(uotghs_device.o)
                0x00083a04                UDD_Recv8
 .text.UDD_Recv
                0x00083a2c       0x34 C:\Users\chris\AppData\Local\arduino15\packages\arduino\hardware\sam\1.6.11\variants\arduino_due_x/libsam_sam3x8e_gcc_rel.a(uotghs_device.o)
                0x00083a2c                UDD_Recv
 .text.UDD_Stall
                0x00083a60       0x14 C:\Users\chris\AppData\Local\arduino15\packages\arduino\hardware\sam\1.6.11\variants\arduino_due_x/libsam_sam3x8e_gcc_rel.a(uotghs_device.o)
                0x00083a60                UDD_Stall
 .text.UDD_FifoByteCount
                0x00083a74       0x14 C:\Users\chris\AppData\Local\arduino15\packages\arduino\hardware\sam\1.6.11\variants\arduino_due_x/libsam_sam3x8e_gcc_rel.a(uotghs_device.o)
                0x00083a74                UDD_FifoByteCount
 .text.UDD_ReleaseRX
                0x00083a88       0x28 C:\Users\chris\AppData\Local\arduino15\packages\arduino\hardware\sam\1.6.11\variants\arduino_due_x/libsam_sam3x8e_gcc_rel.a(uotghs_device.o)
                0x00083a88                UDD_ReleaseRX
 .text.UDD_ReleaseTX
                0x00083ab0       0x28 C:\Users\chris\AppData\Local\arduino15\packages\arduino\hardware\sam\1.6.11\variants\arduino_due_x/libsam_sam3x8e_gcc_rel.a(uotghs_device.o)
                0x00083ab0                UDD_ReleaseTX
 .text.UDD_SetAddress
                0x00083ad8       0x20 C:\Users\chris\AppData\Local\arduino15\packages\arduino\hardware\sam\1.6.11\variants\arduino_due_x/libsam_sam3x8e_gcc_rel.a(uotghs_device.o)
                0x00083ad8                UDD_SetAddress
 .text.dacc_reset
                0x00083af8        0x6 C:\Users\chris\AppData\Local\arduino15\packages\arduino\hardware\sam\1.6.11\variants\arduino_due_x/libsam_sam3x8e_gcc_rel.a(dacc.o)
                0x00083af8                dacc_reset
 .text.dacc_set_transfer_mode
                0x00083afe       0x14 C:\Users\chris\AppData\Local\arduino15\packages\arduino\hardware\sam\1.6.11\variants\arduino_due_x/libsam_sam3x8e_gcc_rel.a(dacc.o)
                0x00083afe                dacc_set_transfer_mode
 .text.dacc_get_interrupt_status
                0x00083b12        0x4 C:\Users\chris\AppData\Local\arduino15\packages\arduino\hardware\sam\1.6.11\variants\arduino_due_x/libsam_sam3x8e_gcc_rel.a(dacc.o)
                0x00083b12                dacc_get_interrupt_status
 .text.dacc_write_conversion_data
                0x00083b16        0x4 C:\Users\chris\AppData\Local\arduino15\packages\arduino\hardware\sam\1.6.11\variants\arduino_due_x/libsam_sam3x8e_gcc_rel.a(dacc.o)
                0x00083b16                dacc_write_conversion_data
 .text.dacc_set_channel_selection
                0x00083b1a       0x18 C:\Users\chris\AppData\Local\arduino15\packages\arduino\hardware\sam\1.6.11\variants\arduino_due_x/libsam_sam3x8e_gcc_rel.a(dacc.o)
                0x00083b1a                dacc_set_channel_selection
 .text.dacc_set_power_save
                0x00083b32       0x24 C:\Users\chris\AppData\Local\arduino15\packages\arduino\hardware\sam\1.6.11\variants\arduino_due_x/libsam_sam3x8e_gcc_rel.a(dacc.o)
                0x00083b32                dacc_set_power_save
 .text.dacc_set_timing
                0x00083b56       0x2c C:\Users\chris\AppData\Local\arduino15\packages\arduino\hardware\sam\1.6.11\variants\arduino_due_x/libsam_sam3x8e_gcc_rel.a(dacc.o)
                0x00083b56                dacc_set_timing
 .text.dacc_enable_channel
                0x00083b82       0x12 C:\Users\chris\AppData\Local\arduino15\packages\arduino\hardware\sam\1.6.11\variants\arduino_due_x/libsam_sam3x8e_gcc_rel.a(dacc.o)
                0x00083b82                dacc_enable_channel
 .text.dacc_get_channel_status
                0x00083b94        0x4 C:\Users\chris\AppData\Local\arduino15\packages\arduino\hardware\sam\1.6.11\variants\arduino_due_x/libsam_sam3x8e_gcc_rel.a(dacc.o)
                0x00083b94                dacc_get_channel_status
 .text.dacc_set_analog_control
                0x00083b98        0x8 C:\Users\chris\AppData\Local\arduino15\packages\arduino\hardware\sam\1.6.11\variants\arduino_due_x/libsam_sam3x8e_gcc_rel.a(dacc.o)
                0x00083b98                dacc_set_analog_control
 .text.__aeabi_atexit
                0x00083ba0        0xc c:/users/chris/appdata/local/arduino15/packages/arduino/tools/arm-none-eabi-gcc/4.8.3-2014q1/bin/../lib/gcc/arm-none-eabi/4.8.3/../../../../arm-none-eabi/lib/armv7-m\libg.a(lib_a-aeabi_atexit.o)
                0x00083ba0                __aeabi_atexit
 .text.__assert_func
                0x00083bac       0x3c c:/users/chris/appdata/local/arduino15/packages/arduino/tools/arm-none-eabi-gcc/4.8.3-2014q1/bin/../lib/gcc/arm-none-eabi/4.8.3/../../../../arm-none-eabi/lib/armv7-m\libg.a(lib_a-assert.o)
                0x00083bac                __assert_func
 .text.__cxa_atexit
                0x00083be8       0x14 c:/users/chris/appdata/local/arduino15/packages/arduino/tools/arm-none-eabi-gcc/4.8.3-2014q1/bin/../lib/gcc/arm-none-eabi/4.8.3/../../../../arm-none-eabi/lib/armv7-m\libg.a(lib_a-cxa_atexit.o)
                0x00083be8                __cxa_atexit
 .text.fiprintf
                0x00083bfc       0x28 c:/users/chris/appdata/local/arduino15/packages/arduino/tools/arm-none-eabi-gcc/4.8.3-2014q1/bin/../lib/gcc/arm-none-eabi/4.8.3/../../../../arm-none-eabi/lib/armv7-m\libg.a(lib_a-fiprintf.o)
                0x00083bfc                fiprintf
 .text.__libc_init_array
                0x00083c24       0x50 c:/users/chris/appdata/local/arduino15/packages/arduino/tools/arm-none-eabi-gcc/4.8.3-2014q1/bin/../lib/gcc/arm-none-eabi/4.8.3/../../../../arm-none-eabi/lib/armv7-m\libg.a(lib_a-init.o)
                0x00083c24                __libc_init_array
 .text.iprintf  0x00083c74       0x28 c:/users/chris/appdata/local/arduino15/packages/arduino/tools/arm-none-eabi-gcc/4.8.3-2014q1/bin/../lib/gcc/arm-none-eabi/4.8.3/../../../../arm-none-eabi/lib/armv7-m\libg.a(lib_a-iprintf.o)
                0x00083c74                iprintf
 .text.malloc   0x00083c9c       0x10 c:/users/chris/appdata/local/arduino15/packages/arduino/tools/arm-none-eabi-gcc/4.8.3-2014q1/bin/../lib/gcc/arm-none-eabi/4.8.3/../../../../arm-none-eabi/lib/armv7-m\libg.a(lib_a-malloc.o)
                0x00083c9c                malloc
 .text.free     0x00083cac       0x10 c:/users/chris/appdata/local/arduino15/packages/arduino/tools/arm-none-eabi-gcc/4.8.3-2014q1/bin/../lib/gcc/arm-none-eabi/4.8.3/../../../../arm-none-eabi/lib/armv7-m\libg.a(lib_a-malloc.o)
                0x00083cac                free
 .text._malloc_r
                0x00083cbc      0x538 c:/users/chris/appdata/local/arduino15/packages/arduino/tools/arm-none-eabi-gcc/4.8.3-2014q1/bin/../lib/gcc/arm-none-eabi/4.8.3/../../../../arm-none-eabi/lib/armv7-m\libg.a(lib_a-mallocr.o)
                0x00083cbc                _malloc_r
 .text          0x000841f4       0xec c:/users/chris/appdata/local/arduino15/packages/arduino/tools/arm-none-eabi-gcc/4.8.3-2014q1/bin/../lib/gcc/arm-none-eabi/4.8.3/../../../../arm-none-eabi/lib/armv7-m\libg.a(lib_a-memcpy.o)
                0x000841f4                memcpy
 .text.memmove  0x000842e0       0xcc c:/users/chris/appdata/local/arduino15/packages/arduino/tools/arm-none-eabi-gcc/4.8.3-2014q1/bin/../lib/gcc/arm-none-eabi/4.8.3/../../../../arm-none-eabi/lib/armv7-m\libg.a(lib_a-memmove.o)
                0x000842e0                memmove
 .text.memset   0x000843ac       0x94 c:/users/chris/appdata/local/arduino15/packages/arduino/tools/arm-none-eabi-gcc/4.8.3-2014q1/bin/../lib/gcc/arm-none-eabi/4.8.3/../../../../arm-none-eabi/lib/armv7-m\libg.a(lib_a-memset.o)
                0x000843ac                memset
 .text.__malloc_lock
                0x00084440        0x4 c:/users/chris/appdata/local/arduino15/packages/arduino/tools/arm-none-eabi-gcc/4.8.3-2014q1/bin/../lib/gcc/arm-none-eabi/4.8.3/../../../../arm-none-eabi/lib/armv7-m\libg.a(lib_a-mlock.o)
                0x00084440                __malloc_lock
 .text.__malloc_unlock
                0x00084444        0x4 c:/users/chris/appdata/local/arduino15/packages/arduino/tools/arm-none-eabi-gcc/4.8.3-2014q1/bin/../lib/gcc/arm-none-eabi/4.8.3/../../../../arm-none-eabi/lib/armv7-m\libg.a(lib_a-mlock.o)
                0x00084444                __malloc_unlock
 .text.realloc  0x00084448       0x10 c:/users/chris/appdata/local/arduino15/packages/arduino/tools/arm-none-eabi-gcc/4.8.3-2014q1/bin/../lib/gcc/arm-none-eabi/4.8.3/../../../../arm-none-eabi/lib/armv7-m\libg.a(lib_a-realloc.o)
                0x00084448                realloc
 .text._realloc_r
                0x00084458      0x3c0 c:/users/chris/appdata/local/arduino15/packages/arduino/tools/arm-none-eabi-gcc/4.8.3-2014q1/bin/../lib/gcc/arm-none-eabi/4.8.3/../../../../arm-none-eabi/lib/armv7-m\libg.a(lib_a-reallocr.o)
                0x00084458                _realloc_r
 .text._sbrk_r  0x00084818       0x24 c:/users/chris/appdata/local/arduino15/packages/arduino/tools/arm-none-eabi-gcc/4.8.3-2014q1/bin/../lib/gcc/arm-none-eabi/4.8.3/../../../../arm-none-eabi/lib/armv7-m\libg.a(lib_a-sbrkr.o)
                0x00084818                _sbrk_r
 .text.strcpy   0x0008483c       0xbc c:/users/chris/appdata/local/arduino15/packages/arduino/tools/arm-none-eabi-gcc/4.8.3-2014q1/bin/../lib/gcc/arm-none-eabi/4.8.3/../../../../arm-none-eabi/lib/armv7-m\libg.a(lib_a-strcpy.o)
                0x0008483c                strcpy
 .text.strlen   0x000848f8       0x60 c:/users/chris/appdata/local/arduino15/packages/arduino/tools/arm-none-eabi-gcc/4.8.3-2014q1/bin/../lib/gcc/arm-none-eabi/4.8.3/../../../../arm-none-eabi/lib/armv7-m\libg.a(lib_a-strlen.o)
                0x000848f8                strlen
 .text.kill     0x00084958       0x10 c:/users/chris/appdata/local/arduino15/packages/arduino/tools/arm-none-eabi-gcc/4.8.3-2014q1/bin/../lib/gcc/arm-none-eabi/4.8.3/../../../../arm-none-eabi/lib/armv7-m\libg.a(lib_a-syskill.o)
                0x00084958                kill
 .text.__sprint_r.part.0
                0x00084968       0x78 c:/users/chris/appdata/local/arduino15/packages/arduino/tools/arm-none-eabi-gcc/4.8.3-2014q1/bin/../lib/gcc/arm-none-eabi/4.8.3/../../../../arm-none-eabi/lib/armv7-m\libg.a(lib_a-vfiprintf.o)
 .text._vfiprintf_r
                0x000849e0      0xc54 c:/users/chris/appdata/local/arduino15/packages/arduino/tools/arm-none-eabi-gcc/4.8.3-2014q1/bin/../lib/gcc/arm-none-eabi/4.8.3/../../../../arm-none-eabi/lib/armv7-m\libg.a(lib_a-vfiprintf.o)
                0x000849e0                _vfiprintf_r
 .text.__sbprintf
                0x00085634       0x7c c:/users/chris/appdata/local/arduino15/packages/arduino/tools/arm-none-eabi-gcc/4.8.3-2014q1/bin/../lib/gcc/arm-none-eabi/4.8.3/../../../../arm-none-eabi/lib/armv7-m\libg.a(lib_a-vfiprintf.o)
 .text.__swsetup_r
                0x000856b0       0xc4 c:/users/chris/appdata/local/arduino15/packages/arduino/tools/arm-none-eabi-gcc/4.8.3-2014q1/bin/../lib/gcc/arm-none-eabi/4.8.3/../../../../arm-none-eabi/lib/armv7-m\libg.a(lib_a-wsetup.o)
                0x000856b0                __swsetup_r
 .text.__register_exitproc
                0x00085774       0xa8 c:/users/chris/appdata/local/arduino15/packages/arduino/tools/arm-none-eabi-gcc/4.8.3-2014q1/bin/../lib/gcc/arm-none-eabi/4.8.3/../../../../arm-none-eabi/lib/armv7-m\libg.a(lib_a-__atexit.o)
                0x00085774                __register_exitproc
 .text.startup.register_fini
                0x0008581c       0x14 c:/users/chris/appdata/local/arduino15/packages/arduino/tools/arm-none-eabi-gcc/4.8.3-2014q1/bin/../lib/gcc/arm-none-eabi/4.8.3/../../../../arm-none-eabi/lib/armv7-m\libg.a(lib_a-__call_atexit.o)
 .text.abort    0x00085830       0x10 c:/users/chris/appdata/local/arduino15/packages/arduino/tools/arm-none-eabi-gcc/4.8.3-2014q1/bin/../lib/gcc/arm-none-eabi/4.8.3/../../../../arm-none-eabi/lib/armv7-m\libg.a(lib_a-abort.o)
                0x00085830                abort
 .text.atexit   0x00085840        0xc c:/users/chris/appdata/local/arduino15/packages/arduino/tools/arm-none-eabi-gcc/4.8.3-2014q1/bin/../lib/gcc/arm-none-eabi/4.8.3/../../../../arm-none-eabi/lib/armv7-m\libg.a(lib_a-atexit.o)
                0x00085840                atexit
 .text.__sflush_r
                0x0008584c      0x148 c:/users/chris/appdata/local/arduino15/packages/arduino/tools/arm-none-eabi-gcc/4.8.3-2014q1/bin/../lib/gcc/arm-none-eabi/4.8.3/../../../../arm-none-eabi/lib/armv7-m\libg.a(lib_a-fflush.o)
                0x0008584c                __sflush_r
 .text._fflush_r
                0x00085994       0x2c c:/users/chris/appdata/local/arduino15/packages/arduino/tools/arm-none-eabi-gcc/4.8.3-2014q1/bin/../lib/gcc/arm-none-eabi/4.8.3/../../../../arm-none-eabi/lib/armv7-m\libg.a(lib_a-fflush.o)
                0x00085994                _fflush_r
 .text._cleanup_r
                0x000859c0        0xc c:/users/chris/appdata/local/arduino15/packages/arduino/tools/arm-none-eabi-gcc/4.8.3-2014q1/bin/../lib/gcc/arm-none-eabi/4.8.3/../../../../arm-none-eabi/lib/armv7-m\libg.a(lib_a-findfp.o)
                0x000859c0                _cleanup_r
 .text.__sinit  0x000859cc       0xf4 c:/users/chris/appdata/local/arduino15/packages/arduino/tools/arm-none-eabi-gcc/4.8.3-2014q1/bin/../lib/gcc/arm-none-eabi/4.8.3/../../../../arm-none-eabi/lib/armv7-m\libg.a(lib_a-findfp.o)
                0x000859cc                __sinit
 .text.__sfp_lock_acquire
                0x00085ac0        0x4 c:/users/chris/appdata/local/arduino15/packages/arduino/tools/arm-none-eabi-gcc/4.8.3-2014q1/bin/../lib/gcc/arm-none-eabi/4.8.3/../../../../arm-none-eabi/lib/armv7-m\libg.a(lib_a-findfp.o)
                0x00085ac0                __sfp_lock_acquire
 .text.__sfp_lock_release
                0x00085ac4        0x4 c:/users/chris/appdata/local/arduino15/packages/arduino/tools/arm-none-eabi-gcc/4.8.3-2014q1/bin/../lib/gcc/arm-none-eabi/4.8.3/../../../../arm-none-eabi/lib/armv7-m\libg.a(lib_a-findfp.o)
                0x00085ac4                __sfp_lock_release
 .text.__libc_fini_array
                0x00085ac8       0x30 c:/users/chris/appdata/local/arduino15/packages/arduino/tools/arm-none-eabi-gcc/4.8.3-2014q1/bin/../lib/gcc/arm-none-eabi/4.8.3/../../../../arm-none-eabi/lib/armv7-m\libg.a(lib_a-fini.o)
                0x00085ac8                __libc_fini_array
 .text._fputwc_r
                0x00085af8       0xc0 c:/users/chris/appdata/local/arduino15/packages/arduino/tools/arm-none-eabi-gcc/4.8.3-2014q1/bin/../lib/gcc/arm-none-eabi/4.8.3/../../../../arm-none-eabi/lib/armv7-m\libg.a(lib_a-fputwc.o)
                0x00085af8                _fputwc_r
 .text._malloc_trim_r
                0x00085bb8       0x9c c:/users/chris/appdata/local/arduino15/packages/arduino/tools/arm-none-eabi-gcc/4.8.3-2014q1/bin/../lib/gcc/arm-none-eabi/4.8.3/../../../../arm-none-eabi/lib/armv7-m\libg.a(lib_a-freer.o)
                0x00085bb8                _malloc_trim_r
 .text._free_r  0x00085c54      0x198 c:/users/chris/appdata/local/arduino15/packages/arduino/tools/arm-none-eabi-gcc/4.8.3-2014q1/bin/../lib/gcc/arm-none-eabi/4.8.3/../../../../arm-none-eabi/lib/armv7-m\libg.a(lib_a-freer.o)
                0x00085c54                _free_r
 .text.__sfvwrite_r
                0x00085dec      0x314 c:/users/chris/appdata/local/arduino15/packages/arduino/tools/arm-none-eabi-gcc/4.8.3-2014q1/bin/../lib/gcc/arm-none-eabi/4.8.3/../../../../arm-none-eabi/lib/armv7-m\libg.a(lib_a-fvwrite.o)
                0x00085dec                __sfvwrite_r
 .text._fwalk   0x00086100       0x48 c:/users/chris/appdata/local/arduino15/packages/arduino/tools/arm-none-eabi-gcc/4.8.3-2014q1/bin/../lib/gcc/arm-none-eabi/4.8.3/../../../../arm-none-eabi/lib/armv7-m\libg.a(lib_a-fwalk.o)
                0x00086100                _fwalk
 .text.__locale_charset
                0x00086148        0x8 c:/users/chris/appdata/local/arduino15/packages/arduino/tools/arm-none-eabi-gcc/4.8.3-2014q1/bin/../lib/gcc/arm-none-eabi/4.8.3/../../../../arm-none-eabi/lib/armv7-m\libg.a(lib_a-locale.o)
                0x00086148                __locale_charset
 .text.__locale_mb_cur_max
                0x00086150        0xc c:/users/chris/appdata/local/arduino15/packages/arduino/tools/arm-none-eabi-gcc/4.8.3-2014q1/bin/../lib/gcc/arm-none-eabi/4.8.3/../../../../arm-none-eabi/lib/armv7-m\libg.a(lib_a-locale.o)
                0x00086150                __locale_mb_cur_max
 .text.__smakebuf_r
                0x0008615c       0xe0 c:/users/chris/appdata/local/arduino15/packages/arduino/tools/arm-none-eabi-gcc/4.8.3-2014q1/bin/../lib/gcc/arm-none-eabi/4.8.3/../../../../arm-none-eabi/lib/armv7-m\libg.a(lib_a-makebuf.o)
                0x0008615c                __smakebuf_r
 .text.memchr   0x0008623c       0x94 c:/users/chris/appdata/local/arduino15/packages/arduino/tools/arm-none-eabi-gcc/4.8.3-2014q1/bin/../lib/gcc/arm-none-eabi/4.8.3/../../../../arm-none-eabi/lib/armv7-m\libg.a(lib_a-memchr-stub.o)
                0x0008623c                memchr
 .text._raise_r
                0x000862d0       0x58 c:/users/chris/appdata/local/arduino15/packages/arduino/tools/arm-none-eabi-gcc/4.8.3-2014q1/bin/../lib/gcc/arm-none-eabi/4.8.3/../../../../arm-none-eabi/lib/armv7-m\libg.a(lib_a-signal.o)
                0x000862d0                _raise_r
 .text.raise    0x00086328       0x10 c:/users/chris/appdata/local/arduino15/packages/arduino/tools/arm-none-eabi-gcc/4.8.3-2014q1/bin/../lib/gcc/arm-none-eabi/4.8.3/../../../../arm-none-eabi/lib/armv7-m\libg.a(lib_a-signal.o)
                0x00086328                raise
 .text._kill_r  0x00086338       0x28 c:/users/chris/appdata/local/arduino15/packages/arduino/tools/arm-none-eabi-gcc/4.8.3-2014q1/bin/../lib/gcc/arm-none-eabi/4.8.3/../../../../arm-none-eabi/lib/armv7-m\libg.a(lib_a-signalr.o)
                0x00086338                _kill_r
 .text._getpid_r
                0x00086360        0x4 c:/users/chris/appdata/local/arduino15/packages/arduino/tools/arm-none-eabi-gcc/4.8.3-2014q1/bin/../lib/gcc/arm-none-eabi/4.8.3/../../../../arm-none-eabi/lib/armv7-m\libg.a(lib_a-signalr.o)
                0x00086360                _getpid_r
 .text.__sread  0x00086364       0x24 c:/users/chris/appdata/local/arduino15/packages/arduino/tools/arm-none-eabi-gcc/4.8.3-2014q1/bin/../lib/gcc/arm-none-eabi/4.8.3/../../../../arm-none-eabi/lib/armv7-m\libg.a(lib_a-stdio.o)
                0x00086364                __sread
 .text.__swrite
                0x00086388       0x38 c:/users/chris/appdata/local/arduino15/packages/arduino/tools/arm-none-eabi-gcc/4.8.3-2014q1/bin/../lib/gcc/arm-none-eabi/4.8.3/../../../../arm-none-eabi/lib/armv7-m\libg.a(lib_a-stdio.o)
                0x00086388                __swrite
 .text.__sseek  0x000863c0       0x20 c:/users/chris/appdata/local/arduino15/packages/arduino/tools/arm-none-eabi-gcc/4.8.3-2014q1/bin/../lib/gcc/arm-none-eabi/4.8.3/../../../../arm-none-eabi/lib/armv7-m\libg.a(lib_a-stdio.o)
                0x000863c0                __sseek
 .text.__sclose
                0x000863e0        0x8 c:/users/chris/appdata/local/arduino15/packages/arduino/tools/arm-none-eabi-gcc/4.8.3-2014q1/bin/../lib/gcc/arm-none-eabi/4.8.3/../../../../arm-none-eabi/lib/armv7-m\libg.a(lib_a-stdio.o)
                0x000863e0                __sclose
 .text.__swbuf_r
                0x000863e8       0xa8 c:/users/chris/appdata/local/arduino15/packages/arduino/tools/arm-none-eabi-gcc/4.8.3-2014q1/bin/../lib/gcc/arm-none-eabi/4.8.3/../../../../arm-none-eabi/lib/armv7-m\libg.a(lib_a-wbuf.o)
                0x000863e8                __swbuf_r
 .text._wcrtomb_r
                0x00086490       0x50 c:/users/chris/appdata/local/arduino15/packages/arduino/tools/arm-none-eabi-gcc/4.8.3-2014q1/bin/../lib/gcc/arm-none-eabi/4.8.3/../../../../arm-none-eabi/lib/armv7-m\libg.a(lib_a-wcrtomb.o)
                0x00086490                _wcrtomb_r
 .text.__ascii_wctomb
                0x000864e0       0x1c c:/users/chris/appdata/local/arduino15/packages/arduino/tools/arm-none-eabi-gcc/4.8.3-2014q1/bin/../lib/gcc/arm-none-eabi/4.8.3/../../../../arm-none-eabi/lib/armv7-m\libg.a(lib_a-wctomb_r.o)
                0x000864e0                __ascii_wctomb
 .text._write_r
                0x000864fc       0x28 c:/users/chris/appdata/local/arduino15/packages/arduino/tools/arm-none-eabi-gcc/4.8.3-2014q1/bin/../lib/gcc/arm-none-eabi/4.8.3/../../../../arm-none-eabi/lib/armv7-m\libg.a(lib_a-writer.o)
                0x000864fc                _write_r
 .text._close_r
                0x00086524       0x24 c:/users/chris/appdata/local/arduino15/packages/arduino/tools/arm-none-eabi-gcc/4.8.3-2014q1/bin/../lib/gcc/arm-none-eabi/4.8.3/../../../../arm-none-eabi/lib/armv7-m\libg.a(lib_a-closer.o)
                0x00086524                _close_r
 .text._fclose_r
                0x00086548       0x80 c:/users/chris/appdata/local/arduino15/packages/arduino/tools/arm-none-eabi-gcc/4.8.3-2014q1/bin/../lib/gcc/arm-none-eabi/4.8.3/../../../../arm-none-eabi/lib/armv7-m\libg.a(lib_a-fclose.o)
                0x00086548                _fclose_r
 .text.fclose   0x000865c8       0x10 c:/users/chris/appdata/local/arduino15/packages/arduino/tools/arm-none-eabi-gcc/4.8.3-2014q1/bin/../lib/gcc/arm-none-eabi/4.8.3/../../../../arm-none-eabi/lib/armv7-m\libg.a(lib_a-fclose.o)
                0x000865c8                fclose
 .text._fstat_r
                0x000865d8       0x28 c:/users/chris/appdata/local/arduino15/packages/arduino/tools/arm-none-eabi-gcc/4.8.3-2014q1/bin/../lib/gcc/arm-none-eabi/4.8.3/../../../../arm-none-eabi/lib/armv7-m\libg.a(lib_a-fstatr.o)
                0x000865d8                _fstat_r
 .text._isatty_r
                0x00086600       0x24 c:/users/chris/appdata/local/arduino15/packages/arduino/tools/arm-none-eabi-gcc/4.8.3-2014q1/bin/../lib/gcc/arm-none-eabi/4.8.3/../../../../arm-none-eabi/lib/armv7-m\libg.a(lib_a-isattyr.o)
                0x00086600                _isatty_r
 .text._lseek_r
                0x00086624       0x28 c:/users/chris/appdata/local/arduino15/packages/arduino/tools/arm-none-eabi-gcc/4.8.3-2014q1/bin/../lib/gcc/arm-none-eabi/4.8.3/../../../../arm-none-eabi/lib/armv7-m\libg.a(lib_a-lseekr.o)
                0x00086624                _lseek_r
 .text._read_r  0x0008664c       0x28 c:/users/chris/appdata/local/arduino15/packages/arduino/tools/arm-none-eabi-gcc/4.8.3-2014q1/bin/../lib/gcc/arm-none-eabi/4.8.3/../../../../arm-none-eabi/lib/armv7-m\libg.a(lib_a-readr.o)
                0x0008664c                _read_r
 .text          0x00086674       0x2c c:/users/chris/appdata/local/arduino15/packages/arduino/tools/arm-none-eabi-gcc/4.8.3-2014q1/bin/../lib/gcc/arm-none-eabi/4.8.3/armv7-m\libgcc.a(_aeabi_uldivmod.o)
                0x00086674                __aeabi_uldivmod
 .text          0x000866a0       0x60 c:/users/chris/appdata/local/arduino15/packages/arduino/tools/arm-none-eabi-gcc/4.8.3-2014q1/bin/../lib/gcc/arm-none-eabi/4.8.3/armv7-m\libgcc.a(bpabi.o)
                0x000866a0                __gnu_ldivmod_helper
                0x000866d0                __gnu_uldivmod_helper
 .text          0x00086700        0x4 c:/users/chris/appdata/local/arduino15/packages/arduino/tools/arm-none-eabi-gcc/4.8.3-2014q1/bin/../lib/gcc/arm-none-eabi/4.8.3/armv7-m\libgcc.a(_dvmd_tls.o)
                0x00086700                __aeabi_idiv0
                0x00086700                __aeabi_ldiv0
 .text          0x00086704      0x2a0 c:/users/chris/appdata/local/arduino15/packages/arduino/tools/arm-none-eabi-gcc/4.8.3-2014q1/bin/../lib/gcc/arm-none-eabi/4.8.3/armv7-m\libgcc.a(_divdi3.o)
                0x00086704                __divdi3
 .text          0x000869a4      0x290 c:/users/chris/appdata/local/arduino15/packages/arduino/tools/arm-none-eabi-gcc/4.8.3-2014q1/bin/../lib/gcc/arm-none-eabi/4.8.3/armv7-m\libgcc.a(_udivdi3.o)
                0x000869a4                __udivdi3
 *(.glue_7t)
 .glue_7t       0x00000000        0x0 linker stubs
 *(.glue_7)
 .glue_7        0x00000000        0x0 linker stubs
 *(.rodata .rodata* .gnu.linkonce.r.*)
 .rodata        0x00086c34        0xa configuracion.cpp.o
 .rodata.str1.1
                0x00086c3e       0x79 configuracion.cpp.o
 *fill*         0x00086cb7        0x1 
 .rodata._ZTV7display
                0x00086cb8       0x10 displayLCD.cpp.o
                0x00086cb8                vtable for display
 .rodata.str1.1
                0x00086cc8       0xca displayLCD.cpp.o
                                 0xcf (size before relaxing)
 .rodata.str1.1
                0x00086d92        0x5 estados.cpp.o
                                  0xa (size before relaxing)
 .rodata.str1.1
                0x00086d97        0xd interrupciones.cpp.o
 .rodata.str1.1
                0x00086da4        0xb wifi_i2c.cpp.o
 *fill*         0x00086daf        0x1 
 .rodata._ZTV7TwoWire
                0x00086db0       0x20 Wire\Wire.cpp.o
                0x00086db0                vtable for TwoWire
 .rodata._ZTV21LiquidCrystal_PCF8574
                0x00086dd0       0x10 LiquidCrystal_PCF8574\LiquidCrystal_PCF8574.cpp.o
                0x00086dd0                vtable for LiquidCrystal_PCF8574
 .rodata        0x00086de0       0x10 LiquidCrystal_PCF8574\LiquidCrystal_PCF8574.cpp.o
 .rodata.g_APinDescription
                0x00086df0      0xa2c C:\Users\chris\AppData\Local\Temp\VMBCore\arduino16x\fe3f83a7e80c02942d0516c7fa29c934\variant\variant.cpp.o
                0x00086df0                g_APinDescription
 .rodata.__func__.7227
                0x0008781c        0xe C:\Users\chris\AppData\Local\arduino15\packages\arduino\hardware\sam\1.6.11\variants\arduino_due_x/libsam_sam3x8e_gcc_rel.a(twi.o)
 .rodata.__func__.7157
                0x0008782a        0xd C:\Users\chris\AppData\Local\arduino15\packages\arduino\hardware\sam\1.6.11\variants\arduino_due_x/libsam_sam3x8e_gcc_rel.a(twi.o)
 .rodata.__func__.7208
                0x00087837        0xf C:\Users\chris\AppData\Local\arduino15\packages\arduino\hardware\sam\1.6.11\variants\arduino_due_x/libsam_sam3x8e_gcc_rel.a(twi.o)
 .rodata.__func__.7172
                0x00087846       0x13 C:\Users\chris\AppData\Local\arduino15\packages\arduino\hardware\sam\1.6.11\variants\arduino_due_x/libsam_sam3x8e_gcc_rel.a(twi.o)
 .rodata.__func__.7176
                0x00087859        0xc C:\Users\chris\AppData\Local\arduino15\packages\arduino\hardware\sam\1.6.11\variants\arduino_due_x/libsam_sam3x8e_gcc_rel.a(twi.o)
 .rodata.str1.1
                0x00087865       0xb4 C:\Users\chris\AppData\Local\arduino15\packages\arduino\hardware\sam\1.6.11\variants\arduino_due_x/libsam_sam3x8e_gcc_rel.a(twi.o)
 .rodata.__func__.7184
                0x00087919        0x9 C:\Users\chris\AppData\Local\arduino15\packages\arduino\hardware\sam\1.6.11\variants\arduino_due_x/libsam_sam3x8e_gcc_rel.a(twi.o)
 .rodata.__func__.7231
                0x00087922        0xe C:\Users\chris\AppData\Local\arduino15\packages\arduino\hardware\sam\1.6.11\variants\arduino_due_x/libsam_sam3x8e_gcc_rel.a(twi.o)
 .rodata.__func__.7195
                0x00087930        0xd C:\Users\chris\AppData\Local\arduino15\packages\arduino\hardware\sam\1.6.11\variants\arduino_due_x/libsam_sam3x8e_gcc_rel.a(twi.o)
 .rodata.__func__.7222
                0x0008793d        0xd C:\Users\chris\AppData\Local\arduino15\packages\arduino\hardware\sam\1.6.11\variants\arduino_due_x/libsam_sam3x8e_gcc_rel.a(twi.o)
 .rodata.__func__.7200
                0x0008794a        0xe C:\Users\chris\AppData\Local\arduino15\packages\arduino\hardware\sam\1.6.11\variants\arduino_due_x/libsam_sam3x8e_gcc_rel.a(twi.o)
 .rodata.__func__.7151
                0x00087958       0x14 C:\Users\chris\AppData\Local\arduino15\packages\arduino\hardware\sam\1.6.11\variants\arduino_due_x/libsam_sam3x8e_gcc_rel.a(twi.o)
 .rodata        0x0008796c       0x40 C:\Users\chris\AppData\Local\arduino15\packages\arduino\hardware\sam\1.6.11\variants\arduino_due_x/libsam_sam3x8e_gcc_rel.a(adc.o)
 .rodata.str1.1
                0x000879ac       0x19 C:\Users\chris\AppData\Local\Temp\VMBuilds\Due\arduino_due_x_dbg\Debug/core.a(syscalls_sam3.c.o)
 *fill*         0x000879c5        0x3 
 .rodata.channelToId.9433
                0x000879c8       0x48 C:\Users\chris\AppData\Local\Temp\VMBuilds\Due\arduino_due_x_dbg\Debug/core.a(wiring_analog.c.o)
 .rodata.channelToTC.9432
                0x00087a10       0x48 C:\Users\chris\AppData\Local\Temp\VMBuilds\Due\arduino_due_x_dbg\Debug/core.a(wiring_analog.c.o)
 .rodata.channelToChNo.9430
                0x00087a58       0x48 C:\Users\chris\AppData\Local\Temp\VMBuilds\Due\arduino_due_x_dbg\Debug/core.a(wiring_analog.c.o)
 .rodata.channelToAB.9431
                0x00087aa0       0x48 C:\Users\chris\AppData\Local\Temp\VMBuilds\Due\arduino_due_x_dbg\Debug/core.a(wiring_analog.c.o)
 .rodata.str1.1
                0x00087ae8        0xf C:\Users\chris\AppData\Local\Temp\VMBuilds\Due\arduino_due_x_dbg\Debug/core.a(Print.cpp.o)
 *fill*         0x00087af7        0x1 
 .rodata._ZTV9UARTClass
                0x00087af8       0x30 C:\Users\chris\AppData\Local\Temp\VMBuilds\Due\arduino_due_x_dbg\Debug/core.a(UARTClass.cpp.o)
                0x00087af8                vtable for UARTClass
 .rodata._ZTV10USARTClass
                0x00087b28       0x30 C:\Users\chris\AppData\Local\Temp\VMBuilds\Due\arduino_due_x_dbg\Debug/core.a(USARTClass.cpp.o)
                0x00087b28                vtable for USARTClass
 .rodata.STRING_PRODUCT
                0x00087b58        0xc C:\Users\chris\AppData\Local\Temp\VMBuilds\Due\arduino_due_x_dbg\Debug/core.a(USBCore.cpp.o)
                0x00087b58                STRING_PRODUCT
 .rodata.USB_DeviceDescriptor
                0x00087b64       0x12 C:\Users\chris\AppData\Local\Temp\VMBuilds\Due\arduino_due_x_dbg\Debug/core.a(USBCore.cpp.o)
                0x00087b64                USB_DeviceDescriptor
 .rodata.STRING_LANGUAGE
                0x00087b76        0x4 C:\Users\chris\AppData\Local\Temp\VMBuilds\Due\arduino_due_x_dbg\Debug/core.a(USBCore.cpp.o)
                0x00087b76                STRING_LANGUAGE
 .rodata._ZL18test_packet_buffer
                0x00087b7a       0x35 C:\Users\chris\AppData\Local\Temp\VMBuilds\Due\arduino_due_x_dbg\Debug/core.a(USBCore.cpp.o)
 .rodata.STRING_MANUFACTURER
                0x00087baf        0xc C:\Users\chris\AppData\Local\Temp\VMBuilds\Due\arduino_due_x_dbg\Debug/core.a(USBCore.cpp.o)
                0x00087baf                STRING_MANUFACTURER
 .rodata.USB_DeviceDescriptorA
                0x00087bbb       0x12 C:\Users\chris\AppData\Local\Temp\VMBuilds\Due\arduino_due_x_dbg\Debug/core.a(USBCore.cpp.o)
                0x00087bbb                USB_DeviceDescriptorA
 .rodata._ZL19USB_DeviceQualifier
                0x00087bcd        0x9 C:\Users\chris\AppData\Local\Temp\VMBuilds\Due\arduino_due_x_dbg\Debug/core.a(USBCore.cpp.o)
 *fill*         0x00087bd6        0x2 
 .rodata._ZTV7Serial_
                0x00087bd8       0x28 C:\Users\chris\AppData\Local\Temp\VMBuilds\Due\arduino_due_x_dbg\Debug/core.a(CDC.cpp.o)
                0x00087bd8                vtable for Serial_
 .rodata._ZL18_cdcOtherInterface
                0x00087c00       0x42 C:\Users\chris\AppData\Local\Temp\VMBuilds\Due\arduino_due_x_dbg\Debug/core.a(CDC.cpp.o)
 .rodata._ZL13_cdcInterface