Archive member included because of file (symbol)

C:\Users\chris\AppData\Local\arduino15\packages\arduino\hardware\sam\1.6.11\variants\arduino_due_x/libsam_sam3x8e_gcc_rel.a(pio.o)
                              Wire\Wire.cpp.o (PIO_Configure)
C:\Users\chris\AppData\Local\arduino15\packages\arduino\hardware\sam\1.6.11\variants\arduino_due_x/libsam_sam3x8e_gcc_rel.a(pmc.o)
                              Wire\Wire.cpp.o (pmc_enable_periph_clk)
C:\Users\chris\AppData\Local\arduino15\packages\arduino\hardware\sam\1.6.11\variants\arduino_due_x/libsam_sam3x8e_gcc_rel.a(twi.o)
                              Wire\Wire.cpp.o (TWI_SetClock)
C:\Users\chris\AppData\Local\arduino15\packages\arduino\hardware\sam\1.6.11\variants\arduino_due_x/libsam_sam3x8e_gcc_rel.a(system_sam3xa.o)
                              C:\Users\chris\AppData\Local\Temp\VMBCore\arduino16x\fe3f83a7e80c02942d0516c7fa29c934\variant\variant.cpp.o (SystemInit)
C:\Users\chris\AppData\Local\arduino15\packages\arduino\hardware\sam\1.6.11\variants\arduino_due_x/libsam_sam3x8e_gcc_rel.a(startup_sam3xa.o)
                              (Reset_Handler)
C:\Users\chris\AppData\Local\arduino15\packages\arduino\hardware\sam\1.6.11\variants\arduino_due_x/libsam_sam3x8e_gcc_rel.a(adc.o)
                              C:\Users\chris\AppData\Local\Temp\VMBCore\arduino16x\fe3f83a7e80c02942d0516c7fa29c934\variant\variant.cpp.o (adc_init)
C:\Users\chris\AppData\Local\arduino15\packages\arduino\hardware\sam\1.6.11\variants\arduino_due_x/libsam_sam3x8e_gcc_rel.a(uotghs.o)
                              C:\Users\chris\AppData\Local\arduino15\packages\arduino\hardware\sam\1.6.11\variants\arduino_due_x/libsam_sam3x8e_gcc_rel.a(startup_sam3xa.o) (UOTGHS_Handler)
C:\Users\chris\AppData\Local\Temp\VMBuilds\Due\arduino_due_x_dbg\Debug/core.a(cortex_handlers.c.o)
                              C:\Users\chris\AppData\Local\arduino15\packages\arduino\hardware\sam\1.6.11\variants\arduino_due_x/libsam_sam3x8e_gcc_rel.a(startup_sam3xa.o) (NMI_Handler)
C:\Users\chris\AppData\Local\Temp\VMBuilds\Due\arduino_due_x_dbg\Debug/core.a(hooks.c.o)
                              C:\Users\chris\AppData\Local\Temp\VMBuilds\Due\arduino_due_x_dbg\Debug/core.a(cortex_handlers.c.o) (sysTickHook)
C:\Users\chris\AppData\Local\Temp\VMBuilds\Due\arduino_due_x_dbg\Debug/core.a(syscalls_sam3.c.o)
                              (_sbrk)
C:\Users\chris\AppData\Local\Temp\VMBuilds\Due\arduino_due_x_dbg\Debug/core.a(WInterrupts.c.o)
                              configuracion.cpp.o (attachInterrupt)
C:\Users\chris\AppData\Local\Temp\VMBuilds\Due\arduino_due_x_dbg\Debug/core.a(wiring.c.o)
                              configuracion.cpp.o (millis)
C:\Users\chris\AppData\Local\Temp\VMBuilds\Due\arduino_due_x_dbg\Debug/core.a(wiring_analog.c.o)
                              estados.cpp.o (analogReadResolution)
C:\Users\chris\AppData\Local\Temp\VMBuilds\Due\arduino_due_x_dbg\Debug/core.a(wiring_digital.c.o)
                              configuracion.cpp.o (pinMode)
C:\Users\chris\AppData\Local\Temp\VMBuilds\Due\arduino_due_x_dbg\Debug/core.a(abi.cpp.o)
                              Wire\Wire.cpp.o (__cxa_pure_virtual)
C:\Users\chris\AppData\Local\Temp\VMBuilds\Due\arduino_due_x_dbg\Debug/core.a(main.cpp.o)
                              c:/users/chris/appdata/local/arduino15/packages/arduino/tools/arm-none-eabi-gcc/4.8.3-2014q1/bin/../lib/gcc/arm-none-eabi/4.8.3/../../../../arm-none-eabi/lib/armv7-m/crt0.o (main)
C:\Users\chris\AppData\Local\Temp\VMBuilds\Due\arduino_due_x_dbg\Debug/core.a(Print.cpp.o)
                              displayLCD.cpp.o (Print::write(unsigned char const*, unsigned int))
C:\Users\chris\AppData\Local\Temp\VMBuilds\Due\arduino_due_x_dbg\Debug/core.a(Reset.cpp.o)
                              C:\Users\chris\AppData\Local\Temp\VMBuilds\Due\arduino_due_x_dbg\Debug/core.a(cortex_handlers.c.o) (tickReset)
C:\Users\chris\AppData\Local\Temp\VMBuilds\Due\arduino_due_x_dbg\Debug/core.a(RingBuffer.cpp.o)
                              C:\Users\chris\AppData\Local\Temp\VMBCore\arduino16x\fe3f83a7e80c02942d0516c7fa29c934\variant\variant.cpp.o (RingBuffer::RingBuffer())
C:\Users\chris\AppData\Local\Temp\VMBuilds\Due\arduino_due_x_dbg\Debug/core.a(UARTClass.cpp.o)
                              C:\Users\chris\AppData\Local\Temp\VMBCore\arduino16x\fe3f83a7e80c02942d0516c7fa29c934\variant\variant.cpp.o (UARTClass::available())
C:\Users\chris\AppData\Local\Temp\VMBuilds\Due\arduino_due_x_dbg\Debug/core.a(USARTClass.cpp.o)
                              configuracion.cpp.o (USARTClass::begin(unsigned long))
C:\Users\chris\AppData\Local\Temp\VMBuilds\Due\arduino_due_x_dbg\Debug/core.a(watchdog.cpp.o)
                              C:\Users\chris\AppData\Local\Temp\VMBuilds\Due\arduino_due_x_dbg\Debug/core.a(main.cpp.o) (watchdogSetup())
C:\Users\chris\AppData\Local\Temp\VMBuilds\Due\arduino_due_x_dbg\Debug/core.a(WString.cpp.o)
[...]
Memory Configuration

Name             Origin             Length             Attributes
rom              0x00080000         0x00080000         xr
sram0            0x20000000         0x00010000         xrw
sram1            0x20080000         0x00008000         xrw
ram              0x20070000         0x00018000         xrw
*default*        0x00000000         0xffffffff

Linker script and memory map

LOAD c:/users/chris/appdata/local/arduino15/packages/arduino/tools/arm-none-eabi-gcc/4.8.3-2014q1/bin/../lib/gcc/arm-none-eabi/4.8.3/armv7-m/crti.o
LOAD c:/users/chris/appdata/local/arduino15/packages/arduino/tools/arm-none-eabi-gcc/4.8.3-2014q1/bin/../lib/gcc/arm-none-eabi/4.8.3/armv7-m/crtbegin.o
LOAD c:/users/chris/appdata/local/arduino15/packages/arduino/tools/arm-none-eabi-gcc/4.8.3-2014q1/bin/../lib/gcc/arm-none-eabi/4.8.3/../../../../arm-none-eabi/lib/armv7-m/crt0.o
START GROUP
LOAD Due.cpp.o
LOAD blynk_bt.cpp.o
LOAD configuracion.cpp.o
LOAD displayLCD.cpp.o
LOAD estados.cpp.o
LOAD interrupciones.cpp.o
LOAD luces.cpp.o
LOAD offlineBlynkBT.cpp.o
LOAD reloj.cpp.o
LOAD wifi_i2c.cpp.o
LOAD Wire\Wire.cpp.o
LOAD LiquidCrystal_PCF8574\LiquidCrystal_PCF8574.cpp.o
LOAD Blynk\utility\BlynkDebug.cpp.o
LOAD Blynk\utility\BlynkHandlers.cpp.o
LOAD Blynk\utility\BlynkTimer.cpp.o
LOAD Blynk\utility\utility.cpp.o
LOAD C:\Users\chris\AppData\Local\Temp\VMBCore\arduino16x\fe3f83a7e80c02942d0516c7fa29c934\variant\variant.cpp.o
LOAD C:\Users\chris\AppData\Local\arduino15\packages\arduino\hardware\sam\1.6.11\variants\arduino_due_x/libsam_sam3x8e_gcc_rel.a
LOAD C:\Users\chris\AppData\Local\Temp\VMBuilds\Due\arduino_due_x_dbg\Debug/core.a
END GROUP
LOAD c:/users/chris/appdata/local/arduino15/packages/arduino/tools/arm-none-eabi-gcc/4.8.3-2014q1/bin/../lib/gcc/arm-none-eabi/4.8.3/../../../../arm-none-eabi/lib/armv7-m\libm.a
START GROUP
LOAD c:/users/chris/appdata/local/arduino15/packages/arduino/tools/arm-none-eabi-gcc/4.8.3-2014q1/bin/../lib/gcc/arm-none-eabi/4.8.3/armv7-m\libgcc.a
LOAD c:/users/chris/appdata/local/arduino15/packages/arduino/tools/arm-none-eabi-gcc/4.8.3-2014q1/bin/../lib/gcc/arm-none-eabi/4.8.3/../../../../arm-none-eabi/lib/armv7-m\libg.a
LOAD c:/users/chris/appdata/local/arduino15/packages/arduino/tools/arm-none-eabi-gcc/4.8.3-2014q1/bin/../lib/gcc/arm-none-eabi/4.8.3/../../../../arm-none-eabi/lib/armv7-m\libc.a
END GROUP
LOAD c:/users/chris/appdata/local/arduino15/packages/arduino/tools/arm-none-eabi-gcc/4.8.3-2014q1/bin/../lib/gcc/arm-none-eabi/4.8.3/armv7-m/crtend.o
LOAD c:/users/chris/appdata/local/arduino15/packages/arduino/tools/arm-none-eabi-gcc/4.8.3-2014q1/bin/../lib/gcc/arm-none-eabi/4.8.3/armv7-m/crtn.o

.text           0x00080000     0x7fe0
                0x00080000                . = ALIGN (0x4)
                0x00080000                _sfixed = .
 *(.vectors .vectors.*)
 .vectors       0x00080000       0xf4 C:\Users\chris\AppData\Local\arduino15\packages\arduino\hardware\sam\1.6.11\variants\arduino_due_x/libsam_sam3x8e_gcc_rel.a(startup_sam3xa.o)
                0x00080000                exception_table
 *(.text .text.* .gnu.linkonce.t.*)
 .text          0x000800f4       0x54 c:/users/chris/appdata/local/arduino15/packages/arduino/tools/arm-none-eabi-gcc/4.8.3-2014q1/bin/../lib/gcc/arm-none-eabi/4.8.3/armv7-m/crtbegin.o
 .text.setup    0x00080148       0x34 Due.cpp.o
                0x00080148                setup
 .text.loop     0x0008017c       0x18 Due.cpp.o
                0x0008017c                loop
 .text.startup._GLOBAL__sub_I_does
                0x00080194       0x20 Due.cpp.o
 .text._ZN16iniciar_declarar12dispositivosEv
                0x000801b4        0x6 configuracion.cpp.o
                0x000801b4                iniciar_declarar::dispositivos()
 *fill*         0x000801ba        0x2 
 .text._ZN16iniciar_declarar7outputsEv
                0x000801bc       0x58 configuracion.cpp.o
                0x000801bc                iniciar_declarar::outputs()
 .text._ZN16iniciar_declarar6inputsEv
                0x00080214       0x90 configuracion.cpp.o
                0x00080214                iniciar_declarar::inputs()
 .text._ZN14interrupciones4initEv
                0x000802a4       0x40 configuracion.cpp.o
                0x000802a4                interrupciones::init()
 .text._ZN14interrupciones14temporalizadorEmPmPFvvE
                0x000802e4       0x1e configuracion.cpp.o
                0x000802e4                interrupciones::temporalizador(unsigned long, unsigned long*, void (*)())
 *fill*         0x00080302        0x2 
 .text._ZN16iniciar_declarar6serialEv
                0x00080304       0x10 configuracion.cpp.o
                0x00080304                iniciar_declarar::serial()
 .text._ZN16iniciar_declarar9bluetoothEv
                0x00080314       0x78 configuracion.cpp.o
                0x00080314                iniciar_declarar::bluetooth()
 .text.__tcf_1  0x0008038c       0x1c displayLCD.cpp.o
 .text.__tcf_0  0x000803a8       0x1c displayLCD.cpp.o
 .text._ZN7displayC2Eh6Stringii
                0x000803c4       0x38 displayLCD.cpp.o
                0x000803c4                display::display(unsigned char, String, int, int)
                0x000803c4                display::display(unsigned char, String, int, int)
 .text._ZN7display13customCharALLEv
                0x000803fc       0x78 displayLCD.cpp.o
                0x000803fc                display::customCharALL()
 .text._ZN7display4initEv
                0x00080474       0x68 displayLCD.cpp.o
                0x00080474                display::init()
 .text._ZN7display8imprimirEii6String
                0x000804dc       0x1a displayLCD.cpp.o
                0x000804dc                display::imprimir(int, int, String)
 *fill*         0x000804f6        0x2 
 .text._ZN7display6gotoxyEii
                0x000804f8       0x30 displayLCD.cpp.o
                0x000804f8                display::gotoxy(int, int)
 .text._ZN7display6brilloEm
                0x00080528       0x26 displayLCD.cpp.o
                0x00080528                display::brillo(unsigned long)
 *fill*         0x0008054e        0x2 
 .text._ZN7display8encenderEh
                0x00080550       0xd8 displayLCD.cpp.o
                0x00080550                display::encender(unsigned char)
 .text._ZN7display10printFechaEiiiiii
                0x00080628       0x5c displayLCD.cpp.o
                0x00080628                display::printFecha(int, int, int, int, int, int)
 .text._ZN7display9printHoraEiiiii
                0x00080684       0x4c displayLCD.cpp.o
                0x00080684                display::printHora(int, int, int, int, int)
 .text._ZN7display12printSimboloEiii
                0x000806d0       0x16 displayLCD.cpp.o
                0x000806d0                display::printSimbolo(int, int, int)
 .text._ZN7display5resetEv
                0x000806e6       0x26 displayLCD.cpp.o
                0x000806e6                display::reset()
 .text._ZN7display10printClimaEiiiii
                0x0008070c       0x58 displayLCD.cpp.o
                0x0008070c                display::printClima(int, int, int, int, int)
 .text._ZN7display7printBTEiib
                0x00080764       0x28 displayLCD.cpp.o
                0x00080764                display::printBT(int, int, bool)
 .text._ZN7display9printWiFiEiib
                0x0008078c       0x28 displayLCD.cpp.o
                0x0008078c                display::printWiFi(int, int, bool)
 .text.startup._GLOBAL__sub_I_grados_c
                0x000807b4      0x138 displayLCD.cpp.o
 .text._ZN7displayD2Ev
                0x000808ec       0x18 estados.cpp.o
                0x000808ec                display::~display()
                0x000808ec                display::~display()
 .text._ZN6estado4homeEv
                0x00080904      0x11c estados.cpp.o
                0x00080904                estado::home()
 .text._ZN6estado6configEv
                0x00080a20       0x34 estados.cpp.o
                0x00080a20                estado::config()
 .text._ZN6estado10permanenteEv
                0x00080a54       0x1c estados.cpp.o
                0x00080a54                estado::permanente()
 .text._ZN6estado13select_estadoEv
                0x00080a70        0x2 estados.cpp.o
                0x00080a70                estado::select_estado()
 *fill*         0x00080a72        0x2 
 .text.startup._GLOBAL__sub_I_lcd
                0x00080a74      0x118 estados.cpp.o
 .text._Z16i2c_interrupcionv
                0x00080b8c        0x2 interrupciones.cpp.o
                0x00080b8c                i2c_interrupcion()
 .text._Z17MQ_2_interrupcionv
                0x00080b8e        0x2 interrupciones.cpp.o
                0x00080b8e                MQ_2_interrupcion()
 .text._Z16pir_interrupcionv
                0x00080b90        0x2 interrupciones.cpp.o
                0x00080b90                pir_interrupcion()
 .text._Z9piezo_piphh
                0x00080b92       0x3e interrupciones.cpp.o
                0x00080b92                piezo_pip(unsigned char, unsigned char)
 .text._Z7erroresh
                0x00080bd0       0x38 interrupciones.cpp.o
                0x00080bd0                errores(unsigned char)
 .text.startup._GLOBAL__sub_I__blynkTransport
                0x00080c08       0x28 offlineBlynkBT.cpp.o
 .text._Z12requestEventv
                0x00080c30        0x2 wifi_i2c.cpp.o
                0x00080c30                requestEvent()
 *fill*         0x00080c32        0x2 
 .text._ZN5wifiN7getHoraEv
                0x00080c34        0xc wifi_i2c.cpp.o
                0x00080c34                wifiN::getHora()
 .text._ZN5wifiN10getMinutosEv
                0x00080c40        0xc wifi_i2c.cpp.o
                0x00080c40                wifiN::getMinutos()
 .text._ZN5wifiN11getSegundosEv
                0x00080c4c        0xc wifi_i2c.cpp.o
                0x00080c4c                wifiN::getSegundos()
 .text._ZN5wifiN6getDiaEv
                0x00080c58        0xc wifi_i2c.cpp.o
                0x00080c58                wifiN::getDia()
 .text._ZN5wifiN7getDiaSEv
                0x00080c64        0xc wifi_i2c.cpp.o
                0x00080c64                wifiN::getDiaS()
 .text._ZN5wifiN6getMesEv
                0x00080c70        0xc wifi_i2c.cpp.o
                0x00080c70                wifiN::getMes()
 .text._ZN5wifiN7getAnioEv
                0x00080c7c        0xc wifi_i2c.cpp.o
                0x00080c7c                wifiN::getAnio()
 .text._ZN5wifiN10getCelsiusEv
                0x00080c88        0xc wifi_i2c.cpp.o
                0x00080c88                wifiN::getCelsius()
 .text._ZN5wifiN10getHumedadEv
                0x00080c94        0xc wifi_i2c.cpp.o
                0x00080c94                wifiN::getHumedad()
 .text._ZN5wifiN6getHICEv
                0x00080ca0        0xc wifi_i2c.cpp.o
                0x00080ca0                wifiN::getHIC()
 .text._ZN5wifiN7getBtEnEv
                0x00080cac        0xc wifi_i2c.cpp.o
                0x00080cac                wifiN::getBtEn()
 .text._ZN5wifiN7getDoorEv
                0x00080cb8        0xc wifi_i2c.cpp.o
                0x00080cb8                wifiN::getDoor()
 .text._ZN5wifiN7getWifiEv
                0x00080cc4        0xc wifi_i2c.cpp.o
                0x00080cc4                wifiN::getWifi()
 .text._ZN5wifiN5resetEv
                0x00080cd0       0x32 wifi_i2c.cpp.o
                0x00080cd0                wifiN::reset()
 *fill*         0x00080d02        0x2 
 .text._ZN5wifiN6configEv
                0x00080d04       0x34 wifi_i2c.cpp.o
                0x00080d04                wifiN::config()
 .text._Z12receiveEventi
                0x00080d38      0x1d4 wifi_i2c.cpp.o
                0x00080d38                receiveEvent(int)
 .text._ZN7TwoWire5writeEPKhj
                0x00080f0c       0x50 Wire\Wire.cpp.o
                0x00080f0c                TwoWire::write(unsigned char const*, unsigned int)
 .text._ZN7TwoWire9availableEv
                0x00080f5c        0xc Wire\Wire.cpp.o
                0x00080f5c                TwoWire::available()
 .text._ZN7TwoWire4readEv
                0x00080f68       0x1e Wire\Wire.cpp.o
                0x00080f68                TwoWire::read()
 .text._ZN7TwoWire4peekEv
                0x00080f86       0x16 Wire\Wire.cpp.o
                0x00080f86                TwoWire::peek()
 .text._ZN7TwoWire5flushEv
                0x00080f9c        0x2 Wire\Wire.cpp.o
                0x00080f9c                TwoWire::flush()
 .text._ZN7TwoWire5writeEh
                0x00080f9e       0x3a Wire\Wire.cpp.o
                0x00080f9e                TwoWire::write(unsigned char)
 .text._ZL16TWI_WaitByteSentP3Twim.constprop.3
                0x00080fd8       0x2c Wire\Wire.cpp.o
 .text._ZL24TWI_WaitTransferCompleteP3Twim.constprop.4
                0x00081004       0x2c Wire\Wire.cpp.o
 .text._ZL9Wire_Initv
                0x00081030       0x54 Wire\Wire.cpp.o
 .text._ZL12Wire1_Deinitv
                0x00081084       0x18 Wire\Wire.cpp.o
 .text._ZL11Wire_Deinitv
                0x0008109c       0x18 Wire\Wire.cpp.o
 .text._ZL10Wire1_Initv
                0x000810b4       0x54 Wire\Wire.cpp.o
 .text._ZN7TwoWireC2EP3TwiPFvvES3_
                0x00081108       0x48 Wire\Wire.cpp.o
                0x00081108                TwoWire::TwoWire(Twi*, void (*)(), void (*)())
                0x00081108                TwoWire::TwoWire(Twi*, void (*)(), void (*)())
 .text._ZN7TwoWire5beginEv
                0x00081150       0x30 Wire\Wire.cpp.o
                0x00081150                TwoWire::begin()
 .text._ZN7TwoWire5beginEh
                0x00081180       0x34 Wire\Wire.cpp.o
                0x00081180                TwoWire::begin(unsigned char)
 .text._ZN7TwoWire5beginEi
                0x000811b4        0x6 Wire\Wire.cpp.o
                0x000811b4                TwoWire::begin(int)
 .text._ZN7TwoWire17beginTransmissionEh
                0x000811ba       0x12 Wire\Wire.cpp.o
                0x000811ba                TwoWire::beginTransmission(unsigned char)
 .text._ZN7TwoWire17beginTransmissionEi
                0x000811cc       0x12 Wire\Wire.cpp.o
                0x000811cc                TwoWire::beginTransmission(int)
 .text._ZN7TwoWire15endTransmissionEh
                0x000811de       0x82 Wire\Wire.cpp.o
                0x000811de                TwoWire::endTransmission(unsigned char)
 .text._ZN7TwoWire15endTransmissionEv
                0x00081260        0x6 Wire\Wire.cpp.o
                0x00081260                TwoWire::endTransmission()
 .text._ZN7TwoWire9onReceiveEPFviE
                0x00081266        0x4 Wire\Wire.cpp.o
                0x00081266                TwoWire::onReceive(void (*)(int))
 .text._ZN7TwoWire9onRequestEPFvvE
                0x0008126a        0x4 Wire\Wire.cpp.o
                0x0008126a                TwoWire::onRequest(void (*)())
 .text._ZN7TwoWire9onServiceEv
                0x0008126e      0x118 Wire\Wire.cpp.o
                0x0008126e                TwoWire::onService()
 *fill*         0x00081386        0x2 
 .text.TWI1_Handler
                0x00081388        0xc Wire\Wire.cpp.o
                0x00081388                TWI1_Handler
 .text.TWI0_Handler
                0x00081394        0xc Wire\Wire.cpp.o
                0x00081394                TWI0_Handler
 .text.startup._GLOBAL__sub_I__ZN7TwoWireC2EP3TwiPFvvES3_
                0x000813a0       0x40 Wire\Wire.cpp.o
 .text._ZN21LiquidCrystal_PCF8574C2Eh
                0x000813e0       0x14 LiquidCrystal_PCF8574\LiquidCrystal_PCF8574.cpp.o
                0x000813e0                LiquidCrystal_PCF8574::LiquidCrystal_PCF8574(unsigned char)
                0x000813e0                LiquidCrystal_PCF8574::LiquidCrystal_PCF8574(unsigned char)
 .text._ZN21LiquidCrystal_PCF857411_write2WireEhhh
                0x000813f4       0x3c LiquidCrystal_PCF8574\LiquidCrystal_PCF8574.cpp.o
                0x000813f4                LiquidCrystal_PCF8574::_write2Wire(unsigned char, unsigned char, unsigned char)
 .text._ZN21LiquidCrystal_PCF857412setBacklightEh
                0x00081430        0xc LiquidCrystal_PCF8574\LiquidCrystal_PCF8574.cpp.o
                0x00081430                LiquidCrystal_PCF8574::setBacklight(unsigned char)
 .text._ZN21LiquidCrystal_PCF857411_sendNibbleEhh
                0x0008143c       0x2e LiquidCrystal_PCF8574\LiquidCrystal_PCF8574.cpp.o
                0x0008143c                LiquidCrystal_PCF8574::_sendNibble(unsigned char, unsigned char)
 .text._ZN21LiquidCrystal_PCF85745_sendEhh
                0x0008146a       0x1e LiquidCrystal_PCF8574\LiquidCrystal_PCF8574.cpp.o
                0x0008146a                LiquidCrystal_PCF8574::_send(unsigned char, unsigned char)
 .text._ZN21LiquidCrystal_PCF85748_commandEh
                0x00081488        0x6 LiquidCrystal_PCF8574\LiquidCrystal_PCF8574.cpp.o
                0x00081488                LiquidCrystal_PCF8574::_command(unsigned char)
 .text._ZN21LiquidCrystal_PCF85745clearEv
                0x0008148e       0x14 LiquidCrystal_PCF8574\LiquidCrystal_PCF8574.cpp.o
                0x0008148e                LiquidCrystal_PCF8574::clear()
 .text._ZN21LiquidCrystal_PCF85744homeEv
                0x000814a2       0x14 LiquidCrystal_PCF8574\LiquidCrystal_PCF8574.cpp.o
                0x000814a2                LiquidCrystal_PCF8574::home()
 *fill*         0x000814b6        0x2 
 .text._ZN21LiquidCrystal_PCF85749setCursorEhh
                0x000814b8       0x40 LiquidCrystal_PCF8574\LiquidCrystal_PCF8574.cpp.o
                0x000814b8                LiquidCrystal_PCF8574::setCursor(unsigned char, unsigned char)
 .text._ZN21LiquidCrystal_PCF85747displayEv
                0x000814f8       0x14 LiquidCrystal_PCF8574\LiquidCrystal_PCF8574.cpp.o
                0x000814f8                LiquidCrystal_PCF8574::display()
 .text._ZN21LiquidCrystal_PCF85748noCursorEv
                0x0008150c       0x14 LiquidCrystal_PCF8574\LiquidCrystal_PCF8574.cpp.o
                0x0008150c                LiquidCrystal_PCF8574::noCursor()
 .text._ZN21LiquidCrystal_PCF85747noBlinkEv
                0x00081520       0x14 LiquidCrystal_PCF8574\LiquidCrystal_PCF8574.cpp.o
                0x00081520                LiquidCrystal_PCF8574::noBlink()
 .text._ZN21LiquidCrystal_PCF857410createCharEhPh
                0x00081534       0x28 LiquidCrystal_PCF8574\LiquidCrystal_PCF8574.cpp.o
                0x00081534                LiquidCrystal_PCF8574::createChar(unsigned char, unsigned char*)
 .text._ZN21LiquidCrystal_PCF85745writeEh
                0x0008155c        0xc LiquidCrystal_PCF8574\LiquidCrystal_PCF8574.cpp.o
                0x0008155c                LiquidCrystal_PCF8574::write(unsigned char)
 .text._ZN21LiquidCrystal_PCF85745beginEhhh
                0x00081568       0xb0 LiquidCrystal_PCF8574\LiquidCrystal_PCF8574.cpp.o
                0x00081568                LiquidCrystal_PCF8574::begin(unsigned char, unsigned char, unsigned char)
 .text._Z11serialEventv
                0x00081618        0x2 C:\Users\chris\AppData\Local\Temp\VMBCore\arduino16x\fe3f83a7e80c02942d0516c7fa29c934\variant\variant.cpp.o
                0x00081618                serialEvent()
 *fill*         0x0008161a        0x2 
 .text.UART_Handler
                0x0008161c        0xc C:\Users\chris\AppData\Local\Temp\VMBCore\arduino16x\fe3f83a7e80c02942d0516c7fa29c934\variant\variant.cpp.o
                0x0008161c                UART_Handler
 .text._Z12serialEvent1v
                0x00081628        0x2 C:\Users\chris\AppData\Local\Temp\VMBCore\arduino16x\fe3f83a7e80c02942d0516c7fa29c934\variant\variant.cpp.o
                0x00081628                serialEvent1()
 .text._Z12serialEvent2v
                0x0008162a        0x2 C:\Users\chris\AppData\Local\Temp\VMBCore\arduino16x\fe3f83a7e80c02942d0516c7fa29c934\variant\variant.cpp.o
                0x0008162a                serialEvent2()
 .text._Z12serialEvent3v
                0x0008162c        0x2 C:\Users\chris\AppData\Local\Temp\VMBCore\arduino16x\fe3f83a7e80c02942d0516c7fa29c934\variant\variant.cpp.o
                0x0008162c                serialEvent3()
 *fill*         0x0008162e        0x2 
 .text.USART0_Handler
                0x00081630        0xc C:\Users\chris\AppData\Local\Temp\VMBCore\arduino16x\fe3f83a7e80c02942d0516c7fa29c934\variant\variant.cpp.o
                0x00081630                USART0_Handler
 .text.USART1_Handler
                0x0008163c        0xc C:\Users\chris\AppData\Local\Temp\VMBCore\arduino16x\fe3f83a7e80c02942d0516c7fa29c934\variant\variant.cpp.o
                0x0008163c                USART1_Handler
 .text.USART3_Handler
                0x00081648        0xc C:\Users\chris\AppData\Local\Temp\VMBCore\arduino16x\fe3f83a7e80c02942d0516c7fa29c934\variant\variant.cpp.o
                0x00081648                USART3_Handler
 .text.init     0x00081654      0x128 C:\Users\chris\AppData\Local\Temp\VMBCore\arduino16x\fe3f83a7e80c02942d0516c7fa29c934\variant\variant.cpp.o
                0x00081654                init
 .text.startup._GLOBAL__sub_I_g_APinDescription
                0x0008177c       0xd4 C:\Users\chris\AppData\Local\Temp\VMBCore\arduino16x\fe3f83a7e80c02942d0516c7fa29c934\variant\variant.cpp.o
 .text._Z14serialEventRunv
                0x00081850       0x44 C:\Users\chris\AppData\Local\Temp\VMBCore\arduino16x\fe3f83a7e80c02942d0516c7fa29c934\variant\variant.cpp.o
                0x00081850                serialEventRun()
 .text.PIO_PullUp
                0x00081894        0xa C:\Users\chris\AppData\Local\arduino15\packages\arduino\hardware\sam\1.6.11\variants\arduino_due_x/libsam_sam3x8e_gcc_rel.a(pio.o)
                0x00081894                PIO_PullUp
 .text.PIO_SetPeripheral
                0x0008189e       0x26 C:\Users\chris\AppData\Local\arduino15\packages\arduino\hardware\sam\1.6.11\variants\arduino_due_x/libsam_sam3x8e_gcc_rel.a(pio.o)
                0x0008189e                PIO_SetPeripheral
 .text.PIO_SetInput
                0x000818c4       0x26 C:\Users\chris\AppData\Local\arduino15\packages\arduino\hardware\sam\1.6.11\variants\arduino_due_x/libsam_sam3x8e_gcc_rel.a(pio.o)
                0x000818c4                PIO_SetInput
 .text.PIO_SetOutput
                0x000818ea       0x24 C:\Users\chris\AppData\Local\arduino15\packages\arduino\hardware\sam\1.6.11\variants\arduino_due_x/libsam_sam3x8e_gcc_rel.a(pio.o)
                0x000818ea                PIO_SetOutput
 *fill*         0x0008190e        0x2 
 .text.PIO_Configure
                0x00081910       0x64 C:\Users\chris\AppData\Local\arduino15\packages\arduino\hardware\sam\1.6.11\variants\arduino_due_x/libsam_sam3x8e_gcc_rel.a(pio.o)
                0x00081910                PIO_Configure
 .text.PIO_GetOutputDataStatus
                0x00081974       0x14 C:\Users\chris\AppData\Local\arduino15\packages\arduino\hardware\sam\1.6.11\variants\arduino_due_x/libsam_sam3x8e_gcc_rel.a(pio.o)
                0x00081974                PIO_GetOutputDataStatus
 .text.pmc_enable_upll_clock
                0x00081988       0x14 C:\Users\chris\AppData\Local\arduino15\packages\arduino\hardware\sam\1.6.11\variants\arduino_due_x/libsam_sam3x8e_gcc_rel.a(pmc.o)
                0x00081988                pmc_enable_upll_clock
 .text.pmc_enable_periph_clk
                0x0008199c       0x44 C:\Users\chris\AppData\Local\arduino15\packages\arduino\hardware\sam\1.6.11\variants\arduino_due_x/libsam_sam3x8e_gcc_rel.a(pmc.o)
                0x0008199c                pmc_enable_periph_clk
 .text.pmc_disable_periph_clk
                0x000819e0       0x40 C:\Users\chris\AppData\Local\arduino15\packages\arduino\hardware\sam\1.6.11\variants\arduino_due_x/libsam_sam3x8e_gcc_rel.a(pmc.o)
                0x000819e0                pmc_disable_periph_clk
 .text.pmc_switch_udpck_to_upllck
                0x00081a20       0x14 C:\Users\chris\AppData\Local\arduino15\packages\arduino\hardware\sam\1.6.11\variants\arduino_due_x/libsam_sam3x8e_gcc_rel.a(pmc.o)
                0x00081a20                pmc_switch_udpck_to_upllck
 .text.pmc_enable_udpck
                0x00081a34        0xc C:\Users\chris\AppData\Local\arduino15\packages\arduino\hardware\sam\1.6.11\variants\arduino_due_x/libsam_sam3x8e_gcc_rel.a(pmc.o)
                0x00081a34                pmc_enable_udpck
 .text.TWI_SetClock
                0x00081a40       0x58 C:\Users\chris\AppData\Local\arduino15\packages\arduino\hardware\sam\1.6.11\variants\arduino_due_x/libsam_sam3x8e_gcc_rel.a(twi.o)
                0x00081a40                TWI_SetClock
 .text.TWI_Disable
                0x00081a98       0x2c C:\Users\chris\AppData\Local\arduino15\packages\arduino\hardware\sam\1.6.11\variants\arduino_due_x/libsam_sam3x8e_gcc_rel.a(twi.o)
                0x00081a98                TWI_Disable
 .text.TWI_ConfigureMaster
                0x00081ac4       0x48 C:\Users\chris\AppData\Local\arduino15\packages\arduino\hardware\sam\1.6.11\variants\arduino_due_x/libsam_sam3x8e_gcc_rel.a(twi.o)
                0x00081ac4                TWI_ConfigureMaster
 .text.TWI_ConfigureSlave
                0x00081b0c       0x44 C:\Users\chris\AppData\Local\arduino15\packages\arduino\hardware\sam\1.6.11\variants\arduino_due_x/libsam_sam3x8e_gcc_rel.a(twi.o)
                0x00081b0c                TWI_ConfigureSlave
 .text.TWI_Stop
                0x00081b50       0x28 C:\Users\chris\AppData\Local\arduino15\packages\arduino\hardware\sam\1.6.11\variants\arduino_due_x/libsam_sam3x8e_gcc_rel.a(twi.o)
                0x00081b50                TWI_Stop
 .text.TWI_ReadByte
                0x00081b78       0x28 C:\Users\chris\AppData\Local\arduino15\packages\arduino\hardware\sam\1.6.11\variants\arduino_due_x/libsam_sam3x8e_gcc_rel.a(twi.o)
                0x00081b78                TWI_ReadByte
 .text.TWI_WriteByte
                0x00081ba0       0x24 C:\Users\chris\AppData\Local\arduino15\packages\arduino\hardware\sam\1.6.11\variants\arduino_due_x/libsam_sam3x8e_gcc_rel.a(twi.o)
                0x00081ba0                TWI_WriteByte
 .text.TWI_StartWrite
                0x00081bc4       0x7c C:\Users\chris\AppData\Local\arduino15\packages\arduino\hardware\sam\1.6.11\variants\arduino_due_x/libsam_sam3x8e_gcc_rel.a(twi.o)
                0x00081bc4                TWI_StartWrite
 .text.TWI_EnableIt
                0x00081c40       0x40 C:\Users\chris\AppData\Local\arduino15\packages\arduino\hardware\sam\1.6.11\variants\arduino_due_x/libsam_sam3x8e_gcc_rel.a(twi.o)
                0x00081c40                TWI_EnableIt
 .text.TWI_DisableIt
                0x00081c80       0x40 C:\Users\chris\AppData\Local\arduino15\packages\arduino\hardware\sam\1.6.11\variants\arduino_due_x/libsam_sam3x8e_gcc_rel.a(twi.o)
                0x00081c80                TWI_DisableIt
 .text.TWI_GetStatus
                0x00081cc0       0x28 C:\Users\chris\AppData\Local\arduino15\packages\arduino\hardware\sam\1.6.11\variants\arduino_due_x/libsam_sam3x8e_gcc_rel.a(twi.o)
                0x00081cc0                TWI_GetStatus
 .text.SystemInit
                0x00081ce8       0x88 C:\Users\chris\AppData\Local\arduino15\packages\arduino\hardware\sam\1.6.11\variants\arduino_due_x/libsam_sam3x8e_gcc_rel.a(system_sam3xa.o)
                0x00081ce8                SystemInit
 .text.Reset_Handler
                0x00081d70       0x78 C:\Users\chris\AppData\Local\arduino15\packages\arduino\hardware\sam\1.6.11\variants\arduino_due_x/libsam_sam3x8e_gcc_rel.a(startup_sam3xa.o)
                0x00081d70                Reset_Handler
 .text.adc_init
                0x00081de8       0x98 C:\Users\chris\AppData\Local\arduino15\packages\arduino\hardware\sam\1.6.11\variants\arduino_due_x/libsam_sam3x8e_gcc_rel.a(adc.o)
                0x00081de8                adc_init
 .text.adc_configure_trigger
                0x00081e80        0xe C:\Users\chris\AppData\Local\arduino15\packages\arduino\hardware\sam\1.6.11\variants\arduino_due_x/libsam_sam3x8e_gcc_rel.a(adc.o)
                0x00081e80                adc_configure_trigger
 .text.adc_configure_timing
                0x00081e8e       0x1a C:\Users\chris\AppData\Local\arduino15\packages\arduino\hardware\sam\1.6.11\variants\arduino_due_x/libsam_sam3x8e_gcc_rel.a(adc.o)
                0x00081e8e                adc_configure_timing
 .text.adc_disable_channel
                0x00081ea8        0xa C:\Users\chris\AppData\Local\arduino15\packages\arduino\hardware\sam\1.6.11\variants\arduino_due_x/libsam_sam3x8e_gcc_rel.a(adc.o)
                0x00081ea8                adc_disable_channel
 .text.adc_disable_all_channel
                0x00081eb2        0x8 C:\Users\chris\AppData\Local\arduino15\packages\arduino\hardware\sam\1.6.11\variants\arduino_due_x/libsam_sam3x8e_gcc_rel.a(adc.o)
                0x00081eb2                adc_disable_all_channel
 .text.adc_disable_interrupt
                0x00081eba        0x4 C:\Users\chris\AppData\Local\arduino15\packages\arduino\hardware\sam\1.6.11\variants\arduino_due_x/libsam_sam3x8e_gcc_rel.a(adc.o)
                0x00081eba                adc_disable_interrupt
 *fill*         0x00081ebe        0x2 
 .text.UOTGHS_Handler
                0x00081ec0       0x10 C:\Users\chris\AppData\Local\arduino15\packages\arduino\hardware\sam\1.6.11\variants\arduino_due_x/libsam_sam3x8e_gcc_rel.a(uotghs.o)
                0x00081ec0                UOTGHS_Handler
 .text.__halt   0x00081ed0        0x2 C:\Users\chris\AppData\Local\Temp\VMBuilds\Due\arduino_due_x_dbg\Debug/core.a(cortex_handlers.c.o)
                0x00081ed0                DACC_Handler
                0x00081ed0                DebugMon_Handler
                0x00081ed0                DMAC_Handler
                0x00081ed0                TRNG_Handler
                0x00081ed0                HardFault_Handler
                0x00081ed0                TC2_Handler
                0x00081ed0                NMI_Handler
                0x00081ed0                TC7_Handler
                0x00081ed0                ADC_Handler
                0x00081ed0                SMC_Handler
                0x00081ed0                RTT_Handler
                0x00081ed0                EFC1_Handler
                0x00081ed0                RTC_Handler
                0x00081ed0                UsageFault_Handler
                0x00081ed0                TC6_Handler
                0x00081ed0                WDT_Handler
                0x00081ed0                CAN0_Handler
                0x00081ed0                TC4_Handler
                0x00081ed0                TC1_Handler
                0x00081ed0                HSMCI_Handler
                0x00081ed0                TC3_Handler
                0x00081ed0                SSC_Handler
                0x00081ed0                EFC0_Handler
                0x00081ed0                PMC_Handler
                0x00081ed0                PWM_Handler
                0x00081ed0                CAN1_Handler
                0x00081ed0                MemManage_Handler
                0x00081ed0                SUPC_Handler
                0x00081ed0                TC8_Handler
                0x00081ed0                USART2_Handler
                0x00081ed0                EMAC_Handler
                0x00081ed0                BusFault_Handler
                0x00081ed0                RSTC_Handler
                0x00081ed0                TC0_Handler
                0x00081ed0                TC5_Handler
                0x00081ed0                SPI0_Handler
 .text.SVC_Handler
                0x00081ed2        0x4 C:\Users\chris\AppData\Local\Temp\VMBuilds\Due\arduino_due_x_dbg\Debug/core.a(cortex_handlers.c.o)
                0x00081ed2                SVC_Handler
 .text.PendSV_Handler
                0x00081ed6        0x4 C:\Users\chris\AppData\Local\Temp\VMBuilds\Due\arduino_due_x_dbg\Debug/core.a(cortex_handlers.c.o)
                0x00081ed6                PendSV_Handler
 .text.SysTick_Handler
                0x00081eda       0x16 C:\Users\chris\AppData\Local\Temp\VMBuilds\Due\arduino_due_x_dbg\Debug/core.a(cortex_handlers.c.o)
                0x00081eda                SysTick_Handler
 .text.__empty  0x00081ef0        0x2 C:\Users\chris\AppData\Local\Temp\VMBuilds\Due\arduino_due_x_dbg\Debug/core.a(hooks.c.o)
                0x00081ef0                yield
 .text.__false  0x00081ef2        0x4 C:\Users\chris\AppData\Local\Temp\VMBuilds\Due\arduino_due_x_dbg\Debug/core.a(hooks.c.o)
                0x00081ef2                sysTickHook
 .text.__halt   0x00081ef6        0x2 C:\Users\chris\AppData\Local\Temp\VMBuilds\Due\arduino_due_x_dbg\Debug/core.a(hooks.c.o)
                0x00081ef6                svcHook
                0x00081ef6                pendSVHook
 .text._sbrk    0x00081ef8       0x1c C:\Users\chris\AppData\Local\Temp\VMBuilds\Due\arduino_due_x_dbg\Debug/core.a(syscalls_sam3.c.o)
                0x00081ef8                _sbrk
 .text.link     0x00081f14        0x6 C:\Users\chris\AppData\Local\Temp\VMBuilds\Due\arduino_due_x_dbg\Debug/core.a(syscalls_sam3.c.o)
                0x00081f14                link
 .text._close   0x00081f1a        0x6 C:\Users\chris\AppData\Local\Temp\VMBuilds\Due\arduino_due_x_dbg\Debug/core.a(syscalls_sam3.c.o)
                0x00081f1a                _close
 .text._fstat   0x00081f20        0xa C:\Users\chris\AppData\Local\Temp\VMBuilds\Due\arduino_due_x_dbg\Debug/core.a(syscalls_sam3.c.o)
                0x00081f20                _fstat
 .text._isatty  0x00081f2a        0x4 C:\Users\chris\AppData\Local\Temp\VMBuilds\Due\arduino_due_x_dbg\Debug/core.a(syscalls_sam3.c.o)
                0x00081f2a                _isatty
 .text._lseek   0x00081f2e        0x4 C:\Users\chris\AppData\Local\Temp\VMBuilds\Due\arduino_due_x_dbg\Debug/core.a(syscalls_sam3.c.o)
                0x00081f2e                _lseek
 .text._read    0x00081f32        0x4 C:\Users\chris\AppData\Local\Temp\VMBuilds\Due\arduino_due_x_dbg\Debug/core.a(syscalls_sam3.c.o)
                0x00081f32                _read
 *fill*         0x00081f36        0x2 
 .text._write   0x00081f38       0x24 C:\Users\chris\AppData\Local\Temp\VMBuilds\Due\arduino_due_x_dbg\Debug/core.a(syscalls_sam3.c.o)
                0x00081f38                _write
 .text._exit    0x00081f5c       0x10 C:\Users\chris\AppData\Local\Temp\VMBuilds\Due\arduino_due_x_dbg\Debug/core.a(syscalls_sam3.c.o)
                0x00081f5c                _exit
 .text._kill    0x00081f6c        0x2 C:\Users\chris\AppData\Local\Temp\VMBuilds\Due\arduino_due_x_dbg\Debug/core.a(syscalls_sam3.c.o)
                0x00081f6c                _kill
 .text._getpid  0x00081f6e        0x6 C:\Users\chris\AppData\Local\Temp\VMBuilds\Due\arduino_due_x_dbg\Debug/core.a(syscalls_sam3.c.o)
                0x00081f6e                _getpid
 .text.attachInterrupt
                0x00081f74      0x148 C:\Users\chris\AppData\Local\Temp\VMBuilds\Due\arduino_due_x_dbg\Debug/core.a(WInterrupts.c.o)
                0x00081f74                attachInterrupt
 .text.PIOA_Handler
                0x000820bc       0x38 C:\Users\chris\AppData\Local\Temp\VMBuilds\Due\arduino_due_x_dbg\Debug/core.a(WInterrupts.c.o)
                0x000820bc                PIOA_Handler
 .text.PIOB_Handler
                0x000820f4       0x38 C:\Users\chris\AppData\Local\Temp\VMBuilds\Due\arduino_due_x_dbg\Debug/core.a(WInterrupts.c.o)
                0x000820f4                PIOB_Handler
 .text.PIOC_Handler
                0x0008212c       0x38 C:\Users\chris\AppData\Local\Temp\VMBuilds\Due\arduino_due_x_dbg\Debug/core.a(WInterrupts.c.o)
                0x0008212c                PIOC_Handler
 .text.PIOD_Handler
                0x00082164       0x38 C:\Users\chris\AppData\Local\Temp\VMBuilds\Due\arduino_due_x_dbg\Debug/core.a(WInterrupts.c.o)
                0x00082164                PIOD_Handler
 .text.millis   0x0008219c        0x4 C:\Users\chris\AppData\Local\Temp\VMBuilds\Due\arduino_due_x_dbg\Debug/core.a(wiring.c.o)
                0x0008219c                millis
 .text.delay    0x000821a0       0x1c C:\Users\chris\AppData\Local\Temp\VMBuilds\Due\arduino_due_x_dbg\Debug/core.a(wiring.c.o)
                0x000821a0                delay
 .text.mapResolution
                0x000821bc       0x12 C:\Users\chris\AppData\Local\Temp\VMBuilds\Due\arduino_due_x_dbg\Debug/core.a(wiring_analog.c.o)
 *fill*         0x000821ce        0x2 
 .text.analogWriteResolution
                0x000821d0        0xc C:\Users\chris\AppData\Local\Temp\VMBuilds\Due\arduino_due_x_dbg\Debug/core.a(wiring_analog.c.o)
                0x000821d0                analogWriteResolution
 .text.analogOutputInit
                0x000821dc        0x2 C:\Users\chris\AppData\Local\Temp\VMBuilds\Due\arduino_due_x_dbg\Debug/core.a(wiring_analog.c.o)
                0x000821dc                analogOutputInit
 *fill*         0x000821de        0x2 
 .text.analogWrite
                0x000821e0      0x2c0 C:\Users\chris\AppData\Local\Temp\VMBuilds\Due\arduino_due_x_dbg\Debug/core.a(wiring_analog.c.o)
                0x000821e0                analogWrite
 .text.pinMode  0x000824a0      0x108 C:\Users\chris\AppData\Local\Temp\VMBuilds\Due\arduino_due_x_dbg\Debug/core.a(wiring_digital.c.o)
                0x000824a0                pinMode
 .text.digitalWrite
                0x000825a8       0x70 C:\Users\chris\AppData\Local\Temp\VMBuilds\Due\arduino_due_x_dbg\Debug/core.a(wiring_digital.c.o)
                0x000825a8                digitalWrite
 .text.initVariant
                0x00082618        0x2 C:\Users\chris\AppData\Local\Temp\VMBuilds\Due\arduino_due_x_dbg\Debug/core.a(main.cpp.o)
                0x00082618                initVariant
 *fill*         0x0008261a        0x2 
 .text.startup.main
                0x0008261c       0x38 C:\Users\chris\AppData\Local\Temp\VMBuilds\Due\arduino_due_x_dbg\Debug/core.a(main.cpp.o)
                0x0008261c                main
 .text._ZN5Print5writeEPKhj
                0x00082654       0x22 C:\Users\chris\AppData\Local\Temp\VMBuilds\Due\arduino_due_x_dbg\Debug/core.a(Print.cpp.o)
                0x00082654                Print::write(unsigned char const*, unsigned int)
 .text._ZN5Print5printEmi.part.3
                0x00082676        0xc C:\Users\chris\AppData\Local\Temp\VMBuilds\Due\arduino_due_x_dbg\Debug/core.a(Print.cpp.o)
 .text._ZN5Print5writeEPKc
                0x00082682       0x1e C:\Users\chris\AppData\Local\Temp\VMBuilds\Due\arduino_due_x_dbg\Debug/core.a(Print.cpp.o)
                0x00082682                Print::write(char const*)
 .text._ZN5Print5printERK6String
                0x000826a0       0x10 C:\Users\chris\AppData\Local\Temp\VMBuilds\Due\arduino_due_x_dbg\Debug/core.a(Print.cpp.o)
                0x000826a0                Print::print(String const&)
 .text._ZN5Print5printEPKc
                0x000826b0        0x8 C:\Users\chris\AppData\Local\Temp\VMBuilds\Due\arduino_due_x_dbg\Debug/core.a(Print.cpp.o)
                0x000826b0                Print::print(char const*)
 .text._ZN5Print5printEc
                0x000826b8        0xa C:\Users\chris\AppData\Local\Temp\VMBuilds\Due\arduino_due_x_dbg\Debug/core.a(Print.cpp.o)
                0x000826b8                Print::print(char)
 *fill*         0x000826c2        0x2 
 .text._ZN5Print7printlnEv
                0x000826c4       0x10 C:\Users\chris\AppData\Local\Temp\VMBuilds\Due\arduino_due_x_dbg\Debug/core.a(Print.cpp.o)
                0x000826c4                Print::println()
 .text._ZN5Print7printlnERK6String
                0x000826d4       0x14 C:\Users\chris\AppData\Local\Temp\VMBuilds\Due\arduino_due_x_dbg\Debug/core.a(Print.cpp.o)
                0x000826d4                Print::println(String const&)
 .text._ZN5Print7printlnEPKc
                0x000826e8       0x14 C:\Users\chris\AppData\Local\Temp\VMBuilds\Due\arduino_due_x_dbg\Debug/core.a(Print.cpp.o)
                0x000826e8                Print::println(char const*)
 .text._ZN5Print11printNumberEmh
                0x000826fc       0x3e C:\Users\chris\AppData\Local\Temp\VMBuilds\Due\arduino_due_x_dbg\Debug/core.a(Print.cpp.o)
                0x000826fc                Print::printNumber(unsigned long, unsigned char)
 .text._ZN5Print5printEli
                0x0008273a       0x3c C:\Users\chris\AppData\Local\Temp\VMBuilds\Due\arduino_due_x_dbg\Debug/core.a(Print.cpp.o)
                0x0008273a                Print::print(long, int)
 .text._ZN5Print5printEii
                0x00082776        0x4 C:\Users\chris\AppData\Local\Temp\VMBuilds\Due\arduino_due_x_dbg\Debug/core.a(Print.cpp.o)
                0x00082776                Print::print(int, int)
 .text._ZN5Print7printlnEii
                0x0008277a       0x14 C:\Users\chris\AppData\Local\Temp\VMBuilds\Due\arduino_due_x_dbg\Debug/core.a(Print.cpp.o)
                0x0008277a                Print::println(int, int)
 .text._ZN5Print5printEmi
                0x0008278e        0xc C:\Users\chris\AppData\Local\Temp\VMBuilds\Due\arduino_due_x_dbg\Debug/core.a(Print.cpp.o)
                0x0008278e                Print::print(unsigned long, int)
 .text._ZN5Print7printlnEhi
                0x0008279a       0x14 C:\Users\chris\AppData\Local\Temp\VMBuilds\Due\arduino_due_x_dbg\Debug/core.a(Print.cpp.o)
                0x0008279a                Print::println(unsigned char, int)
 *fill*         0x000827ae        0x2 
 .text.initiateReset
                0x000827b0        0xc C:\Users\chris\AppData\Local\Temp\VMBuilds\Due\arduino_due_x_dbg\Debug/core.a(Reset.cpp.o)
                0x000827b0                initiateReset
 .text.cancelReset
                0x000827bc       0x10 C:\Users\chris\AppData\Local\Temp\VMBuilds\Due\arduino_due_x_dbg\Debug/core.a(Reset.cpp.o)
                0x000827bc                cancelReset
 .text.tickReset
                0x000827cc       0x20 C:\Users\chris\AppData\Local\Temp\VMBuilds\Due\arduino_due_x_dbg\Debug/core.a(Reset.cpp.o)
                0x000827cc                tickReset
 .text._ZN10RingBufferC2Ev
                0x000827ec       0x1a C:\Users\chris\AppData\Local\Temp\VMBuilds\Due\arduino_due_x_dbg\Debug/core.a(RingBuffer.cpp.o)
                0x000827ec                RingBuffer::RingBuffer()
                0x000827ec                RingBuffer::RingBuffer()
 .text._ZN10RingBuffer10store_charEh
                0x00082806       0x1e C:\Users\chris\AppData\Local\Temp\VMBuilds\Due\arduino_due_x_dbg\Debug/core.a(RingBuffer.cpp.o)
                0x00082806                RingBuffer::store_char(unsigned char)
 .text._ZN9UARTClasscvbEv
                0x00082824        0x4 C:\Users\chris\AppData\Local\Temp\VMBuilds\Due\arduino_due_x_dbg\Debug/core.a(UARTClass.cpp.o)
                0x00082824                UARTClass::operator bool()
 .text._ZN9UARTClass9availableEv
                0x00082828       0x12 C:\Users\chris\AppData\Local\Temp\VMBuilds\Due\arduino_due_x_dbg\Debug/core.a(UARTClass.cpp.o)
                0x00082828                UARTClass::available()
 .text._ZN9UARTClass4peekEv
                0x0008283a       0x1c C:\Users\chris\AppData\Local\Temp\VMBuilds\Due\arduino_due_x_dbg\Debug/core.a(UARTClass.cpp.o)
                0x0008283a                UARTClass::peek()
 .text._ZN9UARTClass4readEv
                0x00082856       0x2a C:\Users\chris\AppData\Local\Temp\VMBuilds\Due\arduino_due_x_dbg\Debug/core.a(UARTClass.cpp.o)
                0x00082856                UARTClass::read()
 .text._ZN9UARTClass5flushEv
                0x00082880       0x18 C:\Users\chris\AppData\Local\Temp\VMBuilds\Due\arduino_due_x_dbg\Debug/core.a(UARTClass.cpp.o)
                0x00082880                UARTClass::flush()
 .text._ZN9UARTClass5writeEh
                0x00082898       0x54 C:\Users\chris\AppData\Local\Temp\VMBuilds\Due\arduino_due_x_dbg\Debug/core.a(UARTClass.cpp.o)
                0x00082898                UARTClass::write(unsigned char)
 .text._ZN9UARTClass3endEv
                0x000828ec       0x3c C:\Users\chris\AppData\Local\Temp\VMBuilds\Due\arduino_due_x_dbg\Debug/core.a(UARTClass.cpp.o)
                0x000828ec                UARTClass::end()
 .text._ZN9UARTClassC2EP4Uart4IRQnmP10RingBufferS4_
                0x00082928       0x24 C:\Users\chris\AppData\Local\Temp\VMBuilds\Due\arduino_due_x_dbg\Debug/core.a(UARTClass.cpp.o)
                0x00082928                UARTClass::UARTClass(Uart*, IRQn, unsigned long, RingBuffer*, RingBuffer*)
                0x00082928                UARTClass::UARTClass(Uart*, IRQn, unsigned long, RingBuffer*, RingBuffer*)
 .text._ZN9UARTClass4initEmm
                0x0008294c       0x70 C:\Users\chris\AppData\Local\Temp\VMBuilds\Due\arduino_due_x_dbg\Debug/core.a(UARTClass.cpp.o)
                0x0008294c                UARTClass::init(unsigned long, unsigned long)
 .text._ZN9UARTClass5beginEm
                0x000829bc        0x8 C:\Users\chris\AppData\Local\Temp\VMBuilds\Due\arduino_due_x_dbg\Debug/core.a(UARTClass.cpp.o)
                0x000829bc                UARTClass::begin(unsigned long)
 .text._ZN9UARTClass10IrqHandlerEv
                0x000829c4       0x5a C:\Users\chris\AppData\Local\Temp\VMBuilds\Due\arduino_due_x_dbg\Debug/core.a(UARTClass.cpp.o)
                0x000829c4                UARTClass::IrqHandler()
 .text._ZN10USARTClass5beginEm
                0x00082a1e        0x8 C:\Users\chris\AppData\Local\Temp\VMBuilds\Due\arduino_due_x_dbg\Debug/core.a(USARTClass.cpp.o)
                0x00082a1e                USARTClass::begin(unsigned long)
 *fill*         0x00082a26        0x2 
 .text._ZN10USARTClassC2EP5Usart4IRQnmP10RingBufferS4_
                0x00082a28       0x24 C:\Users\chris\AppData\Local\Temp\VMBuilds\Due\arduino_due_x_dbg\Debug/core.a(USARTClass.cpp.o)
                0x00082a28                USARTClass::USARTClass(Usart*, IRQn, unsigned long, RingBuffer*, RingBuffer*)
                0x00082a28                USARTClass::USARTClass(Usart*, IRQn, unsigned long, RingBuffer*, RingBuffer*)
 .text._watchdogDefaultSetup
                0x00082a4c        0xc C:\Users\chris\AppData\Local\Temp\VMBuilds\Due\arduino_due_x_dbg\Debug/core.a(watchdog.cpp.o)
                0x00082a4c                _watchdogDefaultSetup
                0x00082a4c                watchdogSetup()
 .text._ZN6StringD2Ev
                0x00082a58        0xe C:\Users\chris\AppData\Local\Temp\VMBuilds\Due\arduino_due_x_dbg\Debug/core.a(WString.cpp.o)
                0x00082a58                String::~String()
                0x00082a58                String::~String()
 .text._ZN6String10invalidateEv
                0x00082a66       0x16 C:\Users\chris\AppData\Local\Temp\VMBuilds\Due\arduino_due_x_dbg\Debug/core.a(WString.cpp.o)
                0x00082a66                String::invalidate()
 .text._ZN6String12changeBufferEj
                0x00082a7c       0x18 C:\Users\chris\AppData\Local\Temp\VMBuilds\Due\arduino_due_x_dbg\Debug/core.a(WString.cpp.o)
                0x00082a7c                String::changeBuffer(unsigned int)
 .text._ZN6String7reserveEj
                0x00082a94       0x22 C:\Users\chris\AppData\Local\Temp\VMBuilds\Due\arduino_due_x_dbg\Debug/core.a(WString.cpp.o)
                0x00082a94                String::reserve(unsigned int)
 .text._ZN6String4copyEPKcj
                0x00082ab6       0x26 C:\Users\chris\AppData\Local\Temp\VMBuilds\Due\arduino_due_x_dbg\Debug/core.a(WString.cpp.o)
                0x00082ab6                String::copy(char const*, unsigned int)
 .text._ZN6StringC2EPKc
                0x00082adc       0x24 C:\Users\chris\AppData\Local\Temp\VMBuilds\Due\arduino_due_x_dbg\Debug/core.a(WString.cpp.o)
                0x00082adc                String::String(char const*)
                0x00082adc                String::String(char const*)
 .text._ZN6StringaSERKS_
                0x00082b00       0x1e C:\Users\chris\AppData\Local\Temp\VMBuilds\Due\arduino_due_x_dbg\Debug/core.a(WString.cpp.o)
                0x00082b00                String::operator=(String const&)
 *fill*         0x00082b1e        0x2 
 .text.unlikely._ZL11USB_SendZlpv
                0x00082b20       0x20 C:\Users\chris\AppData\Local\Temp\VMBuilds\Due\arduino_due_x_dbg\Debug/core.a(USBCore.cpp.o)
 .text._Z14USBD_Availablem
                0x00082b40       0x2c C:\Users\chris\AppData\Local\Temp\VMBuilds\Due\arduino_due_x_dbg\Debug/core.a(USBCore.cpp.o)
                0x00082b40                USBD_Available(unsigned long)
 .text._Z9USBD_RecvmPvm
                0x00082b6c       0x7c C:\Users\chris\AppData\Local\Temp\VMBuilds\Due\arduino_due_x_dbg\Debug/core.a(USBCore.cpp.o)
                0x00082b6c                USBD_Recv(unsigned long, void*, unsigned long)
 .text._Z9USBD_Recvm
                0x00082be8       0x22 C:\Users\chris\AppData\Local\Temp\VMBuilds\Due\arduino_due_x_dbg\Debug/core.a(USBCore.cpp.o)
                0x00082be8                USBD_Recv(unsigned long)
 *fill*         0x00082c0a        0x2 
 .text._Z9USBD_SendmPKvm
                0x00082c0c       0x4c C:\Users\chris\AppData\Local\Temp\VMBuilds\Due\arduino_due_x_dbg\Debug/core.a(USBCore.cpp.o)
                0x00082c0c                USBD_Send(unsigned long, void const*, unsigned long)
 .text._Z16USBD_SendControlhPKvm
                0x00082c58       0x40 C:\Users\chris\AppData\Local\Temp\VMBuilds\Due\arduino_due_x_dbg\Debug/core.a(USBCore.cpp.o)
                0x00082c58                USBD_SendControl(unsigned char, void const*, unsigned long)
 .text.unlikely._ZL24USB_SendStringDescriptorPKhi
                0x00082c98       0x64 C:\Users\chris\AppData\Local\Temp\VMBuilds\Due\arduino_due_x_dbg\Debug/core.a(USBCore.cpp.o)
 .text._Z16USBD_RecvControlPvm
                0x00082cfc       0x1c C:\Users\chris\AppData\Local\Temp\VMBuilds\Due\arduino_due_x_dbg\Debug/core.a(USBCore.cpp.o)
                0x00082cfc                USBD_RecvControl(void*, unsigned long)
 .text._Z26USBD_ClassInterfaceRequestR8USBSetup
                0x00082d18       0x1e C:\Users\chris\AppData\Local\Temp\VMBuilds\Due\arduino_due_x_dbg\Debug/core.a(USBCore.cpp.o)
                0x00082d18                USBD_ClassInterfaceRequest(USBSetup&)
 .text._Z19USBD_SendInterfacesv
                0x00082d36       0x22 C:\Users\chris\AppData\Local\Temp\VMBuilds\Due\arduino_due_x_dbg\Debug/core.a(USBCore.cpp.o)
                0x00082d36                USBD_SendInterfaces()
 .text._Z24USBD_SendOtherInterfacesv
                0x00082d58       0x22 C:\Users\chris\AppData\Local\Temp\VMBuilds\Due\arduino_due_x_dbg\Debug/core.a(USBCore.cpp.o)
                0x00082d58                USBD_SendOtherInterfaces()
 .text._Z10USBD_Flushm
                0x00082d7a       0x16 C:\Users\chris\AppData\Local\Temp\VMBuilds\Due\arduino_due_x_dbg\Debug/core.a(USBCore.cpp.o)
                0x00082d7a                USBD_Flush(unsigned long)
 .text._ZN10USBDevice_C2Ev
                0x00082d90       0x24 C:\Users\chris\AppData\Local\Temp\VMBuilds\Due\arduino_due_x_dbg\Debug/core.a(USBCore.cpp.o)
                0x00082d90                USBDevice_::USBDevice_()
                0x00082d90                USBDevice_::USBDevice_()
 .text._ZN10USBDevice_6attachEv
                0x00082db4       0x20 C:\Users\chris\AppData\Local\Temp\VMBuilds\Due\arduino_due_x_dbg\Debug/core.a(USBCore.cpp.o)
                0x00082db4                USBDevice_::attach()
 .text.startup._GLOBAL__sub_I_EndPoints
                0x00082dd4        0xc C:\Users\chris\AppData\Local\Temp\VMBuilds\Due\arduino_due_x_dbg\Debug/core.a(USBCore.cpp.o)
 .text._ZL7USB_ISRv
                0x00082de0      0x454 C:\Users\chris\AppData\Local\Temp\VMBuilds\Due\arduino_due_x_dbg\Debug/core.a(USBCore.cpp.o)
 .text._ZN7Serial_9availableEv
                0x00083234       0x18 C:\Users\chris\AppData\Local\Temp\VMBuilds\Due\arduino_due_x_dbg\Debug/core.a(CDC.cpp.o)
                0x00083234                Serial_::available()
 .text._ZN7Serial_17availableForWriteEv
                0x0008324c        0x6 C:\Users\chris\AppData\Local\Temp\VMBuilds\Due\arduino_due_x_dbg\Debug/core.a(CDC.cpp.o)
                0x0008324c                Serial_::availableForWrite()
 *fill*         0x00083252        0x2 
 .text._ZN7Serial_4peekEv
                0x00083254       0x20 C:\Users\chris\AppData\Local\Temp\VMBuilds\Due\arduino_due_x_dbg\Debug/core.a(CDC.cpp.o)
                0x00083254                Serial_::peek()
 .text._ZN7Serial_5writeEh
                0x00083274       0x16 C:\Users\chris\AppData\Local\Temp\VMBuilds\Due\arduino_due_x_dbg\Debug/core.a(CDC.cpp.o)
                0x00083274                Serial_::write(unsigned char)
 *fill*         0x0008328a        0x2 
 .text._ZN7Serial_4readEv
                0x0008328c       0x44 C:\Users\chris\AppData\Local\Temp\VMBuilds\Due\arduino_due_x_dbg\Debug/core.a(CDC.cpp.o)
                0x0008328c                Serial_::read()
 .text._ZN7Serial_5flushEv
                0x000832d0        0x6 C:\Users\chris\AppData\Local\Temp\VMBuilds\Due\arduino_due_x_dbg\Debug/core.a(CDC.cpp.o)
                0x000832d0                Serial_::flush()
 *fill*         0x000832d6        0x2 
 .text._ZN7Serial_6acceptEv
                0x000832d8       0x70 C:\Users\chris\AppData\Local\Temp\VMBuilds\Due\arduino_due_x_dbg\Debug/core.a(CDC.cpp.o)
                0x000832d8                Serial_::accept()
 .text._ZN7Serial_5writeEPKhj
                0x00083348       0x2c C:\Users\chris\AppData\Local\Temp\VMBuilds\Due\arduino_due_x_dbg\Debug/core.a(CDC.cpp.o)
                0x00083348                Serial_::write(unsigned char const*, unsigned int)
 .text._Z16CDC_GetInterfacePh
                0x00083374       0x14 C:\Users\chris\AppData\Local\Temp\VMBuilds\Due\arduino_due_x_dbg\Debug/core.a(CDC.cpp.o)
                0x00083374                CDC_GetInterface(unsigned char*)
 .text._Z21CDC_GetOtherInterfacePh
                0x00083388       0x14 C:\Users\chris\AppData\Local\Temp\VMBuilds\Due\arduino_due_x_dbg\Debug/core.a(CDC.cpp.o)
                0x00083388                CDC_GetOtherInterface(unsigned char*)
 .text._Z9CDC_SetupR8USBSetup
                0x0008339c       0x78 C:\Users\chris\AppData\Local\Temp\VMBuilds\Due\arduino_due_x_dbg\Debug/core.a(CDC.cpp.o)
                0x0008339c                CDC_Setup(USBSetup&)
 .text.startup._GLOBAL__sub_I_cdc_rx_buffer
                0x00083414       0x1c C:\Users\chris\AppData\Local\Temp\VMBuilds\Due\arduino_due_x_dbg\Debug/core.a(CDC.cpp.o)
 .text._ZN13PluggableUSB_12getInterfaceEPh
                0x00083430       0x28 C:\Users\chris\AppData\Local\Temp\VMBuilds\Due\arduino_due_x_dbg\Debug/core.a(PluggableUSB.cpp.o)
                0x00083430                PluggableUSB_::getInterface(unsigned char*)
 .text._ZN13PluggableUSB_13getDescriptorER8USBSetup
                0x00083458       0x1c C:\Users\chris\AppData\Local\Temp\VMBuilds\Due\arduino_due_x_dbg\Debug/core.a(PluggableUSB.cpp.o)
                0x00083458                PluggableUSB_::getDescriptor(USBSetup&)
 .text._ZN13PluggableUSB_12getShortNameEPc
                0x00083474       0x1c C:\Users\chris\AppData\Local\Temp\VMBuilds\Due\arduino_due_x_dbg\Debug/core.a(PluggableUSB.cpp.o)
                0x00083474                PluggableUSB_::getShortName(char*)
 .text._ZN13PluggableUSB_5setupER8USBSetup
                0x00083490       0x20 C:\Users\chris\AppData\Local\Temp\VMBuilds\Due\arduino_due_x_dbg\Debug/core.a(PluggableUSB.cpp.o)
                0x00083490                PluggableUSB_::setup(USBSetup&)
 .text._Z12PluggableUSBv
                0x000834b0       0x28 C:\Users\chris\AppData\Local\Temp\VMBuilds\Due\arduino_due_x_dbg\Debug/core.a(PluggableUSB.cpp.o)
                0x000834b0                PluggableUSB()
 .text.FindClockConfiguration
                0x000834d8       0x7c C:\Users\chris\AppData\Local\arduino15\packages\arduino\hardware\sam\1.6.11\variants\arduino_due_x/libsam_sam3x8e_gcc_rel.a(pwmc.o)
 .text.PWMC_ConfigureChannel
                0x00083554       0x60 C:\Users\chris\AppData\Local\arduino15\packages\arduino\hardware\sam\1.6.11\variants\arduino_due_x/libsam_sam3x8e_gcc_rel.a(pwmc.o)
                0x00083554                PWMC_ConfigureChannel
 .text.PWMC_ConfigureClocks
                0x000835b4       0x54 C:\Users\chris\AppData\Local\arduino15\packages\arduino\hardware\sam\1.6.11\variants\arduino_due_x/libsam_sam3x8e_gcc_rel.a(pwmc.o)
                0x000835b4                PWMC_ConfigureClocks
 .text.PWMC_SetPeriod
                0x00083608       0x1a C:\Users\chris\AppData\Local\arduino15\packages\arduino\hardware\sam\1.6.11\variants\arduino_due_x/libsam_sam3x8e_gcc_rel.a(pwmc.o)
                0x00083608                PWMC_SetPeriod
 *fill*         0x00083622        0x2 
 .text.PWMC_SetDutyCycle
                0x00083624       0x44 C:\Users\chris\AppData\Local\arduino15\packages\arduino\hardware\sam\1.6.11\variants\arduino_due_x/libsam_sam3x8e_gcc_rel.a(pwmc.o)
                0x00083624                PWMC_SetDutyCycle
 .text.PWMC_EnableChannel
                0x00083668        0xa C:\Users\chris\AppData\Local\arduino15\packages\arduino\hardware\sam\1.6.11\variants\arduino_due_x/libsam_sam3x8e_gcc_rel.a(pwmc.o)
                0x00083668                PWMC_EnableChannel
 *fill*         0x00083672        0x2 
 .text.TC_Configure
                0x00083674       0x38 C:\Users\chris\AppData\Local\arduino15\packages\arduino\hardware\sam\1.6.11\variants\arduino_due_x/libsam_sam3x8e_gcc_rel.a(tc.o)
                0x00083674                TC_Configure
 .text.TC_Start
                0x000836ac       0x2c C:\Users\chris\AppData\Local\arduino15\packages\arduino\hardware\sam\1.6.11\variants\arduino_due_x/libsam_sam3x8e_gcc_rel.a(tc.o)
                0x000836ac                TC_Start
 .text.TC_SetRA
                0x000836d8        0x8 C:\Users\chris\AppData\Local\arduino15\packages\arduino\hardware\sam\1.6.11\variants\arduino_due_x/libsam_sam3x8e_gcc_rel.a(tc.o)
                0x000836d8                TC_SetRA
 .text.TC_SetRB
                0x000836e0        0x8 C:\Users\chris\AppData\Local\arduino15\packages\arduino\hardware\sam\1.6.11\variants\arduino_due_x/libsam_sam3x8e_gcc_rel.a(tc.o)
                0x000836e0                TC_SetRB
 .text.TC_SetRC
                0x000836e8        0x8 C:\Users\chris\AppData\Local\arduino15\packages\arduino\hardware\sam\1.6.11\variants\arduino_due_x/libsam_sam3x8e_gcc_rel.a(tc.o)
                0x000836e8                TC_SetRC
 .text.TimeTick_Increment
                0x000836f0       0x10 C:\Users\chris\AppData\Local\arduino15\packages\arduino\hardware\sam\1.6.11\variants\arduino_due_x/libsam_sam3x8e_gcc_rel.a(timetick.o)
                0x000836f0                TimeTick_Increment
 .text.GetTickCount
                0x00083700        0xc C:\Users\chris\AppData\Local\arduino15\packages\arduino\hardware\sam\1.6.11\variants\arduino_due_x/libsam_sam3x8e_gcc_rel.a(timetick.o)
                0x00083700                GetTickCount
 .text.WDT_Disable
                0x0008370c        0x8 C:\Users\chris\AppData\Local\arduino15\packages\arduino\hardware\sam\1.6.11\variants\arduino_due_x/libsam_sam3x8e_gcc_rel.a(wdt.o)
                0x0008370c                WDT_Disable
 .text.UDD_SetStack
                0x00083714        0xc C:\Users\chris\AppData\Local\arduino15\packages\arduino\hardware\sam\1.6.11\variants\arduino_due_x/libsam_sam3x8e_gcc_rel.a(uotghs_device.o)
                0x00083714                UDD_SetStack
 .text.UDD_Init
                0x00083720       0xd0 C:\Users\chris\AppData\Local\arduino15\packages\arduino\hardware\sam\1.6.11\variants\arduino_due_x/libsam_sam3x8e_gcc_rel.a(uotghs_device.o)
                0x00083720                UDD_Init
 .text.UDD_Attach
                0x000837f0       0x50 C:\Users\chris\AppData\Local\arduino15\packages\arduino\hardware\sam\1.6.11\variants\arduino_due_x/libsam_sam3x8e_gcc_rel.a(uotghs_device.o)
                0x000837f0                UDD_Attach
 .text.UDD_InitEP
                0x00083840       0x2c C:\Users\chris\AppData\Local\arduino15\packages\arduino\hardware\sam\1.6.11\variants\arduino_due_x/libsam_sam3x8e_gcc_rel.a(uotghs_device.o)
                0x00083840                UDD_InitEP
 .text.UDD_InitEndpoints
                0x0008386c       0x3c C:\Users\chris\AppData\Local\arduino15\packages\arduino\hardware\sam\1.6.11\variants\arduino_due_x/libsam_sam3x8e_gcc_rel.a(uotghs_device.o)
                0x0008386c                UDD_InitEndpoints
 .text.UDD_WaitIN
                0x000838a8       0x10 C:\Users\chris\AppData\Local\arduino15\packages\arduino\hardware\sam\1.6.11\variants\arduino_due_x/libsam_sam3x8e_gcc_rel.a(uotghs_device.o)
                0x000838a8                UDD_WaitIN
 .text.UDD_WaitOUT
                0x000838b8       0x10 C:\Users\chris\AppData\Local\arduino15\packages\arduino\hardware\sam\1.6.11\variants\arduino_due_x/libsam_sam3x8e_gcc_rel.a(uotghs_device.o)
                0x000838b8                UDD_WaitOUT
 .text.UDD_ClearIN
                0x000838c8       0x18 C:\Users\chris\AppData\Local\arduino15\packages\arduino\hardware\sam\1.6.11\variants\arduino_due_x/libsam_sam3x8e_gcc_rel.a(uotghs_device.o)
                0x000838c8                UDD_ClearIN
 .text.UDD_ClearOUT
                0x000838e0       0x18 C:\Users\chris\AppData\Local\arduino15\packages\arduino\hardware\sam\1.6.11\variants\arduino_due_x/libsam_sam3x8e_gcc_rel.a(uotghs_device.o)
                0x000838e0                UDD_ClearOUT
 .text.UDD_ReceivedSetupInt
                0x000838f8       0x10 C:\Users\chris\AppData\Local\arduino15\packages\arduino\hardware\sam\1.6.11\variants\arduino_due_x/libsam_sam3x8e_gcc_rel.a(uotghs_device.o)
                0x000838f8                UDD_ReceivedSetupInt
 .text.UDD_ClearSetupInt
                0x00083908       0x10 C:\Users\chris\AppData\Local\arduino15\packages\arduino\hardware\sam\1.6.11\variants\arduino_due_x/libsam_sam3x8e_gcc_rel.a(uotghs_device.o)
                0x00083908                UDD_ClearSetupInt
 .text.UDD_Send
                0x00083918       0x88 C:\Users\chris\AppData\Local\arduino15\packages\arduino\hardware\sam\1.6.11\variants\arduino_due_x/libsam_sam3x8e_gcc_rel.a(uotghs_device.o)
                0x00083918                UDD_Send
 .text.UDD_Send8
                0x000839a0       0x24 C:\Users\chris\AppData\Local\arduino15\packages\arduino\hardware\sam\1.6.11\variants\arduino_due_x/libsam_sam3x8e_gcc_rel.a(uotghs_device.o)
                0x000839a0                UDD_Send8
 .text.UDD_Recv8
                0x000839c4       0x28 C:\Users\chris\AppData\Local\arduino15\packages\arduino\hardware\sam\1.6.11\variants\arduino_due_x/libsam_sam3x8e_gcc_rel.a(uotghs_device.o)
                0x000839c4                UDD_Recv8
 .text.UDD_Recv
                0x000839ec       0x34 C:\Users\chris\AppData\Local\arduino15\packages\arduino\hardware\sam\1.6.11\variants\arduino_due_x/libsam_sam3x8e_gcc_rel.a(uotghs_device.o)
                0x000839ec                UDD_Recv
 .text.UDD_Stall
                0x00083a20       0x14 C:\Users\chris\AppData\Local\arduino15\packages\arduino\hardware\sam\1.6.11\variants\arduino_due_x/libsam_sam3x8e_gcc_rel.a(uotghs_device.o)
                0x00083a20                UDD_Stall
 .text.UDD_FifoByteCount
                0x00083a34       0x14 C:\Users\chris\AppData\Local\arduino15\packages\arduino\hardware\sam\1.6.11\variants\arduino_due_x/libsam_sam3x8e_gcc_rel.a(uotghs_device.o)
                0x00083a34                UDD_FifoByteCount
 .text.UDD_ReleaseRX
                0x00083a48       0x28 C:\Users\chris\AppData\Local\arduino15\packages\arduino\hardware\sam\1.6.11\variants\arduino_due_x/libsam_sam3x8e_gcc_rel.a(uotghs_device.o)
                0x00083a48                UDD_ReleaseRX
 .text.UDD_ReleaseTX
                0x00083a70       0x28 C:\Users\chris\AppData\Local\arduino15\packages\arduino\hardware\sam\1.6.11\variants\arduino_due_x/libsam_sam3x8e_gcc_rel.a(uotghs_device.o)
                0x00083a70                UDD_ReleaseTX
 .text.UDD_SetAddress
                0x00083a98       0x20 C:\Users\chris\AppData\Local\arduino15\packages\arduino\hardware\sam\1.6.11\variants\arduino_due_x/libsam_sam3x8e_gcc_rel.a(uotghs_device.o)
                0x00083a98                UDD_SetAddress
 .text.dacc_reset
                0x00083ab8        0x6 C:\Users\chris\AppData\Local\arduino15\packages\arduino\hardware\sam\1.6.11\variants\arduino_due_x/libsam_sam3x8e_gcc_rel.a(dacc.o)
                0x00083ab8                dacc_reset
 .text.dacc_set_transfer_mode
                0x00083abe       0x14 C:\Users\chris\AppData\Local\arduino15\packages\arduino\hardware\sam\1.6.11\variants\arduino_due_x/libsam_sam3x8e_gcc_rel.a(dacc.o)
                0x00083abe                dacc_set_transfer_mode
 .text.dacc_get_interrupt_status
                0x00083ad2        0x4 C:\Users\chris\AppData\Local\arduino15\packages\arduino\hardware\sam\1.6.11\variants\arduino_due_x/libsam_sam3x8e_gcc_rel.a(dacc.o)
                0x00083ad2                dacc_get_interrupt_status
 .text.dacc_write_conversion_data
                0x00083ad6        0x4 C:\Users\chris\AppData\Local\arduino15\packages\arduino\hardware\sam\1.6.11\variants\arduino_due_x/libsam_sam3x8e_gcc_rel.a(dacc.o)
                0x00083ad6                dacc_write_conversion_data
 .text.dacc_set_channel_selection
                0x00083ada       0x18 C:\Users\chris\AppData\Local\arduino15\packages\arduino\hardware\sam\1.6.11\variants\arduino_due_x/libsam_sam3x8e_gcc_rel.a(dacc.o)
                0x00083ada                dacc_set_channel_selection
 .text.dacc_set_power_save
                0x00083af2       0x24 C:\Users\chris\AppData\Local\arduino15\packages\arduino\hardware\sam\1.6.11\variants\arduino_due_x/libsam_sam3x8e_gcc_rel.a(dacc.o)
                0x00083af2                dacc_set_power_save
 .text.dacc_set_timing
                0x00083b16       0x2c C:\Users\chris\AppData\Local\arduino15\packages\arduino\hardware\sam\1.6.11\variants\arduino_due_x/libsam_sam3x8e_gcc_rel.a(dacc.o)
                0x00083b16                dacc_set_timing
 .text.dacc_enable_channel
                0x00083b42       0x12 C:\Users\chris\AppData\Local\arduino15\packages\arduino\hardware\sam\1.6.11\variants\arduino_due_x/libsam_sam3x8e_gcc_rel.a(dacc.o)
                0x00083b42                dacc_enable_channel
 .text.dacc_get_channel_status
                0x00083b54        0x4 C:\Users\chris\AppData\Local\arduino15\packages\arduino\hardware\sam\1.6.11\variants\arduino_due_x/libsam_sam3x8e_gcc_rel.a(dacc.o)
                0x00083b54                dacc_get_channel_status
 .text.dacc_set_analog_control
                0x00083b58        0x8 C:\Users\chris\AppData\Local\arduino15\packages\arduino\hardware\sam\1.6.11\variants\arduino_due_x/libsam_sam3x8e_gcc_rel.a(dacc.o)
                0x00083b58                dacc_set_analog_control
 .text.__aeabi_atexit
                0x00083b60        0xc c:/users/chris/appdata/local/arduino15/packages/arduino/tools/arm-none-eabi-gcc/4.8.3-2014q1/bin/../lib/gcc/arm-none-eabi/4.8.3/../../../../arm-none-eabi/lib/armv7-m\libg.a(lib_a-aeabi_atexit.o)
                0x00083b60                __aeabi_atexit
 .text.__assert_func
                0x00083b6c       0x3c c:/users/chris/appdata/local/arduino15/packages/arduino/tools/arm-none-eabi-gcc/4.8.3-2014q1/bin/../lib/gcc/arm-none-eabi/4.8.3/../../../../arm-none-eabi/lib/armv7-m\libg.a(lib_a-assert.o)
                0x00083b6c                __assert_func
 .text.__cxa_atexit
                0x00083ba8       0x14 c:/users/chris/appdata/local/arduino15/packages/arduino/tools/arm-none-eabi-gcc/4.8.3-2014q1/bin/../lib/gcc/arm-none-eabi/4.8.3/../../../../arm-none-eabi/lib/armv7-m\libg.a(lib_a-cxa_atexit.o)
                0x00083ba8                __cxa_atexit
 .text.fiprintf
                0x00083bbc       0x28 c:/users/chris/appdata/local/arduino15/packages/arduino/tools/arm-none-eabi-gcc/4.8.3-2014q1/bin/../lib/gcc/arm-none-eabi/4.8.3/../../../../arm-none-eabi/lib/armv7-m\libg.a(lib_a-fiprintf.o)
                0x00083bbc                fiprintf
 .text.__libc_init_array
                0x00083be4       0x50 c:/users/chris/appdata/local/arduino15/packages/arduino/tools/arm-none-eabi-gcc/4.8.3-2014q1/bin/../lib/gcc/arm-none-eabi/4.8.3/../../../../arm-none-eabi/lib/armv7-m\libg.a(lib_a-init.o)
                0x00083be4                __libc_init_array
 .text.iprintf  0x00083c34       0x28 c:/users/chris/appdata/local/arduino15/packages/arduino/tools/arm-none-eabi-gcc/4.8.3-2014q1/bin/../lib/gcc/arm-none-eabi/4.8.3/../../../../arm-none-eabi/lib/armv7-m\libg.a(lib_a-iprintf.o)
                0x00083c34                iprintf
 .text.malloc   0x00083c5c       0x10 c:/users/chris/appdata/local/arduino15/packages/arduino/tools/arm-none-eabi-gcc/4.8.3-2014q1/bin/../lib/gcc/arm-none-eabi/4.8.3/../../../../arm-none-eabi/lib/armv7-m\libg.a(lib_a-malloc.o)
                0x00083c5c                malloc
 .text.free     0x00083c6c       0x10 c:/users/chris/appdata/local/arduino15/packages/arduino/tools/arm-none-eabi-gcc/4.8.3-2014q1/bin/../lib/gcc/arm-none-eabi/4.8.3/../../../../arm-none-eabi/lib/armv7-m\libg.a(lib_a-malloc.o)
                0x00083c6c                free
 .text._malloc_r
                0x00083c7c      0x538 c:/users/chris/appdata/local/arduino15/packages/arduino/tools/arm-none-eabi-gcc/4.8.3-2014q1/bin/../lib/gcc/arm-none-eabi/4.8.3/../../../../arm-none-eabi/lib/armv7-m\libg.a(lib_a-mallocr.o)
                0x00083c7c                _malloc_r
 .text          0x000841b4       0xec c:/users/chris/appdata/local/arduino15/packages/arduino/tools/arm-none-eabi-gcc/4.8.3-2014q1/bin/../lib/gcc/arm-none-eabi/4.8.3/../../../../arm-none-eabi/lib/armv7-m\libg.a(lib_a-memcpy.o)
                0x000841b4                memcpy
 .text.memmove  0x000842a0       0xcc c:/users/chris/appdata/local/arduino15/packages/arduino/tools/arm-none-eabi-gcc/4.8.3-2014q1/bin/../lib/gcc/arm-none-eabi/4.8.3/../../../../arm-none-eabi/lib/armv7-m\libg.a(lib_a-memmove.o)
                0x000842a0                memmove
 .text.memset   0x0008436c       0x94 c:/users/chris/appdata/local/arduino15/packages/arduino/tools/arm-none-eabi-gcc/4.8.3-2014q1/bin/../lib/gcc/arm-none-eabi/4.8.3/../../../../arm-none-eabi/lib/armv7-m\libg.a(lib_a-memset.o)
                0x0008436c                memset
 .text.__malloc_lock
                0x00084400        0x4 c:/users/chris/appdata/local/arduino15/packages/arduino/tools/arm-none-eabi-gcc/4.8.3-2014q1/bin/../lib/gcc/arm-none-eabi/4.8.3/../../../../arm-none-eabi/lib/armv7-m\libg.a(lib_a-mlock.o)
                0x00084400                __malloc_lock
 .text.__malloc_unlock
                0x00084404        0x4 c:/users/chris/appdata/local/arduino15/packages/arduino/tools/arm-none-eabi-gcc/4.8.3-2014q1/bin/../lib/gcc/arm-none-eabi/4.8.3/../../../../arm-none-eabi/lib/armv7-m\libg.a(lib_a-mlock.o)
                0x00084404                __malloc_unlock
 .text.realloc  0x00084408       0x10 c:/users/chris/appdata/local/arduino15/packages/arduino/tools/arm-none-eabi-gcc/4.8.3-2014q1/bin/../lib/gcc/arm-none-eabi/4.8.3/../../../../arm-none-eabi/lib/armv7-m\libg.a(lib_a-realloc.o)
                0x00084408                realloc
 .text._realloc_r
                0x00084418      0x3c0 c:/users/chris/appdata/local/arduino15/packages/arduino/tools/arm-none-eabi-gcc/4.8.3-2014q1/bin/../lib/gcc/arm-none-eabi/4.8.3/../../../../arm-none-eabi/lib/armv7-m\libg.a(lib_a-reallocr.o)
                0x00084418                _realloc_r
 .text._sbrk_r  0x000847d8       0x24 c:/users/chris/appdata/local/arduino15/packages/arduino/tools/arm-none-eabi-gcc/4.8.3-2014q1/bin/../lib/gcc/arm-none-eabi/4.8.3/../../../../arm-none-eabi/lib/armv7-m\libg.a(lib_a-sbrkr.o)
                0x000847d8                _sbrk_r
 .text.strcpy   0x000847fc       0xbc c:/users/chris/appdata/local/arduino15/packages/arduino/tools/arm-none-eabi-gcc/4.8.3-2014q1/bin/../lib/gcc/arm-none-eabi/4.8.3/../../../../arm-none-eabi/lib/armv7-m\libg.a(lib_a-strcpy.o)
                0x000847fc                strcpy
 .text.strlen   0x000848b8       0x60 c:/users/chris/appdata/local/arduino15/packages/arduino/tools/arm-none-eabi-gcc/4.8.3-2014q1/bin/../lib/gcc/arm-none-eabi/4.8.3/../../../../arm-none-eabi/lib/armv7-m\libg.a(lib_a-strlen.o)
                0x000848b8                strlen
 .text.kill     0x00084918       0x10 c:/users/chris/appdata/local/arduino15/packages/arduino/tools/arm-none-eabi-gcc/4.8.3-2014q1/bin/../lib/gcc/arm-none-eabi/4.8.3/../../../../arm-none-eabi/lib/armv7-m\libg.a(lib_a-syskill.o)
                0x00084918                kill
 .text.__sprint_r.part.0
                0x00084928       0x78 c:/users/chris/appdata/local/arduino15/packages/arduino/tools/arm-none-eabi-gcc/4.8.3-2014q1/bin/../lib/gcc/arm-none-eabi/4.8.3/../../../../arm-none-eabi/lib/armv7-m\libg.a(lib_a-vfiprintf.o)
 .text._vfiprintf_r
                0x000849a0      0xc54 c:/users/chris/appdata/local/arduino15/packages/arduino/tools/arm-none-eabi-gcc/4.8.3-2014q1/bin/../lib/gcc/arm-none-eabi/4.8.3/../../../../arm-none-eabi/lib/armv7-m\libg.a(lib_a-vfiprintf.o)
                0x000849a0                _vfiprintf_r
 .text.__sbprintf
                0x000855f4       0x7c c:/users/chris/appdata/local/arduino15/packages/arduino/tools/arm-none-eabi-gcc/4.8.3-2014q1/bin/../lib/gcc/arm-none-eabi/4.8.3/../../../../arm-none-eabi/lib/armv7-m\libg.a(lib_a-vfiprintf.o)
 .text.__swsetup_r
                0x00085670       0xc4 c:/users/chris/appdata/local/arduino15/packages/arduino/tools/arm-none-eabi-gcc/4.8.3-2014q1/bin/../lib/gcc/arm-none-eabi/4.8.3/../../../../arm-none-eabi/lib/armv7-m\libg.a(lib_a-wsetup.o)
                0x00085670                __swsetup_r
 .text.__register_exitproc
                0x00085734       0xa8 c:/users/chris/appdata/local/arduino15/packages/arduino/tools/arm-none-eabi-gcc/4.8.3-2014q1/bin/../lib/gcc/arm-none-eabi/4.8.3/../../../../arm-none-eabi/lib/armv7-m\libg.a(lib_a-__atexit.o)
                0x00085734                __register_exitproc
 .text.startup.register_fini
                0x000857dc       0x14 c:/users/chris/appdata/local/arduino15/packages/arduino/tools/arm-none-eabi-gcc/4.8.3-2014q1/bin/../lib/gcc/arm-none-eabi/4.8.3/../../../../arm-none-eabi/lib/armv7-m\libg.a(lib_a-__call_atexit.o)
 .text.abort    0x000857f0       0x10 c:/users/chris/appdata/local/arduino15/packages/arduino/tools/arm-none-eabi-gcc/4.8.3-2014q1/bin/../lib/gcc/arm-none-eabi/4.8.3/../../../../arm-none-eabi/lib/armv7-m\libg.a(lib_a-abort.o)
                0x000857f0                abort
 .text.atexit   0x00085800        0xc c:/users/chris/appdata/local/arduino15/packages/arduino/tools/arm-none-eabi-gcc/4.8.3-2014q1/bin/../lib/gcc/arm-none-eabi/4.8.3/../../../../arm-none-eabi/lib/armv7-m\libg.a(lib_a-atexit.o)
                0x00085800                atexit
 .text.__sflush_r
                0x0008580c      0x148 c:/users/chris/appdata/local/arduino15/packages/arduino/tools/arm-none-eabi-gcc/4.8.3-2014q1/bin/../lib/gcc/arm-none-eabi/4.8.3/../../../../arm-none-eabi/lib/armv7-m\libg.a(lib_a-fflush.o)
                0x0008580c                __sflush_r
 .text._fflush_r
                0x00085954       0x2c c:/users/chris/appdata/local/arduino15/packages/arduino/tools/arm-none-eabi-gcc/4.8.3-2014q1/bin/../lib/gcc/arm-none-eabi/4.8.3/../../../../arm-none-eabi/lib/armv7-m\libg.a(lib_a-fflush.o)
                0x00085954                _fflush_r
 .text._cleanup_r
                0x00085980        0xc c:/users/chris/appdata/local/arduino15/packages/arduino/tools/arm-none-eabi-gcc/4.8.3-2014q1/bin/../lib/gcc/arm-none-eabi/4.8.3/../../../../arm-none-eabi/lib/armv7-m\libg.a(lib_a-findfp.o)
                0x00085980                _cleanup_r
 .text.__sinit  0x0008598c       0xf4 c:/users/chris/appdata/local/arduino15/packages/arduino/tools/arm-none-eabi-gcc/4.8.3-2014q1/bin/../lib/gcc/arm-none-eabi/4.8.3/../../../../arm-none-eabi/lib/armv7-m\libg.a(lib_a-findfp.o)
                0x0008598c                __sinit
 .text.__sfp_lock_acquire
                0x00085a80        0x4 c:/users/chris/appdata/local/arduino15/packages/arduino/tools/arm-none-eabi-gcc/4.8.3-2014q1/bin/../lib/gcc/arm-none-eabi/4.8.3/../../../../arm-none-eabi/lib/armv7-m\libg.a(lib_a-findfp.o)
                0x00085a80                __sfp_lock_acquire
 .text.__sfp_lock_release
                0x00085a84        0x4 c:/users/chris/appdata/local/arduino15/packages/arduino/tools/arm-none-eabi-gcc/4.8.3-2014q1/bin/../lib/gcc/arm-none-eabi/4.8.3/../../../../arm-none-eabi/lib/armv7-m\libg.a(lib_a-findfp.o)
                0x00085a84                __sfp_lock_release
 .text.__libc_fini_array
                0x00085a88       0x30 c:/users/chris/appdata/local/arduino15/packages/arduino/tools/arm-none-eabi-gcc/4.8.3-2014q1/bin/../lib/gcc/arm-none-eabi/4.8.3/../../../../arm-none-eabi/lib/armv7-m\libg.a(lib_a-fini.o)
                0x00085a88                __libc_fini_array
 .text._fputwc_r
                0x00085ab8       0xc0 c:/users/chris/appdata/local/arduino15/packages/arduino/tools/arm-none-eabi-gcc/4.8.3-2014q1/bin/../lib/gcc/arm-none-eabi/4.8.3/../../../../arm-none-eabi/lib/armv7-m\libg.a(lib_a-fputwc.o)
                0x00085ab8                _fputwc_r
 .text._malloc_trim_r
                0x00085b78       0x9c c:/users/chris/appdata/local/arduino15/packages/arduino/tools/arm-none-eabi-gcc/4.8.3-2014q1/bin/../lib/gcc/arm-none-eabi/4.8.3/../../../../arm-none-eabi/lib/armv7-m\libg.a(lib_a-freer.o)
                0x00085b78                _malloc_trim_r
 .text._free_r  0x00085c14      0x198 c:/users/chris/appdata/local/arduino15/packages/arduino/tools/arm-none-eabi-gcc/4.8.3-2014q1/bin/../lib/gcc/arm-none-eabi/4.8.3/../../../../arm-none-eabi/lib/armv7-m\libg.a(lib_a-freer.o)
                0x00085c14                _free_r
 .text.__sfvwrite_r
                0x00085dac      0x314 c:/users/chris/appdata/local/arduino15/packages/arduino/tools/arm-none-eabi-gcc/4.8.3-2014q1/bin/../lib/gcc/arm-none-eabi/4.8.3/../../../../arm-none-eabi/lib/armv7-m\libg.a(lib_a-fvwrite.o)
                0x00085dac                __sfvwrite_r
 .text._fwalk   0x000860c0       0x48 c:/users/chris/appdata/local/arduino15/packages/arduino/tools/arm-none-eabi-gcc/4.8.3-2014q1/bin/../lib/gcc/arm-none-eabi/4.8.3/../../../../arm-none-eabi/lib/armv7-m\libg.a(lib_a-fwalk.o)
                0x000860c0                _fwalk
 .text.__locale_charset
                0x00086108        0x8 c:/users/chris/appdata/local/arduino15/packages/arduino/tools/arm-none-eabi-gcc/4.8.3-2014q1/bin/../lib/gcc/arm-none-eabi/4.8.3/../../../../arm-none-eabi/lib/armv7-m\libg.a(lib_a-locale.o)
                0x00086108                __locale_charset
 .text.__locale_mb_cur_max
                0x00086110        0xc c:/users/chris/appdata/local/arduino15/packages/arduino/tools/arm-none-eabi-gcc/4.8.3-2014q1/bin/../lib/gcc/arm-none-eabi/4.8.3/../../../../arm-none-eabi/lib/armv7-m\libg.a(lib_a-locale.o)
                0x00086110                __locale_mb_cur_max
 .text.__smakebuf_r
                0x0008611c       0xe0 c:/users/chris/appdata/local/arduino15/packages/arduino/tools/arm-none-eabi-gcc/4.8.3-2014q1/bin/../lib/gcc/arm-none-eabi/4.8.3/../../../../arm-none-eabi/lib/armv7-m\libg.a(lib_a-makebuf.o)
                0x0008611c                __smakebuf_r
 .text.memchr   0x000861fc       0x94 c:/users/chris/appdata/local/arduino15/packages/arduino/tools/arm-none-eabi-gcc/4.8.3-2014q1/bin/../lib/gcc/arm-none-eabi/4.8.3/../../../../arm-none-eabi/lib/armv7-m\libg.a(lib_a-memchr-stub.o)
                0x000861fc                memchr
 .text._raise_r
                0x00086290       0x58 c:/users/chris/appdata/local/arduino15/packages/arduino/tools/arm-none-eabi-gcc/4.8.3-2014q1/bin/../lib/gcc/arm-none-eabi/4.8.3/../../../../arm-none-eabi/lib/armv7-m\libg.a(lib_a-signal.o)
                0x00086290                _raise_r
 .text.raise    0x000862e8       0x10 c:/users/chris/appdata/local/arduino15/packages/arduino/tools/arm-none-eabi-gcc/4.8.3-2014q1/bin/../lib/gcc/arm-none-eabi/4.8.3/../../../../arm-none-eabi/lib/armv7-m\libg.a(lib_a-signal.o)
                0x000862e8                raise
 .text._kill_r  0x000862f8       0x28 c:/users/chris/appdata/local/arduino15/packages/arduino/tools/arm-none-eabi-gcc/4.8.3-2014q1/bin/../lib/gcc/arm-none-eabi/4.8.3/../../../../arm-none-eabi/lib/armv7-m\libg.a(lib_a-signalr.o)
                0x000862f8                _kill_r
 .text._getpid_r
                0x00086320        0x4 c:/users/chris/appdata/local/arduino15/packages/arduino/tools/arm-none-eabi-gcc/4.8.3-2014q1/bin/../lib/gcc/arm-none-eabi/4.8.3/../../../../arm-none-eabi/lib/armv7-m\libg.a(lib_a-signalr.o)
                0x00086320                _getpid_r
 .text.__sread  0x00086324       0x24 c:/users/chris/appdata/local/arduino15/packages/arduino/tools/arm-none-eabi-gcc/4.8.3-2014q1/bin/../lib/gcc/arm-none-eabi/4.8.3/../../../../arm-none-eabi/lib/armv7-m\libg.a(lib_a-stdio.o)
                0x00086324                __sread
 .text.__swrite
                0x00086348       0x38 c:/users/chris/appdata/local/arduino15/packages/arduino/tools/arm-none-eabi-gcc/4.8.3-2014q1/bin/../lib/gcc/arm-none-eabi/4.8.3/../../../../arm-none-eabi/lib/armv7-m\libg.a(lib_a-stdio.o)
                0x00086348                __swrite
 .text.__sseek  0x00086380       0x20 c:/users/chris/appdata/local/arduino15/packages/arduino/tools/arm-none-eabi-gcc/4.8.3-2014q1/bin/../lib/gcc/arm-none-eabi/4.8.3/../../../../arm-none-eabi/lib/armv7-m\libg.a(lib_a-stdio.o)
                0x00086380                __sseek
 .text.__sclose
                0x000863a0        0x8 c:/users/chris/appdata/local/arduino15/packages/arduino/tools/arm-none-eabi-gcc/4.8.3-2014q1/bin/../lib/gcc/arm-none-eabi/4.8.3/../../../../arm-none-eabi/lib/armv7-m\libg.a(lib_a-stdio.o)
                0x000863a0                __sclose
 .text.__swbuf_r
                0x000863a8       0xa8 c:/users/chris/appdata/local/arduino15/packages/arduino/tools/arm-none-eabi-gcc/4.8.3-2014q1/bin/../lib/gcc/arm-none-eabi/4.8.3/../../../../arm-none-eabi/lib/armv7-m\libg.a(lib_a-wbuf.o)
                0x000863a8                __swbuf_r
 .text._wcrtomb_r
                0x00086450       0x50 c:/users/chris/appdata/local/arduino15/packages/arduino/tools/arm-none-eabi-gcc/4.8.3-2014q1/bin/../lib/gcc/arm-none-eabi/4.8.3/../../../../arm-none-eabi/lib/armv7-m\libg.a(lib_a-wcrtomb.o)
                0x00086450                _wcrtomb_r
 .text.__ascii_wctomb
                0x000864a0       0x1c c:/users/chris/appdata/local/arduino15/packages/arduino/tools/arm-none-eabi-gcc/4.8.3-2014q1/bin/../lib/gcc/arm-none-eabi/4.8.3/../../../../arm-none-eabi/lib/armv7-m\libg.a(lib_a-wctomb_r.o)
                0x000864a0                __ascii_wctomb
 .text._write_r
                0x000864bc       0x28 c:/users/chris/appdata/local/arduino15/packages/arduino/tools/arm-none-eabi-gcc/4.8.3-2014q1/bin/../lib/gcc/arm-none-eabi/4.8.3/../../../../arm-none-eabi/lib/armv7-m\libg.a(lib_a-writer.o)
                0x000864bc                _write_r
 .text._close_r
                0x000864e4       0x24 c:/users/chris/appdata/local/arduino15/packages/arduino/tools/arm-none-eabi-gcc/4.8.3-2014q1/bin/../lib/gcc/arm-none-eabi/4.8.3/../../../../arm-none-eabi/lib/armv7-m\libg.a(lib_a-closer.o)
                0x000864e4                _close_r
 .text._fclose_r
                0x00086508       0x80 c:/users/chris/appdata/local/arduino15/packages/arduino/tools/arm-none-eabi-gcc/4.8.3-2014q1/bin/../lib/gcc/arm-none-eabi/4.8.3/../../../../arm-none-eabi/lib/armv7-m\libg.a(lib_a-fclose.o)
                0x00086508                _fclose_r
 .text.fclose   0x00086588       0x10 c:/users/chris/appdata/local/arduino15/packages/arduino/tools/arm-none-eabi-gcc/4.8.3-2014q1/bin/../lib/gcc/arm-none-eabi/4.8.3/../../../../arm-none-eabi/lib/armv7-m\libg.a(lib_a-fclose.o)
                0x00086588                fclose
 .text._fstat_r
                0x00086598       0x28 c:/users/chris/appdata/local/arduino15/packages/arduino/tools/arm-none-eabi-gcc/4.8.3-2014q1/bin/../lib/gcc/arm-none-eabi/4.8.3/../../../../arm-none-eabi/lib/armv7-m\libg.a(lib_a-fstatr.o)
                0x00086598                _fstat_r
 .text._isatty_r
                0x000865c0       0x24 c:/users/chris/appdata/local/arduino15/packages/arduino/tools/arm-none-eabi-gcc/4.8.3-2014q1/bin/../lib/gcc/arm-none-eabi/4.8.3/../../../../arm-none-eabi/lib/armv7-m\libg.a(lib_a-isattyr.o)
                0x000865c0                _isatty_r
 .text._lseek_r
                0x000865e4       0x28 c:/users/chris/appdata/local/arduino15/packages/arduino/tools/arm-none-eabi-gcc/4.8.3-2014q1/bin/../lib/gcc/arm-none-eabi/4.8.3/../../../../arm-none-eabi/lib/armv7-m\libg.a(lib_a-lseekr.o)
                0x000865e4                _lseek_r
 .text._read_r  0x0008660c       0x28 c:/users/chris/appdata/local/arduino15/packages/arduino/tools/arm-none-eabi-gcc/4.8.3-2014q1/bin/../lib/gcc/arm-none-eabi/4.8.3/../../../../arm-none-eabi/lib/armv7-m\libg.a(lib_a-readr.o)
                0x0008660c                _read_r
 .text          0x00086634       0x2c c:/users/chris/appdata/local/arduino15/packages/arduino/tools/arm-none-eabi-gcc/4.8.3-2014q1/bin/../lib/gcc/arm-none-eabi/4.8.3/armv7-m\libgcc.a(_aeabi_uldivmod.o)
                0x00086634                __aeabi_uldivmod
 .text          0x00086660       0x60 c:/users/chris/appdata/local/arduino15/packages/arduino/tools/arm-none-eabi-gcc/4.8.3-2014q1/bin/../lib/gcc/arm-none-eabi/4.8.3/armv7-m\libgcc.a(bpabi.o)
                0x00086660                __gnu_ldivmod_helper
                0x00086690                __gnu_uldivmod_helper
 .text          0x000866c0        0x4 c:/users/chris/appdata/local/arduino15/packages/arduino/tools/arm-none-eabi-gcc/4.8.3-2014q1/bin/../lib/gcc/arm-none-eabi/4.8.3/armv7-m\libgcc.a(_dvmd_tls.o)
                0x000866c0                __aeabi_idiv0
                0x000866c0                __aeabi_ldiv0
 .text          0x000866c4      0x2a0 c:/users/chris/appdata/local/arduino15/packages/arduino/tools/arm-none-eabi-gcc/4.8.3-2014q1/bin/../lib/gcc/arm-none-eabi/4.8.3/armv7-m\libgcc.a(_divdi3.o)
                0x000866c4                __divdi3
 .text          0x00086964      0x290 c:/users/chris/appdata/local/arduino15/packages/arduino/tools/arm-none-eabi-gcc/4.8.3-2014q1/bin/../lib/gcc/arm-none-eabi/4.8.3/armv7-m\libgcc.a(_udivdi3.o)
                0x00086964                __udivdi3
 *(.glue_7t)
 .glue_7t       0x00000000        0x0 linker stubs
 *(.glue_7)
 .glue_7        0x00000000        0x0 linker stubs
 *(.rodata .rodata* .gnu.linkonce.r.*)
 .rodata        0x00086bf4        0xa configuracion.cpp.o
 .rodata.str1.1
                0x00086bfe       0x79 configuracion.cpp.o
 *fill*         0x00086c77        0x1 
 .rodata._ZTV7display
                0x00086c78       0x10 displayLCD.cpp.o
                0x00086c78                vtable for display
 .rodata.str1.1
                0x00086c88       0xca displayLCD.cpp.o
                                 0xcf (size before relaxing)
 .rodata.str1.1
                0x00086d52        0xf estados.cpp.o
                                 0x14 (size before relaxing)
 .rodata.str1.1
                0x00086d61        0xd interrupciones.cpp.o
 .rodata.str1.1
                0x00086d6e        0x6 wifi_i2c.cpp.o
 *fill*         0x00086d74        0x4 
 .rodata._ZTV7TwoWire
                0x00086d78       0x20 Wire\Wire.cpp.o
                0x00086d78                vtable for TwoWire
 .rodata._ZTV21LiquidCrystal_PCF8574
                0x00086d98       0x10 LiquidCrystal_PCF8574\LiquidCrystal_PCF8574.cpp.o
                0x00086d98                vtable for LiquidCrystal_PCF8574
 .rodata        0x00086da8       0x10 LiquidCrystal_PCF8574\LiquidCrystal_PCF8574.cpp.o
 .rodata.g_APinDescription
                0x00086db8      0xa2c C:\Users\chris\AppData\Local\Temp\VMBCore\arduino16x\fe3f83a7e80c02942d0516c7fa29c934\variant\variant.cpp.o
                0x00086db8                g_APinDescription
 .rodata.__func__.7227
                0x000877e4        0xe C:\Users\chris\AppData\Local\arduino15\packages\arduino\hardware\sam\1.6.11\variants\arduino_due_x/libsam_sam3x8e_gcc_rel.a(twi.o)
 .rodata.__func__.7157
                0x000877f2        0xd C:\Users\chris\AppData\Local\arduino15\packages\arduino\hardware\sam\1.6.11\variants\arduino_due_x/libsam_sam3x8e_gcc_rel.a(twi.o)
 .rodata.__func__.7208
                0x000877ff        0xf C:\Users\chris\AppData\Local\arduino15\packages\arduino\hardware\sam\1.6.11\variants\arduino_due_x/libsam_sam3x8e_gcc_rel.a(twi.o)
 .rodata.__func__.7172
                0x0008780e       0x13 C:\Users\chris\AppData\Local\arduino15\packages\arduino\hardware\sam\1.6.11\variants\arduino_due_x/libsam_sam3x8e_gcc_rel.a(twi.o)
 .rodata.__func__.7176
                0x00087821        0xc C:\Users\chris\AppData\Local\arduino15\packages\arduino\hardware\sam\1.6.11\variants\arduino_due_x/libsam_sam3x8e_gcc_rel.a(twi.o)
 .rodata.str1.1
                0x0008782d       0xb4 C:\Users\chris\AppData\Local\arduino15\packages\arduino\hardware\sam\1.6.11\variants\arduino_due_x/libsam_sam3x8e_gcc_rel.a(twi.o)
 .rodata.__func__.7184
                0x000878e1        0x9 C:\Users\chris\AppData\Local\arduino15\packages\arduino\hardware\sam\1.6.11\variants\arduino_due_x/libsam_sam3x8e_gcc_rel.a(twi.o)
 .rodata.__func__.7231
                0x000878ea        0xe C:\Users\chris\AppData\Local\arduino15\packages\arduino\hardware\sam\1.6.11\variants\arduino_due_x/libsam_sam3x8e_gcc_rel.a(twi.o)
 .rodata.__func__.7195
                0x000878f8        0xd C:\Users\chris\AppData\Local\arduino15\packages\arduino\hardware\sam\1.6.11\variants\arduino_due_x/libsam_sam3x8e_gcc_rel.a(twi.o)
 .rodata.__func__.7222
                0x00087905        0xd C:\Users\chris\AppData\Local\arduino15\packages\arduino\hardware\sam\1.6.11\variants\arduino_due_x/libsam_sam3x8e_gcc_rel.a(twi.o)
 .rodata.__func__.7200
                0x00087912        0xe C:\Users\chris\AppData\Local\arduino15\packages\arduino\hardware\sam\1.6.11\variants\arduino_due_x/libsam_sam3x8e_gcc_rel.a(twi.o)
 .rodata.__func__.7151
                0x00087920       0x14 C:\Users\chris\AppData\Local\arduino15\packages\arduino\hardware\sam\1.6.11\variants\arduino_due_x/libsam_sam3x8e_gcc_rel.a(twi.o)
 .rodata        0x00087934       0x40 C:\Users\chris\AppData\Local\arduino15\packages\arduino\hardware\sam\1.6.11\variants\arduino_due_x/libsam_sam3x8e_gcc_rel.a(adc.o)
 .rodata.str1.1
                0x00087974       0x19 C:\Users\chris\AppData\Local\Temp\VMBuilds\Due\arduino_due_x_dbg\Debug/core.a(syscalls_sam3.c.o)
 *fill*         0x0008798d        0x3 
 .rodata.channelToId.9433
                0x00087990       0x48 C:\Users\chris\AppData\Local\Temp\VMBuilds\Due\arduino_due_x_dbg\Debug/core.a(wiring_analog.c.o)
 .rodata.channelToTC.9432
                0x000879d8       0x48 C:\Users\chris\AppData\Local\Temp\VMBuilds\Due\arduino_due_x_dbg\Debug/core.a(wiring_analog.c.o)
 .rodata.channelToChNo.9430
                0x00087a20       0x48 C:\Users\chris\AppData\Local\Temp\VMBuilds\Due\arduino_due_x_dbg\Debug/core.a(wiring_analog.c.o)
 .rodata.channelToAB.9431
                0x00087a68       0x48 C:\Users\chris\AppData\Local\Temp\VMBuilds\Due\arduino_due_x_dbg\Debug/core.a(wiring_analog.c.o)
 .rodata.str1.1
                0x00087ab0        0xf C:\Users\chris\AppData\Local\Temp\VMBuilds\Due\arduino_due_x_dbg\Debug/core.a(Print.cpp.o)
 *fill*         0x00087abf        0x1 
 .rodata._ZTV9UARTClass
                0x00087ac0       0x30 C:\Users\chris\AppData\Local\Temp\VMBuilds\Due\arduino_due_x_dbg\Debug/core.a(UARTClass.cpp.o)
                0x00087ac0                vtable for UARTClass
 .rodata._ZTV10USARTClass
                0x00087af0       0x30 C:\Users\chris\AppData\Local\Temp\VMBuilds\Due\arduino_due_x_dbg\Debug/core.a(USARTClass.cpp.o)
                0x00087af0                vtable for USARTClass
 .rodata.STRING_PRODUCT
                0x00087b20        0xc C:\Users\chris\AppData\Local\Temp\VMBuilds\Due\arduino_due_x_dbg\Debug/core.a(USBCore.cpp.o)
                0x00087b20                STRING_PRODUCT
 .rodata.USB_DeviceDescriptor
                0x00087b2c       0x12 C:\Users\chris\AppData\Local\Temp\VMBuilds\Due\arduino_due_x_dbg\Debug/core.a(USBCore.cpp.o)
                0x00087b2c                USB_DeviceDescriptor
 .rodata.STRING_LANGUAGE
                0x00087b3e        0x4 C:\Users\chris\AppData\Local\Temp\VMBuilds\Due\arduino_due_x_dbg\Debug/core.a(USBCore.cpp.o)
                0x00087b3e                STRING_LANGUAGE
 .rodata._ZL18test_packet_buffer
                0x00087b42       0x35 C:\Users\chris\AppData\Local\Temp\VMBuilds\Due\arduino_due_x_dbg\Debug/core.a(USBCore.cpp.o)
 .rodata.STRING_MANUFACTURER
                0x00087b77        0xc C:\Users\chris\AppData\Local\Temp\VMBuilds\Due\arduino_due_x_dbg\Debug/core.a(USBCore.cpp.o)
                0x00087b77                STRING_MANUFACTURER
 .rodata.USB_DeviceDescriptorA
                0x00087b83       0x12 C:\Users\chris\AppData\Local\Temp\VMBuilds\Due\arduino_due_x_dbg\Debug/core.a(USBCore.cpp.o)
                0x00087b83                USB_DeviceDescriptorA
 .rodata._ZL19USB_DeviceQualifier
                0x00087b95        0x9 C:\Users\chris\AppData\Local\Temp\VMBuilds\Due\arduino_due_x_dbg\Debug/core.a(USBCore.cpp.o)
 *fill*         0x00087b9e        0x2 
 .rodata._ZTV7Serial_
                0x00087ba0       0x28 C:\Users\chris\AppData\Local\Temp\VMBuilds\Due\arduino_due_x_dbg\Debug/core.a(CDC.cpp.o)
                0x00087ba0                vtable for Serial_
 .rodata._ZL18_cdcOtherInterface