Archive member included because of file (symbol)

C:\Users\chris\AppData\Local\arduino15\packages\arduino\hardware\sam\1.6.11\variants\arduino_due_x/libsam_sam3x8e_gcc_rel.a(pio.o)
                              Wire\Wire.cpp.o (PIO_Configure)
C:\Users\chris\AppData\Local\arduino15\packages\arduino\hardware\sam\1.6.11\variants\arduino_due_x/libsam_sam3x8e_gcc_rel.a(pmc.o)
                              Wire\Wire.cpp.o (pmc_enable_periph_clk)
C:\Users\chris\AppData\Local\arduino15\packages\arduino\hardware\sam\1.6.11\variants\arduino_due_x/libsam_sam3x8e_gcc_rel.a(twi.o)
                              Wire\Wire.cpp.o (TWI_SetClock)
C:\Users\chris\AppData\Local\arduino15\packages\arduino\hardware\sam\1.6.11\variants\arduino_due_x/libsam_sam3x8e_gcc_rel.a(system_sam3xa.o)
                              C:\Users\chris\AppData\Local\Temp\VMBCore\arduino16x\fe3f83a7e80c02942d0516c7fa29c934\variant\variant.cpp.o (SystemInit)
C:\Users\chris\AppData\Local\arduino15\packages\arduino\hardware\sam\1.6.11\variants\arduino_due_x/libsam_sam3x8e_gcc_rel.a(startup_sam3xa.o)
                              (Reset_Handler)
C:\Users\chris\AppData\Local\arduino15\packages\arduino\hardware\sam\1.6.11\variants\arduino_due_x/libsam_sam3x8e_gcc_rel.a(adc.o)
                              C:\Users\chris\AppData\Local\Temp\VMBCore\arduino16x\fe3f83a7e80c02942d0516c7fa29c934\variant\variant.cpp.o (adc_init)
C:\Users\chris\AppData\Local\arduino15\packages\arduino\hardware\sam\1.6.11\variants\arduino_due_x/libsam_sam3x8e_gcc_rel.a(uotghs.o)
                              C:\Users\chris\AppData\Local\arduino15\packages\arduino\hardware\sam\1.6.11\variants\arduino_due_x/libsam_sam3x8e_gcc_rel.a(startup_sam3xa.o) (UOTGHS_Handler)
C:\Users\chris\AppData\Local\Temp\VMBuilds\Due\arduino_due_x_dbg\Debug/core.a(cortex_handlers.c.o)
                              C:\Users\chris\AppData\Local\arduino15\packages\arduino\hardware\sam\1.6.11\variants\arduino_due_x/libsam_sam3x8e_gcc_rel.a(startup_sam3xa.o) (NMI_Handler)
C:\Users\chris\AppData\Local\Temp\VMBuilds\Due\arduino_due_x_dbg\Debug/core.a(hooks.c.o)
                              C:\Users\chris\AppData\Local\Temp\VMBuilds\Due\arduino_due_x_dbg\Debug/core.a(cortex_handlers.c.o) (sysTickHook)
C:\Users\chris\AppData\Local\Temp\VMBuilds\Due\arduino_due_x_dbg\Debug/core.a(syscalls_sam3.c.o)
                              (_sbrk)
C:\Users\chris\AppData\Local\Temp\VMBuilds\Due\arduino_due_x_dbg\Debug/core.a(WInterrupts.c.o)
                              configuracion.cpp.o (attachInterrupt)
C:\Users\chris\AppData\Local\Temp\VMBuilds\Due\arduino_due_x_dbg\Debug/core.a(wiring.c.o)
                              configuracion.cpp.o (millis)
C:\Users\chris\AppData\Local\Temp\VMBuilds\Due\arduino_due_x_dbg\Debug/core.a(wiring_analog.c.o)
                              configuracion.cpp.o (analogWriteResolution)
C:\Users\chris\AppData\Local\Temp\VMBuilds\Due\arduino_due_x_dbg\Debug/core.a(wiring_digital.c.o)
                              configuracion.cpp.o (pinMode)
C:\Users\chris\AppData\Local\Temp\VMBuilds\Due\arduino_due_x_dbg\Debug/core.a(abi.cpp.o)
                              Wire\Wire.cpp.o (__cxa_pure_virtual)
C:\Users\chris\AppData\Local\Temp\VMBuilds\Due\arduino_due_x_dbg\Debug/core.a(main.cpp.o)
                              c:/users/chris/appdata/local/arduino15/packages/arduino/tools/arm-none-eabi-gcc/4.8.3-2014q1/bin/../lib/gcc/arm-none-eabi/4.8.3/../../../../arm-none-eabi/lib/armv7-m/crt0.o (main)
C:\Users\chris\AppData\Local\Temp\VMBuilds\Due\arduino_due_x_dbg\Debug/core.a(Print.cpp.o)
                              displayLCD.cpp.o (Print::write(unsigned char const*, unsigned int))
C:\Users\chris\AppData\Local\Temp\VMBuilds\Due\arduino_due_x_dbg\Debug/core.a(Reset.cpp.o)
                              C:\Users\chris\AppData\Local\Temp\VMBuilds\Due\arduino_due_x_dbg\Debug/core.a(cortex_handlers.c.o) (tickReset)
C:\Users\chris\AppData\Local\Temp\VMBuilds\Due\arduino_due_x_dbg\Debug/core.a(RingBuffer.cpp.o)
                              C:\Users\chris\AppData\Local\Temp\VMBCore\arduino16x\fe3f83a7e80c02942d0516c7fa29c934\variant\variant.cpp.o (RingBuffer::RingBuffer())
C:\Users\chris\AppData\Local\Temp\VMBuilds\Due\arduino_due_x_dbg\Debug/core.a(UARTClass.cpp.o)
                              C:\Users\chris\AppData\Local\Temp\VMBCore\arduino16x\fe3f83a7e80c02942d0516c7fa29c934\variant\variant.cpp.o (UARTClass::available())
C:\Users\chris\AppData\Local\Temp\VMBuilds\Due\arduino_due_x_dbg\Debug/core.a(USARTClass.cpp.o)
                              configuracion.cpp.o (USARTClass::begin(unsigned long))
C:\Users\chris\AppData\Local\Temp\VMBuilds\Due\arduino_due_x_dbg\Debug/core.a(watchdog.cpp.o)
                              C:\Users\chris\AppData\Local\Temp\VMBuilds\Due\arduino_due_x_dbg\Debug/core.a(main.cpp.o) (watchdogSetup())
C:\Users\chris\AppData\Local\Temp\VMBuilds\Due\arduino_due_x_dbg\Debug/core.a(WString.cpp.o)
[...]
Memory Configuration

Name             Origin             Length             Attributes
rom              0x00080000         0x00080000         xr
sram0            0x20000000         0x00010000         xrw
sram1            0x20080000         0x00008000         xrw
ram              0x20070000         0x00018000         xrw
*default*        0x00000000         0xffffffff

Linker script and memory map

LOAD c:/users/chris/appdata/local/arduino15/packages/arduino/tools/arm-none-eabi-gcc/4.8.3-2014q1/bin/../lib/gcc/arm-none-eabi/4.8.3/armv7-m/crti.o
LOAD c:/users/chris/appdata/local/arduino15/packages/arduino/tools/arm-none-eabi-gcc/4.8.3-2014q1/bin/../lib/gcc/arm-none-eabi/4.8.3/armv7-m/crtbegin.o
LOAD c:/users/chris/appdata/local/arduino15/packages/arduino/tools/arm-none-eabi-gcc/4.8.3-2014q1/bin/../lib/gcc/arm-none-eabi/4.8.3/../../../../arm-none-eabi/lib/armv7-m/crt0.o
START GROUP
LOAD Due.cpp.o
LOAD blynk_bt.cpp.o
LOAD configuracion.cpp.o
LOAD displayLCD.cpp.o
LOAD estados.cpp.o
LOAD interrupciones.cpp.o
LOAD luces.cpp.o
LOAD offlineBlynkBT.cpp.o
LOAD reloj.cpp.o
LOAD wifi_i2c.cpp.o
LOAD Wire\Wire.cpp.o
LOAD LiquidCrystal_PCF8574\LiquidCrystal_PCF8574.cpp.o
LOAD Blynk\utility\BlynkDebug.cpp.o
LOAD Blynk\utility\BlynkHandlers.cpp.o
LOAD Blynk\utility\BlynkTimer.cpp.o
LOAD Blynk\utility\utility.cpp.o
LOAD C:\Users\chris\AppData\Local\Temp\VMBCore\arduino16x\fe3f83a7e80c02942d0516c7fa29c934\variant\variant.cpp.o
LOAD C:\Users\chris\AppData\Local\arduino15\packages\arduino\hardware\sam\1.6.11\variants\arduino_due_x/libsam_sam3x8e_gcc_rel.a
LOAD C:\Users\chris\AppData\Local\Temp\VMBuilds\Due\arduino_due_x_dbg\Debug/core.a
END GROUP
LOAD c:/users/chris/appdata/local/arduino15/packages/arduino/tools/arm-none-eabi-gcc/4.8.3-2014q1/bin/../lib/gcc/arm-none-eabi/4.8.3/../../../../arm-none-eabi/lib/armv7-m\libm.a
START GROUP
LOAD c:/users/chris/appdata/local/arduino15/packages/arduino/tools/arm-none-eabi-gcc/4.8.3-2014q1/bin/../lib/gcc/arm-none-eabi/4.8.3/armv7-m\libgcc.a
LOAD c:/users/chris/appdata/local/arduino15/packages/arduino/tools/arm-none-eabi-gcc/4.8.3-2014q1/bin/../lib/gcc/arm-none-eabi/4.8.3/../../../../arm-none-eabi/lib/armv7-m\libg.a
LOAD c:/users/chris/appdata/local/arduino15/packages/arduino/tools/arm-none-eabi-gcc/4.8.3-2014q1/bin/../lib/gcc/arm-none-eabi/4.8.3/../../../../arm-none-eabi/lib/armv7-m\libc.a
END GROUP
LOAD c:/users/chris/appdata/local/arduino15/packages/arduino/tools/arm-none-eabi-gcc/4.8.3-2014q1/bin/../lib/gcc/arm-none-eabi/4.8.3/armv7-m/crtend.o
LOAD c:/users/chris/appdata/local/arduino15/packages/arduino/tools/arm-none-eabi-gcc/4.8.3-2014q1/bin/../lib/gcc/arm-none-eabi/4.8.3/armv7-m/crtn.o

.text           0x00080000     0x7e98
                0x00080000                . = ALIGN (0x4)
                0x00080000                _sfixed = .
 *(.vectors .vectors.*)
 .vectors       0x00080000       0xf4 C:\Users\chris\AppData\Local\arduino15\packages\arduino\hardware\sam\1.6.11\variants\arduino_due_x/libsam_sam3x8e_gcc_rel.a(startup_sam3xa.o)
                0x00080000                exception_table
 *(.text .text.* .gnu.linkonce.t.*)
 .text          0x000800f4       0x54 c:/users/chris/appdata/local/arduino15/packages/arduino/tools/arm-none-eabi-gcc/4.8.3-2014q1/bin/../lib/gcc/arm-none-eabi/4.8.3/armv7-m/crtbegin.o
 .text.setup    0x00080148       0x3c Due.cpp.o
                0x00080148                setup
 .text.loop     0x00080184       0x18 Due.cpp.o
                0x00080184                loop
 .text.startup._GLOBAL__sub_I_does
                0x0008019c       0x20 Due.cpp.o
 .text._ZN16iniciar_declarar12dispositivosEv
                0x000801bc        0x6 configuracion.cpp.o
                0x000801bc                iniciar_declarar::dispositivos()
 *fill*         0x000801c2        0x2 
 .text._ZN16iniciar_declarar7outputsEv
                0x000801c4       0x58 configuracion.cpp.o
                0x000801c4                iniciar_declarar::outputs()
 .text._ZN16iniciar_declarar6inputsEv
                0x0008021c       0x90 configuracion.cpp.o
                0x0008021c                iniciar_declarar::inputs()
 .text._ZN16iniciar_declarar9memoriaSDEv
                0x000802ac        0x2 configuracion.cpp.o
                0x000802ac                iniciar_declarar::memoriaSD()
 *fill*         0x000802ae        0x2 
 .text._ZN14interrupciones4initEv
                0x000802b0       0x40 configuracion.cpp.o
                0x000802b0                interrupciones::init()
 .text._ZN14interrupciones14temporalizadorEmPmPFvvE
                0x000802f0       0x1e configuracion.cpp.o
                0x000802f0                interrupciones::temporalizador(unsigned long, unsigned long*, void (*)())
 *fill*         0x0008030e        0x2 
 .text._ZN16iniciar_declarar6serialEv
                0x00080310       0x10 configuracion.cpp.o
                0x00080310                iniciar_declarar::serial()
 .text._ZN16iniciar_declarar9bluetoothEv
                0x00080320       0x78 configuracion.cpp.o
                0x00080320                iniciar_declarar::bluetooth()
 .text.__tcf_1  0x00080398       0x1c displayLCD.cpp.o
 .text.__tcf_0  0x000803b4       0x1c displayLCD.cpp.o
 .text._ZN7displayC2Eh6Stringii
                0x000803d0       0x38 displayLCD.cpp.o
                0x000803d0                display::display(unsigned char, String, int, int)
                0x000803d0                display::display(unsigned char, String, int, int)
 .text._ZN7display13customCharALLEv
                0x00080408       0x78 displayLCD.cpp.o
                0x00080408                display::customCharALL()
 .text._ZN7display4initEv
                0x00080480       0x68 displayLCD.cpp.o
                0x00080480                display::init()
 .text._ZN7display6gotoxyEii
                0x000804e8       0x30 displayLCD.cpp.o
                0x000804e8                display::gotoxy(int, int)
 .text._ZN7display6brilloEm
                0x00080518       0x26 displayLCD.cpp.o
                0x00080518                display::brillo(unsigned long)
 *fill*         0x0008053e        0x2 
 .text._ZN7display8encenderEh
                0x00080540       0xd8 displayLCD.cpp.o
                0x00080540                display::encender(unsigned char)
 .text._ZN7display10printFechaEiiiiii
                0x00080618       0x5c displayLCD.cpp.o
                0x00080618                display::printFecha(int, int, int, int, int, int)
 .text._ZN7display9printHoraEiiiii
                0x00080674       0x4c displayLCD.cpp.o
                0x00080674                display::printHora(int, int, int, int, int)
 .text._ZN7display12printSimboloEiii
                0x000806c0       0x16 displayLCD.cpp.o
                0x000806c0                display::printSimbolo(int, int, int)
 .text._ZN7display5resetEv
                0x000806d6       0x26 displayLCD.cpp.o
                0x000806d6                display::reset()
 .text._ZN7display10printClimaEiiiii
                0x000806fc       0x58 displayLCD.cpp.o
                0x000806fc                display::printClima(int, int, int, int, int)
 .text._ZN7display7printBTEiib
                0x00080754       0x28 displayLCD.cpp.o
                0x00080754                display::printBT(int, int, bool)
 .text._ZN7display9printWiFiEiib
                0x0008077c       0x28 displayLCD.cpp.o
                0x0008077c                display::printWiFi(int, int, bool)
 .text.startup._GLOBAL__sub_I_grados_c
                0x000807a4      0x138 displayLCD.cpp.o
 .text._ZN6estado4homeEv
                0x000808dc       0xfc estados.cpp.o
                0x000808dc                estado::home()
 .text._ZN7displayD2Ev
                0x000809d8       0x18 estados.cpp.o
                0x000809d8                display::~display()
                0x000809d8                display::~display()
 .text._ZN6estado6configEv
                0x000809f0       0x34 estados.cpp.o
                0x000809f0                estado::config()
 .text._ZN6estado10permanenteEv
                0x00080a24       0x1c estados.cpp.o
                0x00080a24                estado::permanente()
 .text._ZN6estado13select_estadoEv
                0x00080a40        0x2 estados.cpp.o
                0x00080a40                estado::select_estado()
 *fill*         0x00080a42        0x2 
 .text.startup._GLOBAL__sub_I_lcd
                0x00080a44       0x58 estados.cpp.o
 .text._Z16i2c_interrupcionv
                0x00080a9c        0x2 interrupciones.cpp.o
                0x00080a9c                i2c_interrupcion()
 .text._Z17MQ_2_interrupcionv
                0x00080a9e        0x2 interrupciones.cpp.o
                0x00080a9e                MQ_2_interrupcion()
 .text._Z16pir_interrupcionv
                0x00080aa0        0x2 interrupciones.cpp.o
                0x00080aa0                pir_interrupcion()
 .text._Z9piezo_piphh
                0x00080aa2       0x3e interrupciones.cpp.o
                0x00080aa2                piezo_pip(unsigned char, unsigned char)
 .text._Z7erroresh
                0x00080ae0       0x38 interrupciones.cpp.o
                0x00080ae0                errores(unsigned char)
 .text.startup._GLOBAL__sub_I__blynkTransport
                0x00080b18       0x28 offlineBlynkBT.cpp.o
 .text._Z12requestEventv
                0x00080b40        0x2 wifi_i2c.cpp.o
                0x00080b40                requestEvent()
 *fill*         0x00080b42        0x2 
 .text._ZN5wifiN7getHoraEv
                0x00080b44        0xc wifi_i2c.cpp.o
                0x00080b44                wifiN::getHora()
 .text._ZN5wifiN10getMinutosEv
                0x00080b50        0xc wifi_i2c.cpp.o
                0x00080b50                wifiN::getMinutos()
 .text._ZN5wifiN11getSegundosEv
                0x00080b5c        0xc wifi_i2c.cpp.o
                0x00080b5c                wifiN::getSegundos()
 .text._ZN5wifiN6getDiaEv
                0x00080b68        0xc wifi_i2c.cpp.o
                0x00080b68                wifiN::getDia()
 .text._ZN5wifiN7getDiaSEv
                0x00080b74        0xc wifi_i2c.cpp.o
                0x00080b74                wifiN::getDiaS()
 .text._ZN5wifiN6getMesEv
                0x00080b80        0xc wifi_i2c.cpp.o
                0x00080b80                wifiN::getMes()
 .text._ZN5wifiN7getAnioEv
                0x00080b8c        0xc wifi_i2c.cpp.o
                0x00080b8c                wifiN::getAnio()
 .text._ZN5wifiN10getCelsiusEv
                0x00080b98        0xc wifi_i2c.cpp.o
                0x00080b98                wifiN::getCelsius()
 .text._ZN5wifiN10getHumedadEv
                0x00080ba4        0xc wifi_i2c.cpp.o
                0x00080ba4                wifiN::getHumedad()
 .text._ZN5wifiN6getHICEv
                0x00080bb0        0xc wifi_i2c.cpp.o
                0x00080bb0                wifiN::getHIC()
 .text._ZN5wifiN7getBtEnEv
                0x00080bbc        0xc wifi_i2c.cpp.o
                0x00080bbc                wifiN::getBtEn()
 .text._ZN5wifiN7getDoorEv
                0x00080bc8        0xc wifi_i2c.cpp.o
                0x00080bc8                wifiN::getDoor()
 .text._ZN5wifiN7getWifiEv
                0x00080bd4        0xc wifi_i2c.cpp.o
                0x00080bd4                wifiN::getWifi()
 .text._ZN5wifiN6configEv
                0x00080be0       0x30 wifi_i2c.cpp.o
                0x00080be0                wifiN::config()
 .text._Z12receiveEventi
                0x00080c10      0x1c0 wifi_i2c.cpp.o
                0x00080c10                receiveEvent(int)
 .text._ZN7TwoWire5writeEPKhj
                0x00080dd0       0x50 Wire\Wire.cpp.o
                0x00080dd0                TwoWire::write(unsigned char const*, unsigned int)
 .text._ZN7TwoWire9availableEv
                0x00080e20        0xc Wire\Wire.cpp.o
                0x00080e20                TwoWire::available()
 .text._ZN7TwoWire4readEv
                0x00080e2c       0x1e Wire\Wire.cpp.o
                0x00080e2c                TwoWire::read()
 .text._ZN7TwoWire4peekEv
                0x00080e4a       0x16 Wire\Wire.cpp.o
                0x00080e4a                TwoWire::peek()
 .text._ZN7TwoWire5flushEv
                0x00080e60        0x2 Wire\Wire.cpp.o
                0x00080e60                TwoWire::flush()
 .text._ZN7TwoWire5writeEh
                0x00080e62       0x3a Wire\Wire.cpp.o
                0x00080e62                TwoWire::write(unsigned char)
 .text._ZL16TWI_WaitByteSentP3Twim.constprop.3
                0x00080e9c       0x2c Wire\Wire.cpp.o
 .text._ZL24TWI_WaitTransferCompleteP3Twim.constprop.4
                0x00080ec8       0x2c Wire\Wire.cpp.o
 .text._ZL9Wire_Initv
                0x00080ef4       0x54 Wire\Wire.cpp.o
 .text._ZL12Wire1_Deinitv
                0x00080f48       0x18 Wire\Wire.cpp.o
 .text._ZL11Wire_Deinitv
                0x00080f60       0x18 Wire\Wire.cpp.o
 .text._ZL10Wire1_Initv
                0x00080f78       0x54 Wire\Wire.cpp.o
 .text._ZN7TwoWireC2EP3TwiPFvvES3_
                0x00080fcc       0x48 Wire\Wire.cpp.o
                0x00080fcc                TwoWire::TwoWire(Twi*, void (*)(), void (*)())
                0x00080fcc                TwoWire::TwoWire(Twi*, void (*)(), void (*)())
 .text._ZN7TwoWire5beginEv
                0x00081014       0x30 Wire\Wire.cpp.o
                0x00081014                TwoWire::begin()
 .text._ZN7TwoWire5beginEh
                0x00081044       0x34 Wire\Wire.cpp.o
                0x00081044                TwoWire::begin(unsigned char)
 .text._ZN7TwoWire5beginEi
                0x00081078        0x6 Wire\Wire.cpp.o
                0x00081078                TwoWire::begin(int)
 .text._ZN7TwoWire17beginTransmissionEh
                0x0008107e       0x12 Wire\Wire.cpp.o
                0x0008107e                TwoWire::beginTransmission(unsigned char)
 .text._ZN7TwoWire17beginTransmissionEi
                0x00081090       0x12 Wire\Wire.cpp.o
                0x00081090                TwoWire::beginTransmission(int)
 .text._ZN7TwoWire15endTransmissionEh
                0x000810a2       0x82 Wire\Wire.cpp.o
                0x000810a2                TwoWire::endTransmission(unsigned char)
 .text._ZN7TwoWire15endTransmissionEv
                0x00081124        0x6 Wire\Wire.cpp.o
                0x00081124                TwoWire::endTransmission()
 .text._ZN7TwoWire9onReceiveEPFviE
                0x0008112a        0x4 Wire\Wire.cpp.o
                0x0008112a                TwoWire::onReceive(void (*)(int))
 .text._ZN7TwoWire9onRequestEPFvvE
                0x0008112e        0x4 Wire\Wire.cpp.o
                0x0008112e                TwoWire::onRequest(void (*)())
 .text._ZN7TwoWire9onServiceEv
                0x00081132      0x118 Wire\Wire.cpp.o
                0x00081132                TwoWire::onService()
 *fill*         0x0008124a        0x2 
 .text.TWI1_Handler
                0x0008124c        0xc Wire\Wire.cpp.o
                0x0008124c                TWI1_Handler
 .text.TWI0_Handler
                0x00081258        0xc Wire\Wire.cpp.o
                0x00081258                TWI0_Handler
 .text.startup._GLOBAL__sub_I__ZN7TwoWireC2EP3TwiPFvvES3_
                0x00081264       0x40 Wire\Wire.cpp.o
 .text._ZN21LiquidCrystal_PCF8574C2Eh
                0x000812a4       0x14 LiquidCrystal_PCF8574\LiquidCrystal_PCF8574.cpp.o
                0x000812a4                LiquidCrystal_PCF8574::LiquidCrystal_PCF8574(unsigned char)
                0x000812a4                LiquidCrystal_PCF8574::LiquidCrystal_PCF8574(unsigned char)
 .text._ZN21LiquidCrystal_PCF857411_write2WireEhhh
                0x000812b8       0x3c LiquidCrystal_PCF8574\LiquidCrystal_PCF8574.cpp.o
                0x000812b8                LiquidCrystal_PCF8574::_write2Wire(unsigned char, unsigned char, unsigned char)
 .text._ZN21LiquidCrystal_PCF857412setBacklightEh
                0x000812f4        0xc LiquidCrystal_PCF8574\LiquidCrystal_PCF8574.cpp.o
                0x000812f4                LiquidCrystal_PCF8574::setBacklight(unsigned char)
 .text._ZN21LiquidCrystal_PCF857411_sendNibbleEhh
                0x00081300       0x2e LiquidCrystal_PCF8574\LiquidCrystal_PCF8574.cpp.o
                0x00081300                LiquidCrystal_PCF8574::_sendNibble(unsigned char, unsigned char)
 .text._ZN21LiquidCrystal_PCF85745_sendEhh
                0x0008132e       0x1e LiquidCrystal_PCF8574\LiquidCrystal_PCF8574.cpp.o
                0x0008132e                LiquidCrystal_PCF8574::_send(unsigned char, unsigned char)
 .text._ZN21LiquidCrystal_PCF85748_commandEh
                0x0008134c        0x6 LiquidCrystal_PCF8574\LiquidCrystal_PCF8574.cpp.o
                0x0008134c                LiquidCrystal_PCF8574::_command(unsigned char)
 .text._ZN21LiquidCrystal_PCF85745clearEv
                0x00081352       0x14 LiquidCrystal_PCF8574\LiquidCrystal_PCF8574.cpp.o
                0x00081352                LiquidCrystal_PCF8574::clear()
 .text._ZN21LiquidCrystal_PCF85744homeEv
                0x00081366       0x14 LiquidCrystal_PCF8574\LiquidCrystal_PCF8574.cpp.o
                0x00081366                LiquidCrystal_PCF8574::home()
 *fill*         0x0008137a        0x2 
 .text._ZN21LiquidCrystal_PCF85749setCursorEhh
                0x0008137c       0x40 LiquidCrystal_PCF8574\LiquidCrystal_PCF8574.cpp.o
                0x0008137c                LiquidCrystal_PCF8574::setCursor(unsigned char, unsigned char)
 .text._ZN21LiquidCrystal_PCF85747displayEv
                0x000813bc       0x14 LiquidCrystal_PCF8574\LiquidCrystal_PCF8574.cpp.o
                0x000813bc                LiquidCrystal_PCF8574::display()
 .text._ZN21LiquidCrystal_PCF85748noCursorEv
                0x000813d0       0x14 LiquidCrystal_PCF8574\LiquidCrystal_PCF8574.cpp.o
                0x000813d0                LiquidCrystal_PCF8574::noCursor()
 .text._ZN21LiquidCrystal_PCF85747noBlinkEv
                0x000813e4       0x14 LiquidCrystal_PCF8574\LiquidCrystal_PCF8574.cpp.o
                0x000813e4                LiquidCrystal_PCF8574::noBlink()
 .text._ZN21LiquidCrystal_PCF857410createCharEhPh
                0x000813f8       0x28 LiquidCrystal_PCF8574\LiquidCrystal_PCF8574.cpp.o
                0x000813f8                LiquidCrystal_PCF8574::createChar(unsigned char, unsigned char*)
 .text._ZN21LiquidCrystal_PCF85745writeEh
                0x00081420        0xc LiquidCrystal_PCF8574\LiquidCrystal_PCF8574.cpp.o
                0x00081420                LiquidCrystal_PCF8574::write(unsigned char)
 .text._ZN21LiquidCrystal_PCF85745beginEhhh
                0x0008142c       0xb0 LiquidCrystal_PCF8574\LiquidCrystal_PCF8574.cpp.o
                0x0008142c                LiquidCrystal_PCF8574::begin(unsigned char, unsigned char, unsigned char)
 .text._Z11serialEventv
                0x000814dc        0x2 C:\Users\chris\AppData\Local\Temp\VMBCore\arduino16x\fe3f83a7e80c02942d0516c7fa29c934\variant\variant.cpp.o
                0x000814dc                serialEvent()
 *fill*         0x000814de        0x2 
 .text.UART_Handler
                0x000814e0        0xc C:\Users\chris\AppData\Local\Temp\VMBCore\arduino16x\fe3f83a7e80c02942d0516c7fa29c934\variant\variant.cpp.o
                0x000814e0                UART_Handler
 .text._Z12serialEvent1v
                0x000814ec        0x2 C:\Users\chris\AppData\Local\Temp\VMBCore\arduino16x\fe3f83a7e80c02942d0516c7fa29c934\variant\variant.cpp.o
                0x000814ec                serialEvent1()
 .text._Z12serialEvent2v
                0x000814ee        0x2 C:\Users\chris\AppData\Local\Temp\VMBCore\arduino16x\fe3f83a7e80c02942d0516c7fa29c934\variant\variant.cpp.o
                0x000814ee                serialEvent2()
 .text._Z12serialEvent3v
                0x000814f0        0x2 C:\Users\chris\AppData\Local\Temp\VMBCore\arduino16x\fe3f83a7e80c02942d0516c7fa29c934\variant\variant.cpp.o
                0x000814f0                serialEvent3()
 *fill*         0x000814f2        0x2 
 .text.USART0_Handler
                0x000814f4        0xc C:\Users\chris\AppData\Local\Temp\VMBCore\arduino16x\fe3f83a7e80c02942d0516c7fa29c934\variant\variant.cpp.o
                0x000814f4                USART0_Handler
 .text.USART1_Handler
                0x00081500        0xc C:\Users\chris\AppData\Local\Temp\VMBCore\arduino16x\fe3f83a7e80c02942d0516c7fa29c934\variant\variant.cpp.o
                0x00081500                USART1_Handler
 .text.USART3_Handler
                0x0008150c        0xc C:\Users\chris\AppData\Local\Temp\VMBCore\arduino16x\fe3f83a7e80c02942d0516c7fa29c934\variant\variant.cpp.o
                0x0008150c                USART3_Handler
 .text.init     0x00081518      0x128 C:\Users\chris\AppData\Local\Temp\VMBCore\arduino16x\fe3f83a7e80c02942d0516c7fa29c934\variant\variant.cpp.o
                0x00081518                init
 .text.startup._GLOBAL__sub_I_g_APinDescription
                0x00081640       0xd4 C:\Users\chris\AppData\Local\Temp\VMBCore\arduino16x\fe3f83a7e80c02942d0516c7fa29c934\variant\variant.cpp.o
 .text._Z14serialEventRunv
                0x00081714       0x44 C:\Users\chris\AppData\Local\Temp\VMBCore\arduino16x\fe3f83a7e80c02942d0516c7fa29c934\variant\variant.cpp.o
                0x00081714                serialEventRun()
 .text.PIO_PullUp
                0x00081758        0xa C:\Users\chris\AppData\Local\arduino15\packages\arduino\hardware\sam\1.6.11\variants\arduino_due_x/libsam_sam3x8e_gcc_rel.a(pio.o)
                0x00081758                PIO_PullUp
 .text.PIO_SetPeripheral
                0x00081762       0x26 C:\Users\chris\AppData\Local\arduino15\packages\arduino\hardware\sam\1.6.11\variants\arduino_due_x/libsam_sam3x8e_gcc_rel.a(pio.o)
                0x00081762                PIO_SetPeripheral
 .text.PIO_SetInput
                0x00081788       0x26 C:\Users\chris\AppData\Local\arduino15\packages\arduino\hardware\sam\1.6.11\variants\arduino_due_x/libsam_sam3x8e_gcc_rel.a(pio.o)
                0x00081788                PIO_SetInput
 .text.PIO_SetOutput
                0x000817ae       0x24 C:\Users\chris\AppData\Local\arduino15\packages\arduino\hardware\sam\1.6.11\variants\arduino_due_x/libsam_sam3x8e_gcc_rel.a(pio.o)
                0x000817ae                PIO_SetOutput
 *fill*         0x000817d2        0x2 
 .text.PIO_Configure
                0x000817d4       0x64 C:\Users\chris\AppData\Local\arduino15\packages\arduino\hardware\sam\1.6.11\variants\arduino_due_x/libsam_sam3x8e_gcc_rel.a(pio.o)
                0x000817d4                PIO_Configure
 .text.PIO_GetOutputDataStatus
                0x00081838       0x14 C:\Users\chris\AppData\Local\arduino15\packages\arduino\hardware\sam\1.6.11\variants\arduino_due_x/libsam_sam3x8e_gcc_rel.a(pio.o)
                0x00081838                PIO_GetOutputDataStatus
 .text.pmc_enable_upll_clock
                0x0008184c       0x14 C:\Users\chris\AppData\Local\arduino15\packages\arduino\hardware\sam\1.6.11\variants\arduino_due_x/libsam_sam3x8e_gcc_rel.a(pmc.o)
                0x0008184c                pmc_enable_upll_clock
 .text.pmc_enable_periph_clk
                0x00081860       0x44 C:\Users\chris\AppData\Local\arduino15\packages\arduino\hardware\sam\1.6.11\variants\arduino_due_x/libsam_sam3x8e_gcc_rel.a(pmc.o)
                0x00081860                pmc_enable_periph_clk
 .text.pmc_disable_periph_clk
                0x000818a4       0x40 C:\Users\chris\AppData\Local\arduino15\packages\arduino\hardware\sam\1.6.11\variants\arduino_due_x/libsam_sam3x8e_gcc_rel.a(pmc.o)
                0x000818a4                pmc_disable_periph_clk
 .text.pmc_switch_udpck_to_upllck
                0x000818e4       0x14 C:\Users\chris\AppData\Local\arduino15\packages\arduino\hardware\sam\1.6.11\variants\arduino_due_x/libsam_sam3x8e_gcc_rel.a(pmc.o)
                0x000818e4                pmc_switch_udpck_to_upllck
 .text.pmc_enable_udpck
                0x000818f8        0xc C:\Users\chris\AppData\Local\arduino15\packages\arduino\hardware\sam\1.6.11\variants\arduino_due_x/libsam_sam3x8e_gcc_rel.a(pmc.o)
                0x000818f8                pmc_enable_udpck
 .text.TWI_SetClock
                0x00081904       0x58 C:\Users\chris\AppData\Local\arduino15\packages\arduino\hardware\sam\1.6.11\variants\arduino_due_x/libsam_sam3x8e_gcc_rel.a(twi.o)
                0x00081904                TWI_SetClock
 .text.TWI_Disable
                0x0008195c       0x2c C:\Users\chris\AppData\Local\arduino15\packages\arduino\hardware\sam\1.6.11\variants\arduino_due_x/libsam_sam3x8e_gcc_rel.a(twi.o)
                0x0008195c                TWI_Disable
 .text.TWI_ConfigureMaster
                0x00081988       0x48 C:\Users\chris\AppData\Local\arduino15\packages\arduino\hardware\sam\1.6.11\variants\arduino_due_x/libsam_sam3x8e_gcc_rel.a(twi.o)
                0x00081988                TWI_ConfigureMaster
 .text.TWI_ConfigureSlave
                0x000819d0       0x44 C:\Users\chris\AppData\Local\arduino15\packages\arduino\hardware\sam\1.6.11\variants\arduino_due_x/libsam_sam3x8e_gcc_rel.a(twi.o)
                0x000819d0                TWI_ConfigureSlave
 .text.TWI_Stop
                0x00081a14       0x28 C:\Users\chris\AppData\Local\arduino15\packages\arduino\hardware\sam\1.6.11\variants\arduino_due_x/libsam_sam3x8e_gcc_rel.a(twi.o)
                0x00081a14                TWI_Stop
 .text.TWI_ReadByte
                0x00081a3c       0x28 C:\Users\chris\AppData\Local\arduino15\packages\arduino\hardware\sam\1.6.11\variants\arduino_due_x/libsam_sam3x8e_gcc_rel.a(twi.o)
                0x00081a3c                TWI_ReadByte
 .text.TWI_WriteByte
                0x00081a64       0x24 C:\Users\chris\AppData\Local\arduino15\packages\arduino\hardware\sam\1.6.11\variants\arduino_due_x/libsam_sam3x8e_gcc_rel.a(twi.o)
                0x00081a64                TWI_WriteByte
 .text.TWI_StartWrite
                0x00081a88       0x7c C:\Users\chris\AppData\Local\arduino15\packages\arduino\hardware\sam\1.6.11\variants\arduino_due_x/libsam_sam3x8e_gcc_rel.a(twi.o)
                0x00081a88                TWI_StartWrite
 .text.TWI_EnableIt
                0x00081b04       0x40 C:\Users\chris\AppData\Local\arduino15\packages\arduino\hardware\sam\1.6.11\variants\arduino_due_x/libsam_sam3x8e_gcc_rel.a(twi.o)
                0x00081b04                TWI_EnableIt
 .text.TWI_DisableIt
                0x00081b44       0x40 C:\Users\chris\AppData\Local\arduino15\packages\arduino\hardware\sam\1.6.11\variants\arduino_due_x/libsam_sam3x8e_gcc_rel.a(twi.o)
                0x00081b44                TWI_DisableIt
 .text.TWI_GetStatus
                0x00081b84       0x28 C:\Users\chris\AppData\Local\arduino15\packages\arduino\hardware\sam\1.6.11\variants\arduino_due_x/libsam_sam3x8e_gcc_rel.a(twi.o)
                0x00081b84                TWI_GetStatus
 .text.SystemInit
                0x00081bac       0x88 C:\Users\chris\AppData\Local\arduino15\packages\arduino\hardware\sam\1.6.11\variants\arduino_due_x/libsam_sam3x8e_gcc_rel.a(system_sam3xa.o)
                0x00081bac                SystemInit
 .text.Reset_Handler
                0x00081c34       0x78 C:\Users\chris\AppData\Local\arduino15\packages\arduino\hardware\sam\1.6.11\variants\arduino_due_x/libsam_sam3x8e_gcc_rel.a(startup_sam3xa.o)
                0x00081c34                Reset_Handler
 .text.adc_init
                0x00081cac       0x98 C:\Users\chris\AppData\Local\arduino15\packages\arduino\hardware\sam\1.6.11\variants\arduino_due_x/libsam_sam3x8e_gcc_rel.a(adc.o)
                0x00081cac                adc_init
 .text.adc_configure_trigger
                0x00081d44        0xe C:\Users\chris\AppData\Local\arduino15\packages\arduino\hardware\sam\1.6.11\variants\arduino_due_x/libsam_sam3x8e_gcc_rel.a(adc.o)
                0x00081d44                adc_configure_trigger
 .text.adc_configure_timing
                0x00081d52       0x1a C:\Users\chris\AppData\Local\arduino15\packages\arduino\hardware\sam\1.6.11\variants\arduino_due_x/libsam_sam3x8e_gcc_rel.a(adc.o)
                0x00081d52                adc_configure_timing
 .text.adc_disable_channel
                0x00081d6c        0xa C:\Users\chris\AppData\Local\arduino15\packages\arduino\hardware\sam\1.6.11\variants\arduino_due_x/libsam_sam3x8e_gcc_rel.a(adc.o)
                0x00081d6c                adc_disable_channel
 .text.adc_disable_all_channel
                0x00081d76        0x8 C:\Users\chris\AppData\Local\arduino15\packages\arduino\hardware\sam\1.6.11\variants\arduino_due_x/libsam_sam3x8e_gcc_rel.a(adc.o)
                0x00081d76                adc_disable_all_channel
 .text.adc_disable_interrupt
                0x00081d7e        0x4 C:\Users\chris\AppData\Local\arduino15\packages\arduino\hardware\sam\1.6.11\variants\arduino_due_x/libsam_sam3x8e_gcc_rel.a(adc.o)
                0x00081d7e                adc_disable_interrupt
 *fill*         0x00081d82        0x2 
 .text.UOTGHS_Handler
                0x00081d84       0x10 C:\Users\chris\AppData\Local\arduino15\packages\arduino\hardware\sam\1.6.11\variants\arduino_due_x/libsam_sam3x8e_gcc_rel.a(uotghs.o)
                0x00081d84                UOTGHS_Handler
 .text.__halt   0x00081d94        0x2 C:\Users\chris\AppData\Local\Temp\VMBuilds\Due\arduino_due_x_dbg\Debug/core.a(cortex_handlers.c.o)
                0x00081d94                DACC_Handler
                0x00081d94                DebugMon_Handler
                0x00081d94                DMAC_Handler
                0x00081d94                TRNG_Handler
                0x00081d94                HardFault_Handler
                0x00081d94                TC2_Handler
                0x00081d94                NMI_Handler
                0x00081d94                TC7_Handler
                0x00081d94                ADC_Handler
                0x00081d94                SMC_Handler
                0x00081d94                RTT_Handler
                0x00081d94                EFC1_Handler
                0x00081d94                RTC_Handler
                0x00081d94                UsageFault_Handler
                0x00081d94                TC6_Handler
                0x00081d94                WDT_Handler
                0x00081d94                CAN0_Handler
                0x00081d94                TC4_Handler
                0x00081d94                TC1_Handler
                0x00081d94                HSMCI_Handler
                0x00081d94                TC3_Handler
                0x00081d94                SSC_Handler
                0x00081d94                EFC0_Handler
                0x00081d94                PMC_Handler
                0x00081d94                PWM_Handler
                0x00081d94                CAN1_Handler
                0x00081d94                MemManage_Handler
                0x00081d94                SUPC_Handler
                0x00081d94                TC8_Handler
                0x00081d94                USART2_Handler
                0x00081d94                EMAC_Handler
                0x00081d94                BusFault_Handler
                0x00081d94                RSTC_Handler
                0x00081d94                TC0_Handler
                0x00081d94                TC5_Handler
                0x00081d94                SPI0_Handler
 .text.SVC_Handler
                0x00081d96        0x4 C:\Users\chris\AppData\Local\Temp\VMBuilds\Due\arduino_due_x_dbg\Debug/core.a(cortex_handlers.c.o)
                0x00081d96                SVC_Handler
 .text.PendSV_Handler
                0x00081d9a        0x4 C:\Users\chris\AppData\Local\Temp\VMBuilds\Due\arduino_due_x_dbg\Debug/core.a(cortex_handlers.c.o)
                0x00081d9a                PendSV_Handler
 .text.SysTick_Handler
                0x00081d9e       0x16 C:\Users\chris\AppData\Local\Temp\VMBuilds\Due\arduino_due_x_dbg\Debug/core.a(cortex_handlers.c.o)
                0x00081d9e                SysTick_Handler
 .text.__empty  0x00081db4        0x2 C:\Users\chris\AppData\Local\Temp\VMBuilds\Due\arduino_due_x_dbg\Debug/core.a(hooks.c.o)
                0x00081db4                yield
 .text.__false  0x00081db6        0x4 C:\Users\chris\AppData\Local\Temp\VMBuilds\Due\arduino_due_x_dbg\Debug/core.a(hooks.c.o)
                0x00081db6                sysTickHook
 .text.__halt   0x00081dba        0x2 C:\Users\chris\AppData\Local\Temp\VMBuilds\Due\arduino_due_x_dbg\Debug/core.a(hooks.c.o)
                0x00081dba                svcHook
                0x00081dba                pendSVHook
 .text._sbrk    0x00081dbc       0x1c C:\Users\chris\AppData\Local\Temp\VMBuilds\Due\arduino_due_x_dbg\Debug/core.a(syscalls_sam3.c.o)
                0x00081dbc                _sbrk
 .text.link     0x00081dd8        0x6 C:\Users\chris\AppData\Local\Temp\VMBuilds\Due\arduino_due_x_dbg\Debug/core.a(syscalls_sam3.c.o)
                0x00081dd8                link
 .text._close   0x00081dde        0x6 C:\Users\chris\AppData\Local\Temp\VMBuilds\Due\arduino_due_x_dbg\Debug/core.a(syscalls_sam3.c.o)
                0x00081dde                _close
 .text._fstat   0x00081de4        0xa C:\Users\chris\AppData\Local\Temp\VMBuilds\Due\arduino_due_x_dbg\Debug/core.a(syscalls_sam3.c.o)
                0x00081de4                _fstat
 .text._isatty  0x00081dee        0x4 C:\Users\chris\AppData\Local\Temp\VMBuilds\Due\arduino_due_x_dbg\Debug/core.a(syscalls_sam3.c.o)
                0x00081dee                _isatty
 .text._lseek   0x00081df2        0x4 C:\Users\chris\AppData\Local\Temp\VMBuilds\Due\arduino_due_x_dbg\Debug/core.a(syscalls_sam3.c.o)
                0x00081df2                _lseek
 .text._read    0x00081df6        0x4 C:\Users\chris\AppData\Local\Temp\VMBuilds\Due\arduino_due_x_dbg\Debug/core.a(syscalls_sam3.c.o)
                0x00081df6                _read
 *fill*         0x00081dfa        0x2 
 .text._write   0x00081dfc       0x24 C:\Users\chris\AppData\Local\Temp\VMBuilds\Due\arduino_due_x_dbg\Debug/core.a(syscalls_sam3.c.o)
                0x00081dfc                _write
 .text._exit    0x00081e20       0x10 C:\Users\chris\AppData\Local\Temp\VMBuilds\Due\arduino_due_x_dbg\Debug/core.a(syscalls_sam3.c.o)
                0x00081e20                _exit
 .text._kill    0x00081e30        0x2 C:\Users\chris\AppData\Local\Temp\VMBuilds\Due\arduino_due_x_dbg\Debug/core.a(syscalls_sam3.c.o)
                0x00081e30                _kill
 .text._getpid  0x00081e32        0x6 C:\Users\chris\AppData\Local\Temp\VMBuilds\Due\arduino_due_x_dbg\Debug/core.a(syscalls_sam3.c.o)
                0x00081e32                _getpid
 .text.attachInterrupt
                0x00081e38      0x148 C:\Users\chris\AppData\Local\Temp\VMBuilds\Due\arduino_due_x_dbg\Debug/core.a(WInterrupts.c.o)
                0x00081e38                attachInterrupt
 .text.PIOA_Handler
                0x00081f80       0x38 C:\Users\chris\AppData\Local\Temp\VMBuilds\Due\arduino_due_x_dbg\Debug/core.a(WInterrupts.c.o)
                0x00081f80                PIOA_Handler
 .text.PIOB_Handler
                0x00081fb8       0x38 C:\Users\chris\AppData\Local\Temp\VMBuilds\Due\arduino_due_x_dbg\Debug/core.a(WInterrupts.c.o)
                0x00081fb8                PIOB_Handler
 .text.PIOC_Handler
                0x00081ff0       0x38 C:\Users\chris\AppData\Local\Temp\VMBuilds\Due\arduino_due_x_dbg\Debug/core.a(WInterrupts.c.o)
                0x00081ff0                PIOC_Handler
 .text.PIOD_Handler
                0x00082028       0x38 C:\Users\chris\AppData\Local\Temp\VMBuilds\Due\arduino_due_x_dbg\Debug/core.a(WInterrupts.c.o)
                0x00082028                PIOD_Handler
 .text.millis   0x00082060        0x4 C:\Users\chris\AppData\Local\Temp\VMBuilds\Due\arduino_due_x_dbg\Debug/core.a(wiring.c.o)
                0x00082060                millis
 .text.delay    0x00082064       0x1c C:\Users\chris\AppData\Local\Temp\VMBuilds\Due\arduino_due_x_dbg\Debug/core.a(wiring.c.o)
                0x00082064                delay
 .text.mapResolution
                0x00082080       0x12 C:\Users\chris\AppData\Local\Temp\VMBuilds\Due\arduino_due_x_dbg\Debug/core.a(wiring_analog.c.o)
 *fill*         0x00082092        0x2 
 .text.analogWriteResolution
                0x00082094        0xc C:\Users\chris\AppData\Local\Temp\VMBuilds\Due\arduino_due_x_dbg\Debug/core.a(wiring_analog.c.o)
                0x00082094                analogWriteResolution
 .text.analogOutputInit
                0x000820a0        0x2 C:\Users\chris\AppData\Local\Temp\VMBuilds\Due\arduino_due_x_dbg\Debug/core.a(wiring_analog.c.o)
                0x000820a0                analogOutputInit
 *fill*         0x000820a2        0x2 
 .text.analogWrite
                0x000820a4      0x2c0 C:\Users\chris\AppData\Local\Temp\VMBuilds\Due\arduino_due_x_dbg\Debug/core.a(wiring_analog.c.o)
                0x000820a4                analogWrite
 .text.pinMode  0x00082364      0x108 C:\Users\chris\AppData\Local\Temp\VMBuilds\Due\arduino_due_x_dbg\Debug/core.a(wiring_digital.c.o)
                0x00082364                pinMode
 .text.digitalWrite
                0x0008246c       0x70 C:\Users\chris\AppData\Local\Temp\VMBuilds\Due\arduino_due_x_dbg\Debug/core.a(wiring_digital.c.o)
                0x0008246c                digitalWrite
 .text.initVariant
                0x000824dc        0x2 C:\Users\chris\AppData\Local\Temp\VMBuilds\Due\arduino_due_x_dbg\Debug/core.a(main.cpp.o)
                0x000824dc                initVariant
 *fill*         0x000824de        0x2 
 .text.startup.main
                0x000824e0       0x38 C:\Users\chris\AppData\Local\Temp\VMBuilds\Due\arduino_due_x_dbg\Debug/core.a(main.cpp.o)
                0x000824e0                main
 .text._ZN5Print5writeEPKhj
                0x00082518       0x22 C:\Users\chris\AppData\Local\Temp\VMBuilds\Due\arduino_due_x_dbg\Debug/core.a(Print.cpp.o)
                0x00082518                Print::write(unsigned char const*, unsigned int)
 .text._ZN5Print5printEmi.part.3
                0x0008253a        0xc C:\Users\chris\AppData\Local\Temp\VMBuilds\Due\arduino_due_x_dbg\Debug/core.a(Print.cpp.o)
 .text._ZN5Print5writeEPKc
                0x00082546       0x1e C:\Users\chris\AppData\Local\Temp\VMBuilds\Due\arduino_due_x_dbg\Debug/core.a(Print.cpp.o)
                0x00082546                Print::write(char const*)
 .text._ZN5Print5printERK6String
                0x00082564       0x10 C:\Users\chris\AppData\Local\Temp\VMBuilds\Due\arduino_due_x_dbg\Debug/core.a(Print.cpp.o)
                0x00082564                Print::print(String const&)
 .text._ZN5Print5printEPKc
                0x00082574        0x8 C:\Users\chris\AppData\Local\Temp\VMBuilds\Due\arduino_due_x_dbg\Debug/core.a(Print.cpp.o)
                0x00082574                Print::print(char const*)
 .text._ZN5Print5printEc
                0x0008257c        0xa C:\Users\chris\AppData\Local\Temp\VMBuilds\Due\arduino_due_x_dbg\Debug/core.a(Print.cpp.o)
                0x0008257c                Print::print(char)
 *fill*         0x00082586        0x2 
 .text._ZN5Print7printlnEv
                0x00082588       0x10 C:\Users\chris\AppData\Local\Temp\VMBuilds\Due\arduino_due_x_dbg\Debug/core.a(Print.cpp.o)
                0x00082588                Print::println()
 .text._ZN5Print7printlnERK6String
                0x00082598       0x14 C:\Users\chris\AppData\Local\Temp\VMBuilds\Due\arduino_due_x_dbg\Debug/core.a(Print.cpp.o)
                0x00082598                Print::println(String const&)
 .text._ZN5Print7printlnEPKc
                0x000825ac       0x14 C:\Users\chris\AppData\Local\Temp\VMBuilds\Due\arduino_due_x_dbg\Debug/core.a(Print.cpp.o)
                0x000825ac                Print::println(char const*)
 .text._ZN5Print11printNumberEmh
                0x000825c0       0x3e C:\Users\chris\AppData\Local\Temp\VMBuilds\Due\arduino_due_x_dbg\Debug/core.a(Print.cpp.o)
                0x000825c0                Print::printNumber(unsigned long, unsigned char)
 .text._ZN5Print5printEli
                0x000825fe       0x3c C:\Users\chris\AppData\Local\Temp\VMBuilds\Due\arduino_due_x_dbg\Debug/core.a(Print.cpp.o)
                0x000825fe                Print::print(long, int)
 .text._ZN5Print5printEii
                0x0008263a        0x4 C:\Users\chris\AppData\Local\Temp\VMBuilds\Due\arduino_due_x_dbg\Debug/core.a(Print.cpp.o)
                0x0008263a                Print::print(int, int)
 .text._ZN5Print7printlnEii
                0x0008263e       0x14 C:\Users\chris\AppData\Local\Temp\VMBuilds\Due\arduino_due_x_dbg\Debug/core.a(Print.cpp.o)
                0x0008263e                Print::println(int, int)
 .text._ZN5Print5printEmi
                0x00082652        0xc C:\Users\chris\AppData\Local\Temp\VMBuilds\Due\arduino_due_x_dbg\Debug/core.a(Print.cpp.o)
                0x00082652                Print::print(unsigned long, int)
 .text._ZN5Print7printlnEhi
                0x0008265e       0x14 C:\Users\chris\AppData\Local\Temp\VMBuilds\Due\arduino_due_x_dbg\Debug/core.a(Print.cpp.o)
                0x0008265e                Print::println(unsigned char, int)
 *fill*         0x00082672        0x2 
 .text.initiateReset
                0x00082674        0xc C:\Users\chris\AppData\Local\Temp\VMBuilds\Due\arduino_due_x_dbg\Debug/core.a(Reset.cpp.o)
                0x00082674                initiateReset
 .text.cancelReset
                0x00082680       0x10 C:\Users\chris\AppData\Local\Temp\VMBuilds\Due\arduino_due_x_dbg\Debug/core.a(Reset.cpp.o)
                0x00082680                cancelReset
 .text.tickReset
                0x00082690       0x20 C:\Users\chris\AppData\Local\Temp\VMBuilds\Due\arduino_due_x_dbg\Debug/core.a(Reset.cpp.o)
                0x00082690                tickReset
 .text._ZN10RingBufferC2Ev
                0x000826b0       0x1a C:\Users\chris\AppData\Local\Temp\VMBuilds\Due\arduino_due_x_dbg\Debug/core.a(RingBuffer.cpp.o)
                0x000826b0                RingBuffer::RingBuffer()
                0x000826b0                RingBuffer::RingBuffer()
 .text._ZN10RingBuffer10store_charEh
                0x000826ca       0x1e C:\Users\chris\AppData\Local\Temp\VMBuilds\Due\arduino_due_x_dbg\Debug/core.a(RingBuffer.cpp.o)
                0x000826ca                RingBuffer::store_char(unsigned char)
 .text._ZN9UARTClasscvbEv
                0x000826e8        0x4 C:\Users\chris\AppData\Local\Temp\VMBuilds\Due\arduino_due_x_dbg\Debug/core.a(UARTClass.cpp.o)
                0x000826e8                UARTClass::operator bool()
 .text._ZN9UARTClass9availableEv
                0x000826ec       0x12 C:\Users\chris\AppData\Local\Temp\VMBuilds\Due\arduino_due_x_dbg\Debug/core.a(UARTClass.cpp.o)
                0x000826ec                UARTClass::available()
 .text._ZN9UARTClass4peekEv
                0x000826fe       0x1c C:\Users\chris\AppData\Local\Temp\VMBuilds\Due\arduino_due_x_dbg\Debug/core.a(UARTClass.cpp.o)
                0x000826fe                UARTClass::peek()
 .text._ZN9UARTClass4readEv
                0x0008271a       0x2a C:\Users\chris\AppData\Local\Temp\VMBuilds\Due\arduino_due_x_dbg\Debug/core.a(UARTClass.cpp.o)
                0x0008271a                UARTClass::read()
 .text._ZN9UARTClass5flushEv
                0x00082744       0x18 C:\Users\chris\AppData\Local\Temp\VMBuilds\Due\arduino_due_x_dbg\Debug/core.a(UARTClass.cpp.o)
                0x00082744                UARTClass::flush()
 .text._ZN9UARTClass5writeEh
                0x0008275c       0x54 C:\Users\chris\AppData\Local\Temp\VMBuilds\Due\arduino_due_x_dbg\Debug/core.a(UARTClass.cpp.o)
                0x0008275c                UARTClass::write(unsigned char)
 .text._ZN9UARTClass3endEv
                0x000827b0       0x3c C:\Users\chris\AppData\Local\Temp\VMBuilds\Due\arduino_due_x_dbg\Debug/core.a(UARTClass.cpp.o)
                0x000827b0                UARTClass::end()
 .text._ZN9UARTClassC2EP4Uart4IRQnmP10RingBufferS4_
                0x000827ec       0x24 C:\Users\chris\AppData\Local\Temp\VMBuilds\Due\arduino_due_x_dbg\Debug/core.a(UARTClass.cpp.o)
                0x000827ec                UARTClass::UARTClass(Uart*, IRQn, unsigned long, RingBuffer*, RingBuffer*)
                0x000827ec                UARTClass::UARTClass(Uart*, IRQn, unsigned long, RingBuffer*, RingBuffer*)
 .text._ZN9UARTClass4initEmm
                0x00082810       0x70 C:\Users\chris\AppData\Local\Temp\VMBuilds\Due\arduino_due_x_dbg\Debug/core.a(UARTClass.cpp.o)
                0x00082810                UARTClass::init(unsigned long, unsigned long)
 .text._ZN9UARTClass5beginEm
                0x00082880        0x8 C:\Users\chris\AppData\Local\Temp\VMBuilds\Due\arduino_due_x_dbg\Debug/core.a(UARTClass.cpp.o)
                0x00082880                UARTClass::begin(unsigned long)
 .text._ZN9UARTClass10IrqHandlerEv
                0x00082888       0x5a C:\Users\chris\AppData\Local\Temp\VMBuilds\Due\arduino_due_x_dbg\Debug/core.a(UARTClass.cpp.o)
                0x00082888                UARTClass::IrqHandler()
 .text._ZN10USARTClass5beginEm
                0x000828e2        0x8 C:\Users\chris\AppData\Local\Temp\VMBuilds\Due\arduino_due_x_dbg\Debug/core.a(USARTClass.cpp.o)
                0x000828e2                USARTClass::begin(unsigned long)
 *fill*         0x000828ea        0x2 
 .text._ZN10USARTClassC2EP5Usart4IRQnmP10RingBufferS4_
                0x000828ec       0x24 C:\Users\chris\AppData\Local\Temp\VMBuilds\Due\arduino_due_x_dbg\Debug/core.a(USARTClass.cpp.o)
                0x000828ec                USARTClass::USARTClass(Usart*, IRQn, unsigned long, RingBuffer*, RingBuffer*)
                0x000828ec                USARTClass::USARTClass(Usart*, IRQn, unsigned long, RingBuffer*, RingBuffer*)
 .text._watchdogDefaultSetup
                0x00082910        0xc C:\Users\chris\AppData\Local\Temp\VMBuilds\Due\arduino_due_x_dbg\Debug/core.a(watchdog.cpp.o)
                0x00082910                _watchdogDefaultSetup
                0x00082910                watchdogSetup()
 .text._ZN6StringD2Ev
                0x0008291c        0xe C:\Users\chris\AppData\Local\Temp\VMBuilds\Due\arduino_due_x_dbg\Debug/core.a(WString.cpp.o)
                0x0008291c                String::~String()
                0x0008291c                String::~String()
 .text._ZN6String10invalidateEv
                0x0008292a       0x16 C:\Users\chris\AppData\Local\Temp\VMBuilds\Due\arduino_due_x_dbg\Debug/core.a(WString.cpp.o)
                0x0008292a                String::invalidate()
 .text._ZN6String12changeBufferEj
                0x00082940       0x18 C:\Users\chris\AppData\Local\Temp\VMBuilds\Due\arduino_due_x_dbg\Debug/core.a(WString.cpp.o)
                0x00082940                String::changeBuffer(unsigned int)
 .text._ZN6String7reserveEj
                0x00082958       0x22 C:\Users\chris\AppData\Local\Temp\VMBuilds\Due\arduino_due_x_dbg\Debug/core.a(WString.cpp.o)
                0x00082958                String::reserve(unsigned int)
 .text._ZN6String4copyEPKcj
                0x0008297a       0x26 C:\Users\chris\AppData\Local\Temp\VMBuilds\Due\arduino_due_x_dbg\Debug/core.a(WString.cpp.o)
                0x0008297a                String::copy(char const*, unsigned int)
 .text._ZN6StringC2EPKc
                0x000829a0       0x24 C:\Users\chris\AppData\Local\Temp\VMBuilds\Due\arduino_due_x_dbg\Debug/core.a(WString.cpp.o)
                0x000829a0                String::String(char const*)
                0x000829a0                String::String(char const*)
 .text._ZN6StringaSERKS_
                0x000829c4       0x1e C:\Users\chris\AppData\Local\Temp\VMBuilds\Due\arduino_due_x_dbg\Debug/core.a(WString.cpp.o)
                0x000829c4                String::operator=(String const&)
 *fill*         0x000829e2        0x2 
 .text.unlikely._ZL11USB_SendZlpv
                0x000829e4       0x20 C:\Users\chris\AppData\Local\Temp\VMBuilds\Due\arduino_due_x_dbg\Debug/core.a(USBCore.cpp.o)
 .text._Z14USBD_Availablem
                0x00082a04       0x2c C:\Users\chris\AppData\Local\Temp\VMBuilds\Due\arduino_due_x_dbg\Debug/core.a(USBCore.cpp.o)
                0x00082a04                USBD_Available(unsigned long)
 .text._Z9USBD_RecvmPvm
                0x00082a30       0x7c C:\Users\chris\AppData\Local\Temp\VMBuilds\Due\arduino_due_x_dbg\Debug/core.a(USBCore.cpp.o)
                0x00082a30                USBD_Recv(unsigned long, void*, unsigned long)
 .text._Z9USBD_Recvm
                0x00082aac       0x22 C:\Users\chris\AppData\Local\Temp\VMBuilds\Due\arduino_due_x_dbg\Debug/core.a(USBCore.cpp.o)
                0x00082aac                USBD_Recv(unsigned long)
 *fill*         0x00082ace        0x2 
 .text._Z9USBD_SendmPKvm
                0x00082ad0       0x4c C:\Users\chris\AppData\Local\Temp\VMBuilds\Due\arduino_due_x_dbg\Debug/core.a(USBCore.cpp.o)
                0x00082ad0                USBD_Send(unsigned long, void const*, unsigned long)
 .text._Z16USBD_SendControlhPKvm
                0x00082b1c       0x40 C:\Users\chris\AppData\Local\Temp\VMBuilds\Due\arduino_due_x_dbg\Debug/core.a(USBCore.cpp.o)
                0x00082b1c                USBD_SendControl(unsigned char, void const*, unsigned long)
 .text.unlikely._ZL24USB_SendStringDescriptorPKhi
                0x00082b5c       0x64 C:\Users\chris\AppData\Local\Temp\VMBuilds\Due\arduino_due_x_dbg\Debug/core.a(USBCore.cpp.o)
 .text._Z16USBD_RecvControlPvm
                0x00082bc0       0x1c C:\Users\chris\AppData\Local\Temp\VMBuilds\Due\arduino_due_x_dbg\Debug/core.a(USBCore.cpp.o)
                0x00082bc0                USBD_RecvControl(void*, unsigned long)
 .text._Z26USBD_ClassInterfaceRequestR8USBSetup
                0x00082bdc       0x1e C:\Users\chris\AppData\Local\Temp\VMBuilds\Due\arduino_due_x_dbg\Debug/core.a(USBCore.cpp.o)
                0x00082bdc                USBD_ClassInterfaceRequest(USBSetup&)
 .text._Z19USBD_SendInterfacesv
                0x00082bfa       0x22 C:\Users\chris\AppData\Local\Temp\VMBuilds\Due\arduino_due_x_dbg\Debug/core.a(USBCore.cpp.o)
                0x00082bfa                USBD_SendInterfaces()
 .text._Z24USBD_SendOtherInterfacesv
                0x00082c1c       0x22 C:\Users\chris\AppData\Local\Temp\VMBuilds\Due\arduino_due_x_dbg\Debug/core.a(USBCore.cpp.o)
                0x00082c1c                USBD_SendOtherInterfaces()
 .text._Z10USBD_Flushm
                0x00082c3e       0x16 C:\Users\chris\AppData\Local\Temp\VMBuilds\Due\arduino_due_x_dbg\Debug/core.a(USBCore.cpp.o)
                0x00082c3e                USBD_Flush(unsigned long)
 .text._ZN10USBDevice_C2Ev
                0x00082c54       0x24 C:\Users\chris\AppData\Local\Temp\VMBuilds\Due\arduino_due_x_dbg\Debug/core.a(USBCore.cpp.o)
                0x00082c54                USBDevice_::USBDevice_()
                0x00082c54                USBDevice_::USBDevice_()
 .text._ZN10USBDevice_6attachEv
                0x00082c78       0x20 C:\Users\chris\AppData\Local\Temp\VMBuilds\Due\arduino_due_x_dbg\Debug/core.a(USBCore.cpp.o)
                0x00082c78                USBDevice_::attach()
 .text.startup._GLOBAL__sub_I_EndPoints
                0x00082c98        0xc C:\Users\chris\AppData\Local\Temp\VMBuilds\Due\arduino_due_x_dbg\Debug/core.a(USBCore.cpp.o)
 .text._ZL7USB_ISRv
                0x00082ca4      0x454 C:\Users\chris\AppData\Local\Temp\VMBuilds\Due\arduino_due_x_dbg\Debug/core.a(USBCore.cpp.o)
 .text._ZN7Serial_9availableEv
                0x000830f8       0x18 C:\Users\chris\AppData\Local\Temp\VMBuilds\Due\arduino_due_x_dbg\Debug/core.a(CDC.cpp.o)
                0x000830f8                Serial_::available()
 .text._ZN7Serial_17availableForWriteEv
                0x00083110        0x6 C:\Users\chris\AppData\Local\Temp\VMBuilds\Due\arduino_due_x_dbg\Debug/core.a(CDC.cpp.o)
                0x00083110                Serial_::availableForWrite()
 *fill*         0x00083116        0x2 
 .text._ZN7Serial_4peekEv
                0x00083118       0x20 C:\Users\chris\AppData\Local\Temp\VMBuilds\Due\arduino_due_x_dbg\Debug/core.a(CDC.cpp.o)
                0x00083118                Serial_::peek()
 .text._ZN7Serial_5writeEh
                0x00083138       0x16 C:\Users\chris\AppData\Local\Temp\VMBuilds\Due\arduino_due_x_dbg\Debug/core.a(CDC.cpp.o)
                0x00083138                Serial_::write(unsigned char)
 *fill*         0x0008314e        0x2 
 .text._ZN7Serial_4readEv
                0x00083150       0x44 C:\Users\chris\AppData\Local\Temp\VMBuilds\Due\arduino_due_x_dbg\Debug/core.a(CDC.cpp.o)
                0x00083150                Serial_::read()
 .text._ZN7Serial_5flushEv
                0x00083194        0x6 C:\Users\chris\AppData\Local\Temp\VMBuilds\Due\arduino_due_x_dbg\Debug/core.a(CDC.cpp.o)
                0x00083194                Serial_::flush()
 *fill*         0x0008319a        0x2 
 .text._ZN7Serial_6acceptEv
                0x0008319c       0x70 C:\Users\chris\AppData\Local\Temp\VMBuilds\Due\arduino_due_x_dbg\Debug/core.a(CDC.cpp.o)
                0x0008319c                Serial_::accept()
 .text._ZN7Serial_5writeEPKhj
                0x0008320c       0x2c C:\Users\chris\AppData\Local\Temp\VMBuilds\Due\arduino_due_x_dbg\Debug/core.a(CDC.cpp.o)
                0x0008320c                Serial_::write(unsigned char const*, unsigned int)
 .text._Z16CDC_GetInterfacePh
                0x00083238       0x14 C:\Users\chris\AppData\Local\Temp\VMBuilds\Due\arduino_due_x_dbg\Debug/core.a(CDC.cpp.o)
                0x00083238                CDC_GetInterface(unsigned char*)
 .text._Z21CDC_GetOtherInterfacePh
                0x0008324c       0x14 C:\Users\chris\AppData\Local\Temp\VMBuilds\Due\arduino_due_x_dbg\Debug/core.a(CDC.cpp.o)
                0x0008324c                CDC_GetOtherInterface(unsigned char*)
 .text._Z9CDC_SetupR8USBSetup
                0x00083260       0x78 C:\Users\chris\AppData\Local\Temp\VMBuilds\Due\arduino_due_x_dbg\Debug/core.a(CDC.cpp.o)
                0x00083260                CDC_Setup(USBSetup&)
 .text.startup._GLOBAL__sub_I_cdc_rx_buffer
                0x000832d8       0x1c C:\Users\chris\AppData\Local\Temp\VMBuilds\Due\arduino_due_x_dbg\Debug/core.a(CDC.cpp.o)
 .text._ZN13PluggableUSB_12getInterfaceEPh
                0x000832f4       0x28 C:\Users\chris\AppData\Local\Temp\VMBuilds\Due\arduino_due_x_dbg\Debug/core.a(PluggableUSB.cpp.o)
                0x000832f4                PluggableUSB_::getInterface(unsigned char*)
 .text._ZN13PluggableUSB_13getDescriptorER8USBSetup
                0x0008331c       0x1c C:\Users\chris\AppData\Local\Temp\VMBuilds\Due\arduino_due_x_dbg\Debug/core.a(PluggableUSB.cpp.o)
                0x0008331c                PluggableUSB_::getDescriptor(USBSetup&)
 .text._ZN13PluggableUSB_12getShortNameEPc
                0x00083338       0x1c C:\Users\chris\AppData\Local\Temp\VMBuilds\Due\arduino_due_x_dbg\Debug/core.a(PluggableUSB.cpp.o)
                0x00083338                PluggableUSB_::getShortName(char*)
 .text._ZN13PluggableUSB_5setupER8USBSetup
                0x00083354       0x20 C:\Users\chris\AppData\Local\Temp\VMBuilds\Due\arduino_due_x_dbg\Debug/core.a(PluggableUSB.cpp.o)
                0x00083354                PluggableUSB_::setup(USBSetup&)
 .text._Z12PluggableUSBv
                0x00083374       0x28 C:\Users\chris\AppData\Local\Temp\VMBuilds\Due\arduino_due_x_dbg\Debug/core.a(PluggableUSB.cpp.o)
                0x00083374                PluggableUSB()
 .text.FindClockConfiguration
                0x0008339c       0x7c C:\Users\chris\AppData\Local\arduino15\packages\arduino\hardware\sam\1.6.11\variants\arduino_due_x/libsam_sam3x8e_gcc_rel.a(pwmc.o)
 .text.PWMC_ConfigureChannel
                0x00083418       0x60 C:\Users\chris\AppData\Local\arduino15\packages\arduino\hardware\sam\1.6.11\variants\arduino_due_x/libsam_sam3x8e_gcc_rel.a(pwmc.o)
                0x00083418                PWMC_ConfigureChannel
 .text.PWMC_ConfigureClocks
                0x00083478       0x54 C:\Users\chris\AppData\Local\arduino15\packages\arduino\hardware\sam\1.6.11\variants\arduino_due_x/libsam_sam3x8e_gcc_rel.a(pwmc.o)
                0x00083478                PWMC_ConfigureClocks
 .text.PWMC_SetPeriod
                0x000834cc       0x1a C:\Users\chris\AppData\Local\arduino15\packages\arduino\hardware\sam\1.6.11\variants\arduino_due_x/libsam_sam3x8e_gcc_rel.a(pwmc.o)
                0x000834cc                PWMC_SetPeriod
 *fill*         0x000834e6        0x2 
 .text.PWMC_SetDutyCycle
                0x000834e8       0x44 C:\Users\chris\AppData\Local\arduino15\packages\arduino\hardware\sam\1.6.11\variants\arduino_due_x/libsam_sam3x8e_gcc_rel.a(pwmc.o)
                0x000834e8                PWMC_SetDutyCycle
 .text.PWMC_EnableChannel
                0x0008352c        0xa C:\Users\chris\AppData\Local\arduino15\packages\arduino\hardware\sam\1.6.11\variants\arduino_due_x/libsam_sam3x8e_gcc_rel.a(pwmc.o)
                0x0008352c                PWMC_EnableChannel
 *fill*         0x00083536        0x2 
 .text.TC_Configure
                0x00083538       0x38 C:\Users\chris\AppData\Local\arduino15\packages\arduino\hardware\sam\1.6.11\variants\arduino_due_x/libsam_sam3x8e_gcc_rel.a(tc.o)
                0x00083538                TC_Configure
 .text.TC_Start
                0x00083570       0x2c C:\Users\chris\AppData\Local\arduino15\packages\arduino\hardware\sam\1.6.11\variants\arduino_due_x/libsam_sam3x8e_gcc_rel.a(tc.o)
                0x00083570                TC_Start
 .text.TC_SetRA
                0x0008359c        0x8 C:\Users\chris\AppData\Local\arduino15\packages\arduino\hardware\sam\1.6.11\variants\arduino_due_x/libsam_sam3x8e_gcc_rel.a(tc.o)
                0x0008359c                TC_SetRA
 .text.TC_SetRB
                0x000835a4        0x8 C:\Users\chris\AppData\Local\arduino15\packages\arduino\hardware\sam\1.6.11\variants\arduino_due_x/libsam_sam3x8e_gcc_rel.a(tc.o)
                0x000835a4                TC_SetRB
 .text.TC_SetRC
                0x000835ac        0x8 C:\Users\chris\AppData\Local\arduino15\packages\arduino\hardware\sam\1.6.11\variants\arduino_due_x/libsam_sam3x8e_gcc_rel.a(tc.o)
                0x000835ac                TC_SetRC
 .text.TimeTick_Increment
                0x000835b4       0x10 C:\Users\chris\AppData\Local\arduino15\packages\arduino\hardware\sam\1.6.11\variants\arduino_due_x/libsam_sam3x8e_gcc_rel.a(timetick.o)
                0x000835b4                TimeTick_Increment
 .text.GetTickCount
                0x000835c4        0xc C:\Users\chris\AppData\Local\arduino15\packages\arduino\hardware\sam\1.6.11\variants\arduino_due_x/libsam_sam3x8e_gcc_rel.a(timetick.o)
                0x000835c4                GetTickCount
 .text.WDT_Disable
                0x000835d0        0x8 C:\Users\chris\AppData\Local\arduino15\packages\arduino\hardware\sam\1.6.11\variants\arduino_due_x/libsam_sam3x8e_gcc_rel.a(wdt.o)
                0x000835d0                WDT_Disable
 .text.UDD_SetStack
                0x000835d8        0xc C:\Users\chris\AppData\Local\arduino15\packages\arduino\hardware\sam\1.6.11\variants\arduino_due_x/libsam_sam3x8e_gcc_rel.a(uotghs_device.o)
                0x000835d8                UDD_SetStack
 .text.UDD_Init
                0x000835e4       0xd0 C:\Users\chris\AppData\Local\arduino15\packages\arduino\hardware\sam\1.6.11\variants\arduino_due_x/libsam_sam3x8e_gcc_rel.a(uotghs_device.o)
                0x000835e4                UDD_Init
 .text.UDD_Attach
                0x000836b4       0x50 C:\Users\chris\AppData\Local\arduino15\packages\arduino\hardware\sam\1.6.11\variants\arduino_due_x/libsam_sam3x8e_gcc_rel.a(uotghs_device.o)
                0x000836b4                UDD_Attach
 .text.UDD_InitEP
                0x00083704       0x2c C:\Users\chris\AppData\Local\arduino15\packages\arduino\hardware\sam\1.6.11\variants\arduino_due_x/libsam_sam3x8e_gcc_rel.a(uotghs_device.o)
                0x00083704                UDD_InitEP
 .text.UDD_InitEndpoints
                0x00083730       0x3c C:\Users\chris\AppData\Local\arduino15\packages\arduino\hardware\sam\1.6.11\variants\arduino_due_x/libsam_sam3x8e_gcc_rel.a(uotghs_device.o)
                0x00083730                UDD_InitEndpoints
 .text.UDD_WaitIN
                0x0008376c       0x10 C:\Users\chris\AppData\Local\arduino15\packages\arduino\hardware\sam\1.6.11\variants\arduino_due_x/libsam_sam3x8e_gcc_rel.a(uotghs_device.o)
                0x0008376c                UDD_WaitIN
 .text.UDD_WaitOUT
                0x0008377c       0x10 C:\Users\chris\AppData\Local\arduino15\packages\arduino\hardware\sam\1.6.11\variants\arduino_due_x/libsam_sam3x8e_gcc_rel.a(uotghs_device.o)
                0x0008377c                UDD_WaitOUT
 .text.UDD_ClearIN
                0x0008378c       0x18 C:\Users\chris\AppData\Local\arduino15\packages\arduino\hardware\sam\1.6.11\variants\arduino_due_x/libsam_sam3x8e_gcc_rel.a(uotghs_device.o)
                0x0008378c                UDD_ClearIN
 .text.UDD_ClearOUT
                0x000837a4       0x18 C:\Users\chris\AppData\Local\arduino15\packages\arduino\hardware\sam\1.6.11\variants\arduino_due_x/libsam_sam3x8e_gcc_rel.a(uotghs_device.o)
                0x000837a4                UDD_ClearOUT
 .text.UDD_ReceivedSetupInt
                0x000837bc       0x10 C:\Users\chris\AppData\Local\arduino15\packages\arduino\hardware\sam\1.6.11\variants\arduino_due_x/libsam_sam3x8e_gcc_rel.a(uotghs_device.o)
                0x000837bc                UDD_ReceivedSetupInt
 .text.UDD_ClearSetupInt
                0x000837cc       0x10 C:\Users\chris\AppData\Local\arduino15\packages\arduino\hardware\sam\1.6.11\variants\arduino_due_x/libsam_sam3x8e_gcc_rel.a(uotghs_device.o)
                0x000837cc                UDD_ClearSetupInt
 .text.UDD_Send
                0x000837dc       0x88 C:\Users\chris\AppData\Local\arduino15\packages\arduino\hardware\sam\1.6.11\variants\arduino_due_x/libsam_sam3x8e_gcc_rel.a(uotghs_device.o)
                0x000837dc                UDD_Send
 .text.UDD_Send8
                0x00083864       0x24 C:\Users\chris\AppData\Local\arduino15\packages\arduino\hardware\sam\1.6.11\variants\arduino_due_x/libsam_sam3x8e_gcc_rel.a(uotghs_device.o)
                0x00083864                UDD_Send8
 .text.UDD_Recv8
                0x00083888       0x28 C:\Users\chris\AppData\Local\arduino15\packages\arduino\hardware\sam\1.6.11\variants\arduino_due_x/libsam_sam3x8e_gcc_rel.a(uotghs_device.o)
                0x00083888                UDD_Recv8
 .text.UDD_Recv
                0x000838b0       0x34 C:\Users\chris\AppData\Local\arduino15\packages\arduino\hardware\sam\1.6.11\variants\arduino_due_x/libsam_sam3x8e_gcc_rel.a(uotghs_device.o)
                0x000838b0                UDD_Recv
 .text.UDD_Stall
                0x000838e4       0x14 C:\Users\chris\AppData\Local\arduino15\packages\arduino\hardware\sam\1.6.11\variants\arduino_due_x/libsam_sam3x8e_gcc_rel.a(uotghs_device.o)
                0x000838e4                UDD_Stall
 .text.UDD_FifoByteCount
                0x000838f8       0x14 C:\Users\chris\AppData\Local\arduino15\packages\arduino\hardware\sam\1.6.11\variants\arduino_due_x/libsam_sam3x8e_gcc_rel.a(uotghs_device.o)
                0x000838f8                UDD_FifoByteCount
 .text.UDD_ReleaseRX
                0x0008390c       0x28 C:\Users\chris\AppData\Local\arduino15\packages\arduino\hardware\sam\1.6.11\variants\arduino_due_x/libsam_sam3x8e_gcc_rel.a(uotghs_device.o)
                0x0008390c                UDD_ReleaseRX
 .text.UDD_ReleaseTX
                0x00083934       0x28 C:\Users\chris\AppData\Local\arduino15\packages\arduino\hardware\sam\1.6.11\variants\arduino_due_x/libsam_sam3x8e_gcc_rel.a(uotghs_device.o)
                0x00083934                UDD_ReleaseTX
 .text.UDD_SetAddress
                0x0008395c       0x20 C:\Users\chris\AppData\Local\arduino15\packages\arduino\hardware\sam\1.6.11\variants\arduino_due_x/libsam_sam3x8e_gcc_rel.a(uotghs_device.o)
                0x0008395c                UDD_SetAddress
 .text.dacc_reset
                0x0008397c        0x6 C:\Users\chris\AppData\Local\arduino15\packages\arduino\hardware\sam\1.6.11\variants\arduino_due_x/libsam_sam3x8e_gcc_rel.a(dacc.o)
                0x0008397c                dacc_reset
 .text.dacc_set_transfer_mode
                0x00083982       0x14 C:\Users\chris\AppData\Local\arduino15\packages\arduino\hardware\sam\1.6.11\variants\arduino_due_x/libsam_sam3x8e_gcc_rel.a(dacc.o)
                0x00083982                dacc_set_transfer_mode
 .text.dacc_get_interrupt_status
                0x00083996        0x4 C:\Users\chris\AppData\Local\arduino15\packages\arduino\hardware\sam\1.6.11\variants\arduino_due_x/libsam_sam3x8e_gcc_rel.a(dacc.o)
                0x00083996                dacc_get_interrupt_status
 .text.dacc_write_conversion_data
                0x0008399a        0x4 C:\Users\chris\AppData\Local\arduino15\packages\arduino\hardware\sam\1.6.11\variants\arduino_due_x/libsam_sam3x8e_gcc_rel.a(dacc.o)
                0x0008399a                dacc_write_conversion_data
 .text.dacc_set_channel_selection
                0x0008399e       0x18 C:\Users\chris\AppData\Local\arduino15\packages\arduino\hardware\sam\1.6.11\variants\arduino_due_x/libsam_sam3x8e_gcc_rel.a(dacc.o)
                0x0008399e                dacc_set_channel_selection
 .text.dacc_set_power_save
                0x000839b6       0x24 C:\Users\chris\AppData\Local\arduino15\packages\arduino\hardware\sam\1.6.11\variants\arduino_due_x/libsam_sam3x8e_gcc_rel.a(dacc.o)
                0x000839b6                dacc_set_power_save
 .text.dacc_set_timing
                0x000839da       0x2c C:\Users\chris\AppData\Local\arduino15\packages\arduino\hardware\sam\1.6.11\variants\arduino_due_x/libsam_sam3x8e_gcc_rel.a(dacc.o)
                0x000839da                dacc_set_timing
 .text.dacc_enable_channel
                0x00083a06       0x12 C:\Users\chris\AppData\Local\arduino15\packages\arduino\hardware\sam\1.6.11\variants\arduino_due_x/libsam_sam3x8e_gcc_rel.a(dacc.o)
                0x00083a06                dacc_enable_channel
 .text.dacc_get_channel_status
                0x00083a18        0x4 C:\Users\chris\AppData\Local\arduino15\packages\arduino\hardware\sam\1.6.11\variants\arduino_due_x/libsam_sam3x8e_gcc_rel.a(dacc.o)
                0x00083a18                dacc_get_channel_status
 .text.dacc_set_analog_control
                0x00083a1c        0x8 C:\Users\chris\AppData\Local\arduino15\packages\arduino\hardware\sam\1.6.11\variants\arduino_due_x/libsam_sam3x8e_gcc_rel.a(dacc.o)
                0x00083a1c                dacc_set_analog_control
 .text.__aeabi_atexit
                0x00083a24        0xc c:/users/chris/appdata/local/arduino15/packages/arduino/tools/arm-none-eabi-gcc/4.8.3-2014q1/bin/../lib/gcc/arm-none-eabi/4.8.3/../../../../arm-none-eabi/lib/armv7-m\libg.a(lib_a-aeabi_atexit.o)
                0x00083a24                __aeabi_atexit
 .text.__assert_func
                0x00083a30       0x3c c:/users/chris/appdata/local/arduino15/packages/arduino/tools/arm-none-eabi-gcc/4.8.3-2014q1/bin/../lib/gcc/arm-none-eabi/4.8.3/../../../../arm-none-eabi/lib/armv7-m\libg.a(lib_a-assert.o)
                0x00083a30                __assert_func
 .text.__cxa_atexit
                0x00083a6c       0x14 c:/users/chris/appdata/local/arduino15/packages/arduino/tools/arm-none-eabi-gcc/4.8.3-2014q1/bin/../lib/gcc/arm-none-eabi/4.8.3/../../../../arm-none-eabi/lib/armv7-m\libg.a(lib_a-cxa_atexit.o)
                0x00083a6c                __cxa_atexit
 .text.fiprintf
                0x00083a80       0x28 c:/users/chris/appdata/local/arduino15/packages/arduino/tools/arm-none-eabi-gcc/4.8.3-2014q1/bin/../lib/gcc/arm-none-eabi/4.8.3/../../../../arm-none-eabi/lib/armv7-m\libg.a(lib_a-fiprintf.o)
                0x00083a80                fiprintf
 .text.__libc_init_array
                0x00083aa8       0x50 c:/users/chris/appdata/local/arduino15/packages/arduino/tools/arm-none-eabi-gcc/4.8.3-2014q1/bin/../lib/gcc/arm-none-eabi/4.8.3/../../../../arm-none-eabi/lib/armv7-m\libg.a(lib_a-init.o)
                0x00083aa8                __libc_init_array
 .text.iprintf  0x00083af8       0x28 c:/users/chris/appdata/local/arduino15/packages/arduino/tools/arm-none-eabi-gcc/4.8.3-2014q1/bin/../lib/gcc/arm-none-eabi/4.8.3/../../../../arm-none-eabi/lib/armv7-m\libg.a(lib_a-iprintf.o)
                0x00083af8                iprintf
 .text.malloc   0x00083b20       0x10 c:/users/chris/appdata/local/arduino15/packages/arduino/tools/arm-none-eabi-gcc/4.8.3-2014q1/bin/../lib/gcc/arm-none-eabi/4.8.3/../../../../arm-none-eabi/lib/armv7-m\libg.a(lib_a-malloc.o)
                0x00083b20                malloc
 .text.free     0x00083b30       0x10 c:/users/chris/appdata/local/arduino15/packages/arduino/tools/arm-none-eabi-gcc/4.8.3-2014q1/bin/../lib/gcc/arm-none-eabi/4.8.3/../../../../arm-none-eabi/lib/armv7-m\libg.a(lib_a-malloc.o)
                0x00083b30                free
 .text._malloc_r
                0x00083b40      0x538 c:/users/chris/appdata/local/arduino15/packages/arduino/tools/arm-none-eabi-gcc/4.8.3-2014q1/bin/../lib/gcc/arm-none-eabi/4.8.3/../../../../arm-none-eabi/lib/armv7-m\libg.a(lib_a-mallocr.o)
                0x00083b40                _malloc_r
 .text          0x00084078       0xec c:/users/chris/appdata/local/arduino15/packages/arduino/tools/arm-none-eabi-gcc/4.8.3-2014q1/bin/../lib/gcc/arm-none-eabi/4.8.3/../../../../arm-none-eabi/lib/armv7-m\libg.a(lib_a-memcpy.o)
                0x00084078                memcpy
 .text.memmove  0x00084164       0xcc c:/users/chris/appdata/local/arduino15/packages/arduino/tools/arm-none-eabi-gcc/4.8.3-2014q1/bin/../lib/gcc/arm-none-eabi/4.8.3/../../../../arm-none-eabi/lib/armv7-m\libg.a(lib_a-memmove.o)
                0x00084164                memmove
 .text.memset   0x00084230       0x94 c:/users/chris/appdata/local/arduino15/packages/arduino/tools/arm-none-eabi-gcc/4.8.3-2014q1/bin/../lib/gcc/arm-none-eabi/4.8.3/../../../../arm-none-eabi/lib/armv7-m\libg.a(lib_a-memset.o)
                0x00084230                memset
 .text.__malloc_lock
                0x000842c4        0x4 c:/users/chris/appdata/local/arduino15/packages/arduino/tools/arm-none-eabi-gcc/4.8.3-2014q1/bin/../lib/gcc/arm-none-eabi/4.8.3/../../../../arm-none-eabi/lib/armv7-m\libg.a(lib_a-mlock.o)
                0x000842c4                __malloc_lock
 .text.__malloc_unlock
                0x000842c8        0x4 c:/users/chris/appdata/local/arduino15/packages/arduino/tools/arm-none-eabi-gcc/4.8.3-2014q1/bin/../lib/gcc/arm-none-eabi/4.8.3/../../../../arm-none-eabi/lib/armv7-m\libg.a(lib_a-mlock.o)
                0x000842c8                __malloc_unlock
 .text.realloc  0x000842cc       0x10 c:/users/chris/appdata/local/arduino15/packages/arduino/tools/arm-none-eabi-gcc/4.8.3-2014q1/bin/../lib/gcc/arm-none-eabi/4.8.3/../../../../arm-none-eabi/lib/armv7-m\libg.a(lib_a-realloc.o)
                0x000842cc                realloc
 .text._realloc_r
                0x000842dc      0x3c0 c:/users/chris/appdata/local/arduino15/packages/arduino/tools/arm-none-eabi-gcc/4.8.3-2014q1/bin/../lib/gcc/arm-none-eabi/4.8.3/../../../../arm-none-eabi/lib/armv7-m\libg.a(lib_a-reallocr.o)
                0x000842dc                _realloc_r
 .text._sbrk_r  0x0008469c       0x24 c:/users/chris/appdata/local/arduino15/packages/arduino/tools/arm-none-eabi-gcc/4.8.3-2014q1/bin/../lib/gcc/arm-none-eabi/4.8.3/../../../../arm-none-eabi/lib/armv7-m\libg.a(lib_a-sbrkr.o)
                0x0008469c                _sbrk_r
 .text.strcpy   0x000846c0       0xbc c:/users/chris/appdata/local/arduino15/packages/arduino/tools/arm-none-eabi-gcc/4.8.3-2014q1/bin/../lib/gcc/arm-none-eabi/4.8.3/../../../../arm-none-eabi/lib/armv7-m\libg.a(lib_a-strcpy.o)
                0x000846c0                strcpy
 .text.strlen   0x0008477c       0x60 c:/users/chris/appdata/local/arduino15/packages/arduino/tools/arm-none-eabi-gcc/4.8.3-2014q1/bin/../lib/gcc/arm-none-eabi/4.8.3/../../../../arm-none-eabi/lib/armv7-m\libg.a(lib_a-strlen.o)
                0x0008477c                strlen
 .text.kill     0x000847dc       0x10 c:/users/chris/appdata/local/arduino15/packages/arduino/tools/arm-none-eabi-gcc/4.8.3-2014q1/bin/../lib/gcc/arm-none-eabi/4.8.3/../../../../arm-none-eabi/lib/armv7-m\libg.a(lib_a-syskill.o)
                0x000847dc                kill
 .text.__sprint_r.part.0
                0x000847ec       0x78 c:/users/chris/appdata/local/arduino15/packages/arduino/tools/arm-none-eabi-gcc/4.8.3-2014q1/bin/../lib/gcc/arm-none-eabi/4.8.3/../../../../arm-none-eabi/lib/armv7-m\libg.a(lib_a-vfiprintf.o)
 .text._vfiprintf_r
                0x00084864      0xc54 c:/users/chris/appdata/local/arduino15/packages/arduino/tools/arm-none-eabi-gcc/4.8.3-2014q1/bin/../lib/gcc/arm-none-eabi/4.8.3/../../../../arm-none-eabi/lib/armv7-m\libg.a(lib_a-vfiprintf.o)
                0x00084864                _vfiprintf_r
 .text.__sbprintf
                0x000854b8       0x7c c:/users/chris/appdata/local/arduino15/packages/arduino/tools/arm-none-eabi-gcc/4.8.3-2014q1/bin/../lib/gcc/arm-none-eabi/4.8.3/../../../../arm-none-eabi/lib/armv7-m\libg.a(lib_a-vfiprintf.o)
 .text.__swsetup_r
                0x00085534       0xc4 c:/users/chris/appdata/local/arduino15/packages/arduino/tools/arm-none-eabi-gcc/4.8.3-2014q1/bin/../lib/gcc/arm-none-eabi/4.8.3/../../../../arm-none-eabi/lib/armv7-m\libg.a(lib_a-wsetup.o)
                0x00085534                __swsetup_r
 .text.__register_exitproc
                0x000855f8       0xa8 c:/users/chris/appdata/local/arduino15/packages/arduino/tools/arm-none-eabi-gcc/4.8.3-2014q1/bin/../lib/gcc/arm-none-eabi/4.8.3/../../../../arm-none-eabi/lib/armv7-m\libg.a(lib_a-__atexit.o)
                0x000855f8                __register_exitproc
 .text.startup.register_fini
                0x000856a0       0x14 c:/users/chris/appdata/local/arduino15/packages/arduino/tools/arm-none-eabi-gcc/4.8.3-2014q1/bin/../lib/gcc/arm-none-eabi/4.8.3/../../../../arm-none-eabi/lib/armv7-m\libg.a(lib_a-__call_atexit.o)
 .text.abort    0x000856b4       0x10 c:/users/chris/appdata/local/arduino15/packages/arduino/tools/arm-none-eabi-gcc/4.8.3-2014q1/bin/../lib/gcc/arm-none-eabi/4.8.3/../../../../arm-none-eabi/lib/armv7-m\libg.a(lib_a-abort.o)
                0x000856b4                abort
 .text.atexit   0x000856c4        0xc c:/users/chris/appdata/local/arduino15/packages/arduino/tools/arm-none-eabi-gcc/4.8.3-2014q1/bin/../lib/gcc/arm-none-eabi/4.8.3/../../../../arm-none-eabi/lib/armv7-m\libg.a(lib_a-atexit.o)
                0x000856c4                atexit
 .text.__sflush_r
                0x000856d0      0x148 c:/users/chris/appdata/local/arduino15/packages/arduino/tools/arm-none-eabi-gcc/4.8.3-2014q1/bin/../lib/gcc/arm-none-eabi/4.8.3/../../../../arm-none-eabi/lib/armv7-m\libg.a(lib_a-fflush.o)
                0x000856d0                __sflush_r
 .text._fflush_r
                0x00085818       0x2c c:/users/chris/appdata/local/arduino15/packages/arduino/tools/arm-none-eabi-gcc/4.8.3-2014q1/bin/../lib/gcc/arm-none-eabi/4.8.3/../../../../arm-none-eabi/lib/armv7-m\libg.a(lib_a-fflush.o)
                0x00085818                _fflush_r
 .text._cleanup_r
                0x00085844        0xc c:/users/chris/appdata/local/arduino15/packages/arduino/tools/arm-none-eabi-gcc/4.8.3-2014q1/bin/../lib/gcc/arm-none-eabi/4.8.3/../../../../arm-none-eabi/lib/armv7-m\libg.a(lib_a-findfp.o)
                0x00085844                _cleanup_r
 .text.__sinit  0x00085850       0xf4 c:/users/chris/appdata/local/arduino15/packages/arduino/tools/arm-none-eabi-gcc/4.8.3-2014q1/bin/../lib/gcc/arm-none-eabi/4.8.3/../../../../arm-none-eabi/lib/armv7-m\libg.a(lib_a-findfp.o)
                0x00085850                __sinit
 .text.__sfp_lock_acquire
                0x00085944        0x4 c:/users/chris/appdata/local/arduino15/packages/arduino/tools/arm-none-eabi-gcc/4.8.3-2014q1/bin/../lib/gcc/arm-none-eabi/4.8.3/../../../../arm-none-eabi/lib/armv7-m\libg.a(lib_a-findfp.o)
                0x00085944                __sfp_lock_acquire
 .text.__sfp_lock_release
                0x00085948        0x4 c:/users/chris/appdata/local/arduino15/packages/arduino/tools/arm-none-eabi-gcc/4.8.3-2014q1/bin/../lib/gcc/arm-none-eabi/4.8.3/../../../../arm-none-eabi/lib/armv7-m\libg.a(lib_a-findfp.o)
                0x00085948                __sfp_lock_release
 .text.__libc_fini_array
                0x0008594c       0x30 c:/users/chris/appdata/local/arduino15/packages/arduino/tools/arm-none-eabi-gcc/4.8.3-2014q1/bin/../lib/gcc/arm-none-eabi/4.8.3/../../../../arm-none-eabi/lib/armv7-m\libg.a(lib_a-fini.o)
                0x0008594c                __libc_fini_array
 .text._fputwc_r
                0x0008597c       0xc0 c:/users/chris/appdata/local/arduino15/packages/arduino/tools/arm-none-eabi-gcc/4.8.3-2014q1/bin/../lib/gcc/arm-none-eabi/4.8.3/../../../../arm-none-eabi/lib/armv7-m\libg.a(lib_a-fputwc.o)
                0x0008597c                _fputwc_r
 .text._malloc_trim_r
                0x00085a3c       0x9c c:/users/chris/appdata/local/arduino15/packages/arduino/tools/arm-none-eabi-gcc/4.8.3-2014q1/bin/../lib/gcc/arm-none-eabi/4.8.3/../../../../arm-none-eabi/lib/armv7-m\libg.a(lib_a-freer.o)
                0x00085a3c                _malloc_trim_r
 .text._free_r  0x00085ad8      0x198 c:/users/chris/appdata/local/arduino15/packages/arduino/tools/arm-none-eabi-gcc/4.8.3-2014q1/bin/../lib/gcc/arm-none-eabi/4.8.3/../../../../arm-none-eabi/lib/armv7-m\libg.a(lib_a-freer.o)
                0x00085ad8                _free_r
 .text.__sfvwrite_r
                0x00085c70      0x314 c:/users/chris/appdata/local/arduino15/packages/arduino/tools/arm-none-eabi-gcc/4.8.3-2014q1/bin/../lib/gcc/arm-none-eabi/4.8.3/../../../../arm-none-eabi/lib/armv7-m\libg.a(lib_a-fvwrite.o)
                0x00085c70                __sfvwrite_r
 .text._fwalk   0x00085f84       0x48 c:/users/chris/appdata/local/arduino15/packages/arduino/tools/arm-none-eabi-gcc/4.8.3-2014q1/bin/../lib/gcc/arm-none-eabi/4.8.3/../../../../arm-none-eabi/lib/armv7-m\libg.a(lib_a-fwalk.o)
                0x00085f84                _fwalk
 .text.__locale_charset
                0x00085fcc        0x8 c:/users/chris/appdata/local/arduino15/packages/arduino/tools/arm-none-eabi-gcc/4.8.3-2014q1/bin/../lib/gcc/arm-none-eabi/4.8.3/../../../../arm-none-eabi/lib/armv7-m\libg.a(lib_a-locale.o)
                0x00085fcc                __locale_charset
 .text.__locale_mb_cur_max
                0x00085fd4        0xc c:/users/chris/appdata/local/arduino15/packages/arduino/tools/arm-none-eabi-gcc/4.8.3-2014q1/bin/../lib/gcc/arm-none-eabi/4.8.3/../../../../arm-none-eabi/lib/armv7-m\libg.a(lib_a-locale.o)
                0x00085fd4                __locale_mb_cur_max
 .text.__smakebuf_r
                0x00085fe0       0xe0 c:/users/chris/appdata/local/arduino15/packages/arduino/tools/arm-none-eabi-gcc/4.8.3-2014q1/bin/../lib/gcc/arm-none-eabi/4.8.3/../../../../arm-none-eabi/lib/armv7-m\libg.a(lib_a-makebuf.o)
                0x00085fe0                __smakebuf_r
 .text.memchr   0x000860c0       0x94 c:/users/chris/appdata/local/arduino15/packages/arduino/tools/arm-none-eabi-gcc/4.8.3-2014q1/bin/../lib/gcc/arm-none-eabi/4.8.3/../../../../arm-none-eabi/lib/armv7-m\libg.a(lib_a-memchr-stub.o)
                0x000860c0                memchr
 .text._raise_r
                0x00086154       0x58 c:/users/chris/appdata/local/arduino15/packages/arduino/tools/arm-none-eabi-gcc/4.8.3-2014q1/bin/../lib/gcc/arm-none-eabi/4.8.3/../../../../arm-none-eabi/lib/armv7-m\libg.a(lib_a-signal.o)
                0x00086154                _raise_r
 .text.raise    0x000861ac       0x10 c:/users/chris/appdata/local/arduino15/packages/arduino/tools/arm-none-eabi-gcc/4.8.3-2014q1/bin/../lib/gcc/arm-none-eabi/4.8.3/../../../../arm-none-eabi/lib/armv7-m\libg.a(lib_a-signal.o)
                0x000861ac                raise
 .text._kill_r  0x000861bc       0x28 c:/users/chris/appdata/local/arduino15/packages/arduino/tools/arm-none-eabi-gcc/4.8.3-2014q1/bin/../lib/gcc/arm-none-eabi/4.8.3/../../../../arm-none-eabi/lib/armv7-m\libg.a(lib_a-signalr.o)
                0x000861bc                _kill_r
 .text._getpid_r
                0x000861e4        0x4 c:/users/chris/appdata/local/arduino15/packages/arduino/tools/arm-none-eabi-gcc/4.8.3-2014q1/bin/../lib/gcc/arm-none-eabi/4.8.3/../../../../arm-none-eabi/lib/armv7-m\libg.a(lib_a-signalr.o)
                0x000861e4                _getpid_r
 .text.__sread  0x000861e8       0x24 c:/users/chris/appdata/local/arduino15/packages/arduino/tools/arm-none-eabi-gcc/4.8.3-2014q1/bin/../lib/gcc/arm-none-eabi/4.8.3/../../../../arm-none-eabi/lib/armv7-m\libg.a(lib_a-stdio.o)
                0x000861e8                __sread
 .text.__swrite
                0x0008620c       0x38 c:/users/chris/appdata/local/arduino15/packages/arduino/tools/arm-none-eabi-gcc/4.8.3-2014q1/bin/../lib/gcc/arm-none-eabi/4.8.3/../../../../arm-none-eabi/lib/armv7-m\libg.a(lib_a-stdio.o)
                0x0008620c                __swrite
 .text.__sseek  0x00086244       0x20 c:/users/chris/appdata/local/arduino15/packages/arduino/tools/arm-none-eabi-gcc/4.8.3-2014q1/bin/../lib/gcc/arm-none-eabi/4.8.3/../../../../arm-none-eabi/lib/armv7-m\libg.a(lib_a-stdio.o)
                0x00086244                __sseek
 .text.__sclose
                0x00086264        0x8 c:/users/chris/appdata/local/arduino15/packages/arduino/tools/arm-none-eabi-gcc/4.8.3-2014q1/bin/../lib/gcc/arm-none-eabi/4.8.3/../../../../arm-none-eabi/lib/armv7-m\libg.a(lib_a-stdio.o)
                0x00086264                __sclose
 .text.__swbuf_r
                0x0008626c       0xa8 c:/users/chris/appdata/local/arduino15/packages/arduino/tools/arm-none-eabi-gcc/4.8.3-2014q1/bin/../lib/gcc/arm-none-eabi/4.8.3/../../../../arm-none-eabi/lib/armv7-m\libg.a(lib_a-wbuf.o)
                0x0008626c                __swbuf_r
 .text._wcrtomb_r
                0x00086314       0x50 c:/users/chris/appdata/local/arduino15/packages/arduino/tools/arm-none-eabi-gcc/4.8.3-2014q1/bin/../lib/gcc/arm-none-eabi/4.8.3/../../../../arm-none-eabi/lib/armv7-m\libg.a(lib_a-wcrtomb.o)
                0x00086314                _wcrtomb_r
 .text.__ascii_wctomb
                0x00086364       0x1c c:/users/chris/appdata/local/arduino15/packages/arduino/tools/arm-none-eabi-gcc/4.8.3-2014q1/bin/../lib/gcc/arm-none-eabi/4.8.3/../../../../arm-none-eabi/lib/armv7-m\libg.a(lib_a-wctomb_r.o)
                0x00086364                __ascii_wctomb
 .text._write_r
                0x00086380       0x28 c:/users/chris/appdata/local/arduino15/packages/arduino/tools/arm-none-eabi-gcc/4.8.3-2014q1/bin/../lib/gcc/arm-none-eabi/4.8.3/../../../../arm-none-eabi/lib/armv7-m\libg.a(lib_a-writer.o)
                0x00086380                _write_r
 .text._close_r
                0x000863a8       0x24 c:/users/chris/appdata/local/arduino15/packages/arduino/tools/arm-none-eabi-gcc/4.8.3-2014q1/bin/../lib/gcc/arm-none-eabi/4.8.3/../../../../arm-none-eabi/lib/armv7-m\libg.a(lib_a-closer.o)
                0x000863a8                _close_r
 .text._fclose_r
                0x000863cc       0x80 c:/users/chris/appdata/local/arduino15/packages/arduino/tools/arm-none-eabi-gcc/4.8.3-2014q1/bin/../lib/gcc/arm-none-eabi/4.8.3/../../../../arm-none-eabi/lib/armv7-m\libg.a(lib_a-fclose.o)
                0x000863cc                _fclose_r
 .text.fclose   0x0008644c       0x10 c:/users/chris/appdata/local/arduino15/packages/arduino/tools/arm-none-eabi-gcc/4.8.3-2014q1/bin/../lib/gcc/arm-none-eabi/4.8.3/../../../../arm-none-eabi/lib/armv7-m\libg.a(lib_a-fclose.o)
                0x0008644c                fclose
 .text._fstat_r
                0x0008645c       0x28 c:/users/chris/appdata/local/arduino15/packages/arduino/tools/arm-none-eabi-gcc/4.8.3-2014q1/bin/../lib/gcc/arm-none-eabi/4.8.3/../../../../arm-none-eabi/lib/armv7-m\libg.a(lib_a-fstatr.o)
                0x0008645c                _fstat_r
 .text._isatty_r
                0x00086484       0x24 c:/users/chris/appdata/local/arduino15/packages/arduino/tools/arm-none-eabi-gcc/4.8.3-2014q1/bin/../lib/gcc/arm-none-eabi/4.8.3/../../../../arm-none-eabi/lib/armv7-m\libg.a(lib_a-isattyr.o)
                0x00086484                _isatty_r
 .text._lseek_r
                0x000864a8       0x28 c:/users/chris/appdata/local/arduino15/packages/arduino/tools/arm-none-eabi-gcc/4.8.3-2014q1/bin/../lib/gcc/arm-none-eabi/4.8.3/../../../../arm-none-eabi/lib/armv7-m\libg.a(lib_a-lseekr.o)
                0x000864a8                _lseek_r
 .text._read_r  0x000864d0       0x28 c:/users/chris/appdata/local/arduino15/packages/arduino/tools/arm-none-eabi-gcc/4.8.3-2014q1/bin/../lib/gcc/arm-none-eabi/4.8.3/../../../../arm-none-eabi/lib/armv7-m\libg.a(lib_a-readr.o)
                0x000864d0                _read_r
 .text          0x000864f8       0x2c c:/users/chris/appdata/local/arduino15/packages/arduino/tools/arm-none-eabi-gcc/4.8.3-2014q1/bin/../lib/gcc/arm-none-eabi/4.8.3/armv7-m\libgcc.a(_aeabi_uldivmod.o)
                0x000864f8                __aeabi_uldivmod
 .text          0x00086524       0x60 c:/users/chris/appdata/local/arduino15/packages/arduino/tools/arm-none-eabi-gcc/4.8.3-2014q1/bin/../lib/gcc/arm-none-eabi/4.8.3/armv7-m\libgcc.a(bpabi.o)
                0x00086524                __gnu_ldivmod_helper
                0x00086554                __gnu_uldivmod_helper
 .text          0x00086584        0x4 c:/users/chris/appdata/local/arduino15/packages/arduino/tools/arm-none-eabi-gcc/4.8.3-2014q1/bin/../lib/gcc/arm-none-eabi/4.8.3/armv7-m\libgcc.a(_dvmd_tls.o)
                0x00086584                __aeabi_idiv0
                0x00086584                __aeabi_ldiv0
 .text          0x00086588      0x2a0 c:/users/chris/appdata/local/arduino15/packages/arduino/tools/arm-none-eabi-gcc/4.8.3-2014q1/bin/../lib/gcc/arm-none-eabi/4.8.3/armv7-m\libgcc.a(_divdi3.o)
                0x00086588                __divdi3
 .text          0x00086828      0x290 c:/users/chris/appdata/local/arduino15/packages/arduino/tools/arm-none-eabi-gcc/4.8.3-2014q1/bin/../lib/gcc/arm-none-eabi/4.8.3/armv7-m\libgcc.a(_udivdi3.o)
                0x00086828                __udivdi3
 *(.glue_7t)
 .glue_7t       0x00000000        0x0 linker stubs
 *(.glue_7)
 .glue_7        0x00000000        0x0 linker stubs
 *(.rodata .rodata* .gnu.linkonce.r.*)
 .rodata        0x00086ab8        0xa configuracion.cpp.o
 .rodata.str1.1
                0x00086ac2       0x79 configuracion.cpp.o
 *fill*         0x00086b3b        0x5 
 .rodata._ZTV7display
                0x00086b40       0x10 displayLCD.cpp.o
                0x00086b40                vtable for display
 .rodata.str1.1
                0x00086b50       0xca displayLCD.cpp.o
                                 0xcf (size before relaxing)
 .rodata.str1.1
                0x00000000        0x5 estados.cpp.o
 .rodata.str1.1
                0x00086c1a        0xd interrupciones.cpp.o
 .rodata.str1.1
                0x00086c27        0x6 wifi_i2c.cpp.o
 *fill*         0x00086c2d        0x3 
 .rodata._ZTV7TwoWire
                0x00086c30       0x20 Wire\Wire.cpp.o
                0x00086c30                vtable for TwoWire
 .rodata._ZTV21LiquidCrystal_PCF8574
                0x00086c50       0x10 LiquidCrystal_PCF8574\LiquidCrystal_PCF8574.cpp.o
                0x00086c50                vtable for LiquidCrystal_PCF8574
 .rodata        0x00086c60       0x10 LiquidCrystal_PCF8574\LiquidCrystal_PCF8574.cpp.o
 .rodata.g_APinDescription
                0x00086c70      0xa2c C:\Users\chris\AppData\Local\Temp\VMBCore\arduino16x\fe3f83a7e80c02942d0516c7fa29c934\variant\variant.cpp.o
                0x00086c70                g_APinDescription
 .rodata.__func__.7227
                0x0008769c        0xe C:\Users\chris\AppData\Local\arduino15\packages\arduino\hardware\sam\1.6.11\variants\arduino_due_x/libsam_sam3x8e_gcc_rel.a(twi.o)
 .rodata.__func__.7157
                0x000876aa        0xd C:\Users\chris\AppData\Local\arduino15\packages\arduino\hardware\sam\1.6.11\variants\arduino_due_x/libsam_sam3x8e_gcc_rel.a(twi.o)
 .rodata.__func__.7208
                0x000876b7        0xf C:\Users\chris\AppData\Local\arduino15\packages\arduino\hardware\sam\1.6.11\variants\arduino_due_x/libsam_sam3x8e_gcc_rel.a(twi.o)
 .rodata.__func__.7172
                0x000876c6       0x13 C:\Users\chris\AppData\Local\arduino15\packages\arduino\hardware\sam\1.6.11\variants\arduino_due_x/libsam_sam3x8e_gcc_rel.a(twi.o)
 .rodata.__func__.7176
                0x000876d9        0xc C:\Users\chris\AppData\Local\arduino15\packages\arduino\hardware\sam\1.6.11\variants\arduino_due_x/libsam_sam3x8e_gcc_rel.a(twi.o)
 .rodata.str1.1
                0x000876e5       0xb4 C:\Users\chris\AppData\Local\arduino15\packages\arduino\hardware\sam\1.6.11\variants\arduino_due_x/libsam_sam3x8e_gcc_rel.a(twi.o)
 .rodata.__func__.7184
                0x00087799        0x9 C:\Users\chris\AppData\Local\arduino15\packages\arduino\hardware\sam\1.6.11\variants\arduino_due_x/libsam_sam3x8e_gcc_rel.a(twi.o)
 .rodata.__func__.7231
                0x000877a2        0xe C:\Users\chris\AppData\Local\arduino15\packages\arduino\hardware\sam\1.6.11\variants\arduino_due_x/libsam_sam3x8e_gcc_rel.a(twi.o)
 .rodata.__func__.7195
                0x000877b0        0xd C:\Users\chris\AppData\Local\arduino15\packages\arduino\hardware\sam\1.6.11\variants\arduino_due_x/libsam_sam3x8e_gcc_rel.a(twi.o)
 .rodata.__func__.7222
                0x000877bd        0xd C:\Users\chris\AppData\Local\arduino15\packages\arduino\hardware\sam\1.6.11\variants\arduino_due_x/libsam_sam3x8e_gcc_rel.a(twi.o)
 .rodata.__func__.7200
                0x000877ca        0xe C:\Users\chris\AppData\Local\arduino15\packages\arduino\hardware\sam\1.6.11\variants\arduino_due_x/libsam_sam3x8e_gcc_rel.a(twi.o)
 .rodata.__func__.7151
                0x000877d8       0x14 C:\Users\chris\AppData\Local\arduino15\packages\arduino\hardware\sam\1.6.11\variants\arduino_due_x/libsam_sam3x8e_gcc_rel.a(twi.o)
 .rodata        0x000877ec       0x40 C:\Users\chris\AppData\Local\arduino15\packages\arduino\hardware\sam\1.6.11\variants\arduino_due_x/libsam_sam3x8e_gcc_rel.a(adc.o)
 .rodata.str1.1
                0x0008782c       0x19 C:\Users\chris\AppData\Local\Temp\VMBuilds\Due\arduino_due_x_dbg\Debug/core.a(syscalls_sam3.c.o)
 *fill*         0x00087845        0x3 
 .rodata.channelToId.9433
                0x00087848       0x48 C:\Users\chris\AppData\Local\Temp\VMBuilds\Due\arduino_due_x_dbg\Debug/core.a(wiring_analog.c.o)
 .rodata.channelToTC.9432
                0x00087890       0x48 C:\Users\chris\AppData\Local\Temp\VMBuilds\Due\arduino_due_x_dbg\Debug/core.a(wiring_analog.c.o)
 .rodata.channelToChNo.9430
                0x000878d8       0x48 C:\Users\chris\AppData\Local\Temp\VMBuilds\Due\arduino_due_x_dbg\Debug/core.a(wiring_analog.c.o)
 .rodata.channelToAB.9431
                0x00087920       0x48 C:\Users\chris\AppData\Local\Temp\VMBuilds\Due\arduino_due_x_dbg\Debug/core.a(wiring_analog.c.o)
 .rodata.str1.1
                0x00087968        0xf C:\Users\chris\AppData\Local\Temp\VMBuilds\Due\arduino_due_x_dbg\Debug/core.a(Print.cpp.o)
 *fill*         0x00087977        0x1 
 .rodata._ZTV9UARTClass
                0x00087978       0x30 C:\Users\chris\AppData\Local\Temp\VMBuilds\Due\arduino_due_x_dbg\Debug/core.a(UARTClass.cpp.o)
                0x00087978                vtable for UARTClass
 .rodata._ZTV10USARTClass
                0x000879a8       0x30 C:\Users\chris\AppData\Local\Temp\VMBuilds\Due\arduino_due_x_dbg\Debug/core.a(USARTClass.cpp.o)
                0x000879a8                vtable for USARTClass
 .rodata.STRING_PRODUCT
                0x000879d8        0xc C:\Users\chris\AppData\Local\Temp\VMBuilds\Due\arduino_due_x_dbg\Debug/core.a(USBCore.cpp.o)
                0x000879d8                STRING_PRODUCT
 .rodata.USB_DeviceDescriptor
                0x000879e4       0x12 C:\Users\chris\AppData\Local\Temp\VMBuilds\Due\arduino_due_x_dbg\Debug/core.a(USBCore.cpp.o)
                0x000879e4                USB_DeviceDescriptor
 .rodata.STRING_LANGUAGE
                0x000879f6        0x4 C:\Users\chris\AppData\Local\Temp\VMBuilds\Due\arduino_due_x_dbg\Debug/core.a(USBCore.cpp.o)
                0x000879f6                STRING_LANGUAGE
 .rodata._ZL18test_packet_buffer
                0x000879fa       0x35 C:\Users\chris\AppData\Local\Temp\VMBuilds\Due\arduino_due_x_dbg\Debug/core.a(USBCore.cpp.o)
 .rodata.STRING_MANUFACTURER
                0x00087a2f        0xc C:\Users\chris\AppData\Local\Temp\VMBuilds\Due\arduino_due_x_dbg\Debug/core.a(USBCore.cpp.o)
                0x00087a2f                STRING_MANUFACTURER
 .rodata.USB_DeviceDescriptorA
                0x00087a3b       0x12 C:\Users\chris\AppData\Local\Temp\VMBuilds\Due\arduino_due_x_dbg\Debug/core.a(USBCore.cpp.o)
                0x00087a3b                USB_DeviceDescriptorA
 .rodata._ZL19USB_DeviceQualifier
                0x00087a4d        0x9 C:\Users\chris\AppData\Local\Temp\VMBuilds\Due\arduino_due_x_dbg\Debug/core.a(USBCore.cpp.o)
 *fill*         0x00087a56        0x2 
 .rodata._ZTV7Serial_
                0x00087a58       0x28 C:\Users\chris\AppData\Local\Temp\VMBuilds\Due\arduino_due_x_dbg\Debug/core.a(CDC.cpp.o)
                0x00087a58                vtable for Serial_
 .rodata._ZL18_cdcOtherInterface
                0x00087a80       0x42 C:\Users\chris\AppData\Local\Temp\VMBuilds\Due\arduino_due_x_dbg\Debug/core.a(CDC.cpp.o)
 .rodata._ZL13_cdcInterface
                0x00087ac2       0x42 C:\Users\chris\AppData\Local\Temp\VMBuilds\Due\arduino_due_x_dbg\Debug/core.a(CDC.cpp.o)